03-23 10:36:28.746   553   568 D TelephonyRegistryManager: onSubscriptionsChangedListener callback received.
03-23 10:36:28.746   712  1202 D TelephonyRegistryManager: onSubscriptionsChangedListener callback received.
03-23 10:36:28.747   745  1131 D TelephonyRegistryManager: onSubscriptionsChangedListener callback received.
03-23 10:36:28.747   745  1069 D TelephonyRegistryManager: onSubscriptionsChangedListener callback received.
03-23 10:36:28.747   961  1232 D TelephonyRegistryManager: onSubscriptionsChangedListener callback received.
03-23 10:36:28.747   961   997 D TelephonyRegistryManager: onSubscriptionsChangedListener callback received.
03-23 10:36:28.747   961   991 D TelephonyRegistryManager: onSubscriptionsChangedListener callback received.
03-23 10:36:28.747   961  1210 D TelephonyRegistryManager: onSubscriptionsChangedListener callback received.
03-23 10:36:28.747   961  1211 D TelephonyRegistryManager: onSubscriptionsChangedListener callback received.
03-23 10:36:28.747   961   993 D TelephonyRegistryManager: onSubscriptionsChangedListener callback received.
03-23 10:36:28.747   961  1232 D TelephonyRegistryManager: onSubscriptionsChangedListener callback received.
03-23 10:36:28.747   712  1181 D HeadsetPhoneState: sendDeviceStateChanged. mService=0 mSignal=0 mRoam=0 mBatteryCharge=5
03-23 10:36:28.748   553   659 W BestClock: java.time.DateTimeException: Missing NTP fix
03-23 10:36:28.749   553   659 W BestClock: java.time.DateTimeException: Missing NTP fix
03-23 10:36:28.749   712  1181 I HeadsetPhoneState: stopListenForPhoneState(), no listener indicates nothing is listening
03-23 10:36:28.749   712  1181 W HeadsetPhoneState: startListenForPhoneState, no event to listen
03-23 10:36:28.796   553   664 D WifiCountryCode: Country code changed
03-23 10:36:28.796   553   664 D WifiCountryCode: Set telephony country code to: 
03-23 10:36:28.796   553   664 D WifiCountryCode: Reading country code from telephony
03-23 10:36:28.797   553   664 D WifiCountryCode: Set telephony country code to: 
03-23 10:36:28.797   553   664 D WifiCountryCode: updateCountryCode to null
03-23 10:36:28.811   961   961 D ServiceStateProvider: subId=-1
03-23 10:36:28.849   961   961 I VvmSimStateTracker: android.intent.action.SIM_STATE_CHANGED
03-23 10:36:28.855   961   961 I Telephony: TelecomAccountRegistry: onSubscriptionsChanged - update accounts
03-23 10:36:28.856   961   961 I Telephony: TelecomAccountRegistry: setupAccounts: Found 1 phones.  Attempting to register.
03-23 10:36:28.856   961   961 I Telephony: TelecomAccountRegistry: setupAccounts: Phone with subscription id -1
03-23 10:36:28.858   961   961 D Telephony: TelecomAccountRegistry: setupAccounts: skipping invalid subid -1
03-23 10:36:28.858   961   961 I Telephony: setupAccounts: adding default
03-23 10:36:28.860   961   961 E PhoneInterfaceManager: [PhoneIntfMgr] getIccId: No UICC
03-23 10:36:28.861   961   961 D Telephony: isEmergencyPreferredAccount: subId=-1, activeData=-1
03-23 10:36:28.861   961   961 D Telephony: isEmergencyPreferredAccount: Device does not require preference.
03-23 10:36:28.861   961   961 I Telephony: isRttCurrentlySupported -- emergency acct and no device support
03-23 10:36:28.894   287   287 D Zygote  : Forked child process 1235
03-23 10:36:28.911   961   961 I Telephony: AccountEntry: Registered phoneAccount: [[ ] PhoneAccount: ComponentInfo{com.android.phone/com.android.services.telephony.TelephonyConnectionService}, ***, UserHandle{0} Capabilities: CallProvider MultiUser PlaceEmerg SimSub  Audio Routes: BESW Schemes: tel voicemail  Extras: Bundle[{android.telecom.extra.SUPPORTS_VIDEO_CALLING_FALLBACK=true}] GroupId: ***] with handle: ComponentInfo{com.android.phone/com.android.services.telephony.TelephonyConnectionService}, ***, UserHandle{0}
03-23 10:36:28.911   961   961 I Telephony: PstnIncomingCallNotifier: Registering: Handler (com.android.internal.telephony.GsmCdmaPhone) {64e4266}
03-23 10:36:28.911   961   961 D Telephony: Registering: Handler (com.android.internal.telephony.GsmCdmaPhone) {64e4266}
03-23 10:36:28.912   961   961 I Telephony: TelecomAccountRegistry: Unregistering phone account ComponentInfo{com.android.phone/com.android.services.telephony.TelephonyConnectionService}, ***, UserHandle{0}.
03-23 10:36:28.915   961   961 D MultiSimSettingController: onSubscriptionsChanged
03-23 10:36:28.918   961   961 I Telephony: TelecomAccountRegistry: onSubscriptionsChanged - update accounts
03-23 10:36:28.918   961   961 I Telephony: PstnIncomingCallNotifier: Unregistering: Handler (com.android.internal.telephony.GsmCdmaPhone) {64e4266}
03-23 10:36:28.918   961   961 D Telephony: Unregistering: Handler (com.android.internal.telephony.GsmCdmaPhone) {64e4266}
03-23 10:36:28.918   961   961 I Telephony: TelecomAccountRegistry: setupAccounts: Found 1 phones.  Attempting to register.
03-23 10:36:28.919   961   961 I Telephony: TelecomAccountRegistry: setupAccounts: Phone with subscription id -1
03-23 10:36:28.919   961   961 D Telephony: TelecomAccountRegistry: setupAccounts: skipping invalid subid -1
03-23 10:36:28.919   961   961 I Telephony: setupAccounts: adding default
03-23 10:36:28.920   961   961 E PhoneInterfaceManager: [PhoneIntfMgr] getIccId: No UICC
03-23 10:36:28.920   961   961 D Telephony: isEmergencyPreferredAccount: subId=-1, activeData=-1
03-23 10:36:28.920   961   961 D Telephony: isEmergencyPreferredAccount: Device does not require preference.
03-23 10:36:28.921   961   961 I Telephony: isRttCurrentlySupported -- emergency acct and no device support
03-23 10:36:28.936   961   961 I Telephony: AccountEntry: Registered phoneAccount: [[ ] PhoneAccount: ComponentInfo{com.android.phone/com.android.services.telephony.TelephonyConnectionService}, ***, UserHandle{0} Capabilities: CallProvider MultiUser PlaceEmerg SimSub  Audio Routes: BESW Schemes: tel voicemail  Extras: Bundle[{android.telecom.extra.SUPPORTS_VIDEO_CALLING_FALLBACK=true}] GroupId: ***] with handle: ComponentInfo{com.android.phone/com.android.services.telephony.TelephonyConnectionService}, ***, UserHandle{0}
03-23 10:36:28.937   961   961 I Telephony: PstnIncomingCallNotifier: Registering: Handler (com.android.internal.telephony.GsmCdmaPhone) {64e4266}
03-23 10:36:28.937   961   961 D Telephony: Registering: Handler (com.android.internal.telephony.GsmCdmaPhone) {64e4266}
03-23 10:36:28.938   961   961 D MultiSimSettingController: onSubscriptionsChanged
03-23 10:36:28.939   961   961 I Telephony: Locale change; re-registering phone accounts.
03-23 10:36:28.939   961   961 I Telephony: PstnIncomingCallNotifier: Unregistering: Handler (com.android.internal.telephony.GsmCdmaPhone) {64e4266}
03-23 10:36:28.939   961   961 D Telephony: Unregistering: Handler (com.android.internal.telephony.GsmCdmaPhone) {64e4266}
03-23 10:36:28.939   961   961 I Telephony: TelecomAccountRegistry: setupAccounts: Found 1 phones.  Attempting to register.
03-23 10:36:28.939   961   961 I Telephony: TelecomAccountRegistry: setupAccounts: Phone with subscription id -1
03-23 10:36:28.939   961   961 D Telephony: TelecomAccountRegistry: setupAccounts: skipping invalid subid -1
03-23 10:36:28.939   961   961 I Telephony: setupAccounts: adding default
03-23 10:36:28.940   961   961 E PhoneInterfaceManager: [PhoneIntfMgr] getIccId: No UICC
03-23 10:36:28.941   961   961 D Telephony: isEmergencyPreferredAccount: subId=-1, activeData=-1
03-23 10:36:28.941   961   961 D Telephony: isEmergencyPreferredAccount: Device does not require preference.
03-23 10:36:28.941   961   961 I Telephony: isRttCurrentlySupported -- emergency acct and no device support
03-23 10:36:28.947   961   961 I Telephony: AccountEntry: Registered phoneAccount: [[ ] PhoneAccount: ComponentInfo{com.android.phone/com.android.services.telephony.TelephonyConnectionService}, ***, UserHandle{0} Capabilities: CallProvider MultiUser PlaceEmerg SimSub  Audio Routes: BESW Schemes: tel voicemail  Extras: Bundle[{android.telecom.extra.SUPPORTS_VIDEO_CALLING_FALLBACK=true}] GroupId: ***] with handle: ComponentInfo{com.android.phone/com.android.services.telephony.TelephonyConnectionService}, ***, UserHandle{0}
03-23 10:36:28.947   961   961 I Telephony: PstnIncomingCallNotifier: Registering: Handler (com.android.internal.telephony.GsmCdmaPhone) {64e4266}
03-23 10:36:28.947   961   961 D Telephony: Registering: Handler (com.android.internal.telephony.GsmCdmaPhone) {64e4266}
03-23 10:36:28.948   961   961 W PhoneGlobals: Can't get phone with sub id = -1
03-23 10:36:28.956  1235  1235 W .gms.persisten: Unexpected CPU variant for X86 using defaults: x86
03-23 10:36:29.005   961   961 D IntentBroadcaster: Broadcasting and adding intent for rebroadcast: android.intent.action.SIM_STATE_CHANGED READY for phoneId 0
03-23 10:36:29.006   961   961 D Telephony: isEmergencyPreferredAccount: subId=-1, activeData=-1
03-23 10:36:29.015   961   961 D Telephony: isEmergencyPreferredAccount: Device does not require preference.
03-23 10:36:29.017   382   435 I adbd    : jdwp connection from 1235
03-23 10:36:29.020   961   961 I Telephony: handleVideoCapabilitesChanged. Video capability - false
03-23 10:36:29.021   961   961 I chatty  : uid=1001(radio) com.android.phone identical 1 line
03-23 10:36:29.072   961   961 I Telephony: handleVideoCapabilitesChanged. Video capability - false
03-23 10:36:29.076   961   961 E PhoneInterfaceManager: [PhoneIntfMgr] getIccId: No UICC
03-23 10:36:29.076   961   961 D Telephony: isEmergencyPreferredAccount: subId=-1, activeData=-1
03-23 10:36:29.077   961   961 D Telephony: isEmergencyPreferredAccount: Device does not require preference.
03-23 10:36:29.077   961   961 I Telephony: isRttCurrentlySupported -- emergency acct and no device support
03-23 10:36:29.157   553  1223 D TelephonyRegistryManager: onSubscriptionsChangedListener callback received.
03-23 10:36:29.157   553  1223 I chatty  : uid=1000(system) Binder:553_A identical 3 lines
03-23 10:36:29.157   553  1223 D TelephonyRegistryManager: onSubscriptionsChangedListener callback received.
03-23 10:36:29.157   745  1069 D TelephonyRegistryManager: onSubscriptionsChangedListener callback received.
03-23 10:36:29.157   712  1202 D TelephonyRegistryManager: onSubscriptionsChangedListener callback received.
03-23 10:36:29.158   745  1131 D TelephonyRegistryManager: onSubscriptionsChangedListener callback received.
03-23 10:36:29.158   961  1233 D TelephonyRegistryManager: onSubscriptionsChangedListener callback received.
03-23 10:36:29.158   961  1210 D TelephonyRegistryManager: onSubscriptionsChangedListener callback received.
03-23 10:36:29.158   961  1233 D TelephonyRegistryManager: onSubscriptionsChangedListener callback received.
03-23 10:36:29.158   961  1232 D TelephonyRegistryManager: onSubscriptionsChangedListener callback received.
03-23 10:36:29.158   961   993 D TelephonyRegistryManager: onSubscriptionsChangedListener callback received.
03-23 10:36:29.158   961   991 D TelephonyRegistryManager: onSubscriptionsChangedListener callback received.
03-23 10:36:29.158   961   997 D TelephonyRegistryManager: onSubscriptionsChangedListener callback received.
03-23 10:36:29.159   712  1181 I HeadsetPhoneState: stopListenForPhoneState(), no listener indicates nothing is listening
03-23 10:36:29.159   712  1181 W HeadsetPhoneState: startListenForPhoneState, no event to listen
03-23 10:36:29.161   553   659 W BestClock: java.time.DateTimeException: Missing NTP fix
03-23 10:36:29.161   553   659 W BestClock: java.time.DateTimeException: Missing NTP fix
03-23 10:36:29.186  1235  1235 I .gms.persisten: The ClassLoaderContext is a special shared library.
03-23 10:36:29.203   961   961 D ServiceStateProvider: subId=-1
03-23 10:36:29.210  1235  1235 I .gms.persisten: The ClassLoaderContext is a special shared library.
03-23 10:36:29.252   961   961 I PhoneGlobals: Dismissing depersonal panel
03-23 10:36:29.253   961   961 I Telephony: TelecomAccountRegistry: onSubscriptionsChanged - update accounts
03-23 10:36:29.253   961   961 I Telephony: PstnIncomingCallNotifier: Unregistering: Handler (com.android.internal.telephony.GsmCdmaPhone) {64e4266}
03-23 10:36:29.253   961   961 D Telephony: Unregistering: Handler (com.android.internal.telephony.GsmCdmaPhone) {64e4266}
03-23 10:36:29.254   961   961 I Telephony: TelecomAccountRegistry: setupAccounts: Found 1 phones.  Attempting to register.
03-23 10:36:29.254   961   961 I Telephony: TelecomAccountRegistry: setupAccounts: Phone with subscription id -1
03-23 10:36:29.254   961   961 D Telephony: TelecomAccountRegistry: setupAccounts: skipping invalid subid -1
03-23 10:36:29.254   961   961 I Telephony: setupAccounts: adding default
03-23 10:36:29.257   961   961 E PhoneInterfaceManager: [PhoneIntfMgr] getIccId: No UICC
03-23 10:36:29.258   961   961 D Telephony: isEmergencyPreferredAccount: subId=-1, activeData=-1
03-23 10:36:29.258   961   961 D Telephony: isEmergencyPreferredAccount: Device does not require preference.
03-23 10:36:29.258   961   961 I Telephony: isRttCurrentlySupported -- emergency acct and no device support
03-23 10:36:29.295   961   961 I Telephony: AccountEntry: Registered phoneAccount: [[ ] PhoneAccount: ComponentInfo{com.android.phone/com.android.services.telephony.TelephonyConnectionService}, ***, UserHandle{0} Capabilities: CallProvider MultiUser PlaceEmerg SimSub  Audio Routes: BESW Schemes: tel voicemail  Extras: Bundle[{android.telecom.extra.SUPPORTS_VIDEO_CALLING_FALLBACK=true}] GroupId: ***] with handle: ComponentInfo{com.android.phone/com.android.services.telephony.TelephonyConnectionService}, ***, UserHandle{0}
03-23 10:36:29.296   961   961 I Telephony: PstnIncomingCallNotifier: Registering: Handler (com.android.internal.telephony.GsmCdmaPhone) {64e4266}
03-23 10:36:29.296   961   961 D Telephony: Registering: Handler (com.android.internal.telephony.GsmCdmaPhone) {64e4266}
03-23 10:36:29.300   961   961 D MultiSimSettingController: onSubscriptionsChanged
03-23 10:36:29.304   553   664 D WifiCountryCode: Country code changed
03-23 10:36:29.304   553   664 D WifiCountryCode: Set telephony country code to: us
03-23 10:36:29.305   553   664 D WifiCountryCode: updateCountryCode to US
03-23 10:36:29.306   553   664 D WifiCountryCode: Succeeded to set country code to: US
03-23 10:36:29.307   961   961 W PhoneGlobals: Can't get phone with sub id = -1
03-23 10:36:29.382   961   961 I Telephony: handleVideoCapabilitesChanged. Video capability - false
03-23 10:36:29.387   745  1005 D HostConnection: HostConnection::get() New Host Connection established 0xec3a4270, tid 1005
03-23 10:36:29.388   961   961 E PhoneInterfaceManager: [PhoneIntfMgr] getIccId: No UICC
03-23 10:36:29.388   961   961 D Telephony: isEmergencyPreferredAccount: subId=-1, activeData=-1
03-23 10:36:29.388   961   961 D Telephony: isEmergencyPreferredAccount: Device does not require preference.
03-23 10:36:29.388   961   961 I Telephony: isRttCurrentlySupported -- emergency acct and no device support
03-23 10:36:29.399   553   563 I system_server: Background concurrent copying GC freed 94280(5785KB) AllocSpace objects, 42(1672KB) LOS objects, 49% free, 9463KB/18MB, paused 393us total 249.287ms
03-23 10:36:29.409   745  1005 D HostConnection: HostComposition ext ANDROID_EMU_CHECKSUM_HELPER_v1 ANDROID_EMU_native_sync_v2 ANDROID_EMU_native_sync_v3 ANDROID_EMU_native_sync_v4 ANDROID_EMU_dma_v1 ANDROID_EMU_direct_mem ANDROID_EMU_host_composition_v1 ANDROID_EMU_host_composition_v2 ANDROID_EMU_vulkan ANDROID_EMU_deferred_vulkan_commands ANDROID_EMU_vulkan_null_optional_strings ANDROID_EMU_vulkan_create_resources_with_requirements ANDROID_EMU_YUV_Cache ANDROID_EMU_vulkan_ignored_handles ANDROID_EMU_has_shared_slots_host_memory_allocator ANDROID_EMU_vulkan_free_memory_sync ANDROID_EMU_vulkan_shader_float16_int8 ANDROID_EMU_vulkan_async_queue_submit ANDROID_EMU_sync_buffer_data ANDROID_EMU_read_color_buffer_dma GL_OES_vertex_array_object GL_KHR_texture_compression_astc_ldr ANDROID_EMU_host_side_tracing ANDROID_EMU_gles_max_version_2 
03-23 10:36:29.412   177   177 I hwservicemanager: getTransport: Cannot find entry android.hardware.configstore@1.0::ISurfaceFlingerConfigs/default in either framework or device manifest.
03-23 10:36:29.412   745   745 D BluetoothA2dp: Proxy object connected
03-23 10:36:29.413   745  1005 D EglHelper: createEglContext start
03-23 10:36:29.415   303   341 D goldfish-address-space: claimShared: Ask to claim region [0x3f8000000 0x3f8e10000]
03-23 10:36:29.418   745   745 D BluetoothMap: Proxy object connected
03-23 10:36:29.418   745   745 D BluetoothMap: getConnectedDevices()
03-23 10:36:29.429   745  1005 D EGL_emulation: eglCreateContext: 0xec3a3860: maj 2 min 0 rcv 2
03-23 10:36:29.429   745  1005 D EglHelper: createEglContext done
03-23 10:36:29.429   745  1005 D EglHelper: createEglSurface start
03-23 10:36:29.430   303   303 D goldfish-address-space: claimShared: Ask to claim region [0x3fb840000 0x3fbd1b000]
03-23 10:36:29.435   745   745 D BluetoothHidHost: Proxy object connected
03-23 10:36:29.435   177   177 I hwservicemanager: getTransport: Cannot find entry android.hardware.graphics.mapper@4.0::IMapper/default in either framework or device manifest.
03-23 10:36:29.437   745  1005 I Gralloc4: mapper 4.x is not supported
03-23 10:36:29.438   961   961 I Telephony: Locale change; re-registering phone accounts.
03-23 10:36:29.438   961   961 I Telephony: PstnIncomingCallNotifier: Unregistering: Handler (com.android.internal.telephony.GsmCdmaPhone) {64e4266}
03-23 10:36:29.438   961   961 D Telephony: Unregistering: Handler (com.android.internal.telephony.GsmCdmaPhone) {64e4266}
03-23 10:36:29.438   961   961 I Telephony: TelecomAccountRegistry: setupAccounts: Found 1 phones.  Attempting to register.
03-23 10:36:29.438   961   961 I Telephony: TelecomAccountRegistry: setupAccounts: Phone with subscription id -1
03-23 10:36:29.438   745  1005 D HostConnection: createUnique: call
03-23 10:36:29.438   961   961 D Telephony: TelecomAccountRegistry: setupAccounts: skipping invalid subid -1
03-23 10:36:29.438   961   961 I Telephony: setupAccounts: adding default
03-23 10:36:29.439   745  1005 D HostConnection: HostConnection::get() New Host Connection established 0xec3a4350, tid 1005
03-23 10:36:29.439   745  1005 D goldfish-address-space: allocate: Ask for block of size 0x100
03-23 10:36:29.442   961   961 E PhoneInterfaceManager: [PhoneIntfMgr] getIccId: No UICC
03-23 10:36:29.440   745  1005 D goldfish-address-space: allocate: ioctl allocate returned offset 0x3f7ffe000 size 0x2000
03-23 10:36:29.443   745   745 D BluetoothHidDevice: Proxy object connected
03-23 10:36:29.456   303   303 D goldfish-address-space: claimShared: Ask to claim region [0x3f8e10000 0x3f9c20000]
03-23 10:36:29.466   745   745 D BluetoothPan: Proxy object connected
03-23 10:36:29.467   961   961 D Telephony: isEmergencyPreferredAccount: subId=-1, activeData=-1
03-23 10:36:29.467   961   961 D Telephony: isEmergencyPreferredAccount: Device does not require preference.
03-23 10:36:29.468   961   961 I Telephony: isRttCurrentlySupported -- emergency acct and no device support
03-23 10:36:29.479   745  1005 D HostConnection: HostComposition ext ANDROID_EMU_CHECKSUM_HELPER_v1 ANDROID_EMU_native_sync_v2 ANDROID_EMU_native_sync_v3 ANDROID_EMU_native_sync_v4 ANDROID_EMU_dma_v1 ANDROID_EMU_direct_mem ANDROID_EMU_host_composition_v1 ANDROID_EMU_host_composition_v2 ANDROID_EMU_vulkan ANDROID_EMU_deferred_vulkan_commands ANDROID_EMU_vulkan_null_optional_strings ANDROID_EMU_vulkan_create_resources_with_requirements ANDROID_EMU_YUV_Cache ANDROID_EMU_vulkan_ignored_handles ANDROID_EMU_has_shared_slots_host_memory_allocator ANDROID_EMU_vulkan_free_memory_sync ANDROID_EMU_vulkan_shader_float16_int8 ANDROID_EMU_vulkan_async_queue_submit ANDROID_EMU_sync_buffer_data ANDROID_EMU_read_color_buffer_dma GL_OES_vertex_array_object GL_KHR_texture_compression_astc_ldr ANDROID_EMU_host_side_tracing ANDROID_EMU_gles_max_version_2 
03-23 10:36:29.521   303   303 D goldfish-address-space: claimShared: Ask to claim region [0x3f9c20000 0x3faa30000]
03-23 10:36:29.521   745  1005 D EGL_emulation: eglMakeCurrent: 0xec3a3860: ver 2 0 (tinfo 0xec6fff70) (first time)
03-23 10:36:29.523   745  1005 D EglHelper: createEglSurface done
03-23 10:36:29.531   961   961 I Telephony: AccountEntry: Registered phoneAccount: [[ ] PhoneAccount: ComponentInfo{com.android.phone/com.android.services.telephony.TelephonyConnectionService}, ***, UserHandle{0} Capabilities: CallProvider MultiUser PlaceEmerg SimSub  Audio Routes: BESW Schemes: tel voicemail  Extras: Bundle[{android.telecom.extra.SUPPORTS_VIDEO_CALLING_FALLBACK=true}] GroupId: ***] with handle: ComponentInfo{com.android.phone/com.android.services.telephony.TelephonyConnectionService}, ***, UserHandle{0}
03-23 10:36:29.531   961   961 I Telephony: PstnIncomingCallNotifier: Registering: Handler (com.android.internal.telephony.GsmCdmaPhone) {64e4266}
03-23 10:36:29.531   961   961 D Telephony: Registering: Handler (com.android.internal.telephony.GsmCdmaPhone) {64e4266}
03-23 10:36:29.564   961   961 I Telephony: handleVideoCapabilitesChanged. Video capability - false
03-23 10:36:29.564   961   961 E PhoneInterfaceManager: [PhoneIntfMgr] getIccId: No UICC
03-23 10:36:29.565   961   961 D Telephony: isEmergencyPreferredAccount: subId=-1, activeData=-1
03-23 10:36:29.565   961   961 D Telephony: isEmergencyPreferredAccount: Device does not require preference.
03-23 10:36:29.565   961   961 I Telephony: isRttCurrentlySupported -- emergency acct and no device support
03-23 10:36:29.580   553   988 D BufferPoolAccessor2.0: bufferpool2 0xec09dd38 : 0(0 size) total buffers - 0(0 size) used buffers - 2/9 (recycle/alloc) - 11/26 (fetch/transfer)
03-23 10:36:29.580   553   988 D BufferPoolAccessor2.0: bufferpool2 0xec08fe18 : 0(0 size) total buffers - 0(0 size) used buffers - 2/9 (recycle/alloc) - 7/18 (fetch/transfer)
03-23 10:36:29.580   553   988 D BufferPoolAccessor2.0: bufferpool2 0xec08d9f8 : 0(0 size) total buffers - 0(0 size) used buffers - 3/9 (recycle/alloc) - 6/24 (fetch/transfer)
03-23 10:36:29.580   553   988 D BufferPoolAccessor2.0: evictor expired: 3, evicted: 3
03-23 10:36:29.593   442   913 D BufferPoolAccessor2.0: bufferpool2 0xf1543878 : 0(0 size) total buffers - 0(0 size) used buffers - 7/10 (recycle/alloc) - 3/9 (fetch/transfer)
03-23 10:36:29.593   442   913 D BufferPoolAccessor2.0: bufferpool2 0xf1542008 : 0(0 size) total buffers - 0(0 size) used buffers - 2/7 (recycle/alloc) - 5/6 (fetch/transfer)
03-23 10:36:29.593   442   913 D BufferPoolAccessor2.0: bufferpool2 0xf1541568 : 0(0 size) total buffers - 0(0 size) used buffers - 7/11 (recycle/alloc) - 4/10 (fetch/transfer)
03-23 10:36:29.593   442   913 D BufferPoolAccessor2.0: evictor expired: 3, evicted: 3
03-23 10:36:29.604   745   745 I Choreographer: Skipped 91 frames!  The application may be doing too much work on its main thread.
03-23 10:36:29.606   553   568 D TelephonyRegistryManager: onSubscriptionsChangedListener callback received.
03-23 10:36:29.606   553   568 I chatty  : uid=1000(system) Binder:553_2 identical 3 lines
03-23 10:36:29.606   553   568 D TelephonyRegistryManager: onSubscriptionsChangedListener callback received.
03-23 10:36:29.607   961   993 D TelephonyRegistryManager: onSubscriptionsChangedListener callback received.
03-23 10:36:29.607   961  1233 D TelephonyRegistryManager: onSubscriptionsChangedListener callback received.
03-23 10:36:29.607   961  1211 D TelephonyRegistryManager: onSubscriptionsChangedListener callback received.
03-23 10:36:29.608   961  1210 D TelephonyRegistryManager: onSubscriptionsChangedListener callback received.
03-23 10:36:29.608   712   730 D TelephonyRegistryManager: onSubscriptionsChangedListener callback received.
03-23 10:36:29.608   961  1232 D TelephonyRegistryManager: onSubscriptionsChangedListener callback received.
03-23 10:36:29.609   961  1257 D TelephonyRegistryManager: onSubscriptionsChangedListener callback received.
03-23 10:36:29.609   961   997 D TelephonyRegistryManager: onSubscriptionsChangedListener callback received.
03-23 10:36:29.609   745  1160 D TelephonyRegistryManager: onSubscriptionsChangedListener callback received.
03-23 10:36:29.609   712  1181 I HeadsetPhoneState: stopListenForPhoneState(), no listener indicates nothing is listening
03-23 10:36:29.609   712  1181 W HeadsetPhoneState: startListenForPhoneState, no event to listen
03-23 10:36:29.611   553   659 W BestClock: java.time.DateTimeException: Missing NTP fix
03-23 10:36:29.612   745  1069 D TelephonyRegistryManager: onSubscriptionsChangedListener callback received.
03-23 10:36:29.612   553   659 W BestClock: java.time.DateTimeException: Missing NTP fix
03-23 10:36:29.622   961   961 I Telephony: TelecomAccountRegistry: onSubscriptionsChanged - update accounts
03-23 10:36:29.623   961   961 I Telephony: PstnIncomingCallNotifier: Unregistering: Handler (com.android.internal.telephony.GsmCdmaPhone) {64e4266}
03-23 10:36:29.623   961   961 D Telephony: Unregistering: Handler (com.android.internal.telephony.GsmCdmaPhone) {64e4266}
03-23 10:36:29.623   961   961 I Telephony: TelecomAccountRegistry: setupAccounts: Found 1 phones.  Attempting to register.
03-23 10:36:29.623   961   961 I Telephony: TelecomAccountRegistry: setupAccounts: Phone with subscription id -1
03-23 10:36:29.623   961   961 D Telephony: TelecomAccountRegistry: setupAccounts: skipping invalid subid -1
03-23 10:36:29.624   961   961 I Telephony: setupAccounts: adding default
03-23 10:36:29.624   961   961 E PhoneInterfaceManager: [PhoneIntfMgr] getIccId: No UICC
03-23 10:36:29.624  1235  1235 I .gms.persisten: The ClassLoaderContext is a special shared library.
03-23 10:36:29.625   961   961 D Telephony: isEmergencyPreferredAccount: subId=-1, activeData=-1
03-23 10:36:29.625   961   961 D Telephony: isEmergencyPreferredAccount: Device does not require preference.
03-23 10:36:29.625   961   961 I Telephony: isRttCurrentlySupported -- emergency acct and no device support
03-23 10:36:29.638  1235  1235 D nativeloader: classloader namespace configured for unbundled product apk. library_path=/product/priv-app/PrebuiltGmsCore/lib/x86:/product/priv-app/PrebuiltGmsCore/PrebuiltGmsCore.apk!/lib/x86:/product/lib:/system/product/lib
03-23 10:36:29.653   745  1216 D HostConnection: HostConnection::get() New Host Connection established 0xec3a62d0, tid 1216
03-23 10:36:29.664   745  1073 D BufferPoolAccessor2.0: bufferpool2 0xec087a58 : 0(0 size) total buffers - 0(0 size) used buffers - 1/9 (recycle/alloc) - 8/36 (fetch/transfer)
03-23 10:36:29.664   745  1073 D BufferPoolAccessor2.0: evictor expired: 1, evicted: 1
03-23 10:36:29.666   961   961 I Telephony: AccountEntry: Registered phoneAccount: [[ ] PhoneAccount: ComponentInfo{com.android.phone/com.android.services.telephony.TelephonyConnectionService}, ***, UserHandle{0} Capabilities: CallProvider MultiUser PlaceEmerg SimSub  Audio Routes: BESW Schemes: tel voicemail  Extras: Bundle[{android.telecom.extra.SUPPORTS_VIDEO_CALLING_FALLBACK=true}] GroupId: ***] with handle: ComponentInfo{com.android.phone/com.android.services.telephony.TelephonyConnectionService}, ***, UserHandle{0}
03-23 10:36:29.670   553   655 W Binder  : Caught a RuntimeException from the binder stub implementation.
03-23 10:36:29.670   553   655 W Binder  : java.lang.IllegalArgumentException: Requested window null does not exist
03-23 10:36:29.670   553   655 W Binder  : 	at com.android.server.wm.WindowManagerService.windowForClientLocked(WindowManagerService.java:5433)
03-23 10:36:29.670   553   655 W Binder  : 	at com.android.server.wm.Session.actionOnWallpaper(Session.java:356)
03-23 10:36:29.670   553   655 W Binder  : 	at com.android.server.wm.Session.setWallpaperZoomOut(Session.java:382)
03-23 10:36:29.670   553   655 W Binder  : 	at android.view.IWindowSession$Stub.onTransact(IWindowSession.java:1154)
03-23 10:36:29.670   553   655 W Binder  : 	at com.android.server.wm.Session.onTransact(Session.java:139)
03-23 10:36:29.670   553   655 W Binder  : 	at android.os.Binder.execTransactInternal(Binder.java:1159)
03-23 10:36:29.670   553   655 W Binder  : 	at android.os.Binder.execTransact(Binder.java:1123)
03-23 10:36:29.672   961   961 I Telephony: PstnIncomingCallNotifier: Registering: Handler (com.android.internal.telephony.GsmCdmaPhone) {64e4266}
03-23 10:36:29.672   961   961 D Telephony: Registering: Handler (com.android.internal.telephony.GsmCdmaPhone) {64e4266}
03-23 10:36:29.673   961   961 D MultiSimSettingController: onSubscriptionsChanged
03-23 10:36:29.687   961  1082 I m.android.phon: Waiting for a blocking GC ProfileSaver
03-23 10:36:29.704   961   961 I Telephony: handleVideoCapabilitesChanged. Video capability - false
03-23 10:36:29.709   961   961 E PhoneInterfaceManager: [PhoneIntfMgr] getIccId: No UICC
03-23 10:36:29.709   961   961 D Telephony: isEmergencyPreferredAccount: subId=-1, activeData=-1
03-23 10:36:29.709   961   961 D Telephony: isEmergencyPreferredAccount: Device does not require preference.
03-23 10:36:29.709   961   961 I Telephony: isRttCurrentlySupported -- emergency acct and no device support
03-23 10:36:29.783   961  1082 I m.android.phon: WaitForGcToComplete blocked ProfileSaver on RunEmptyCheckpoint for 96.524ms
03-23 10:36:29.822   961   961 D TelephonyProvider: subIdString = 1 subId = 1
03-23 10:36:29.876   553   553 D WifiService: resetting networks as default data SIM is changed
03-23 10:36:29.876   553   664 D WifiClientModeImpl: resetting EAP-SIM/AKA/AKA' networks since SIM was changed
03-23 10:36:29.915   961   961 D TelephonyProvider: subIdString = 1 subId = 1
03-23 10:36:29.982   553   655 D TelephonyRegistryManager: onSubscriptionsChangedListener callback received.
03-23 10:36:29.982   553   655 I chatty  : uid=1000(system) Binder:553_5 identical 3 lines
03-23 10:36:29.982   553   655 D TelephonyRegistryManager: onSubscriptionsChangedListener callback received.
03-23 10:36:29.982   745  1160 D TelephonyRegistryManager: onSubscriptionsChangedListener callback received.
03-23 10:36:29.982   712   730 D TelephonyRegistryManager: onSubscriptionsChangedListener callback received.
03-23 10:36:29.982   745  1069 D TelephonyRegistryManager: onSubscriptionsChangedListener callback received.
03-23 10:36:29.982   961   993 D TelephonyRegistryManager: onSubscriptionsChangedListener callback received.
03-23 10:36:29.982   961   993 I chatty  : uid=1001(radio) Binder:961_2 identical 3 lines
03-23 10:36:29.982   961   993 D TelephonyRegistryManager: onSubscriptionsChangedListener callback received.
03-23 10:36:29.982   961  1232 D TelephonyRegistryManager: onSubscriptionsChangedListener callback received.
03-23 10:36:29.983   712  1181 I HeadsetPhoneState: stopListenForPhoneState(), no listener indicates nothing is listening
03-23 10:36:29.984   712  1181 W HeadsetPhoneState: startListenForPhoneState, no event to listen
03-23 10:36:29.984   961   991 D TelephonyRegistryManager: onSubscriptionsChangedListener callback received.
03-23 10:36:30.038   553   574 E GnssLocationProvider: IGnssConfiguration setEsExtensionSec() failed.
03-23 10:36:30.038   553   574 E GnssConfiguration: Unable to set ES_EXTENSION_SEC: 0
03-23 10:36:30.044   553   659 W BestClock: java.time.DateTimeException: Missing NTP fix
03-23 10:36:30.076   961   961 D TelephonyProvider: subIdString = 1 subId = 1
03-23 10:36:30.097   553   659 W BestClock: java.time.DateTimeException: Missing NTP fix
03-23 10:36:30.111   553   655 D TelephonyRegistryManager: onSubscriptionsChangedListener callback received.
03-23 10:36:30.111   553   655 I chatty  : uid=1000(system) Binder:553_5 identical 3 lines
03-23 10:36:30.111   553   655 D TelephonyRegistryManager: onSubscriptionsChangedListener callback received.
03-23 10:36:30.112   961  1261 D TelephonyRegistryManager: onSubscriptionsChangedListener callback received.
03-23 10:36:30.112   745  1069 D TelephonyRegistryManager: onSubscriptionsChangedListener callback received.
03-23 10:36:30.112   745  1160 D TelephonyRegistryManager: onSubscriptionsChangedListener callback received.
03-23 10:36:30.112   712   730 D TelephonyRegistryManager: onSubscriptionsChangedListener callback received.
03-23 10:36:30.112   961  1211 D TelephonyRegistryManager: onSubscriptionsChangedListener callback received.
03-23 10:36:30.112   961  1233 D TelephonyRegistryManager: onSubscriptionsChangedListener callback received.
03-23 10:36:30.112   961  1210 D TelephonyRegistryManager: onSubscriptionsChangedListener callback received.
03-23 10:36:30.112   961  1258 D TelephonyRegistryManager: onSubscriptionsChangedListener callback received.
03-23 10:36:30.112   961   991 D TelephonyRegistryManager: onSubscriptionsChangedListener callback received.
03-23 10:36:30.112   961  1232 D TelephonyRegistryManager: onSubscriptionsChangedListener callback received.
03-23 10:36:30.113   712  1181 I HeadsetPhoneState: stopListenForPhoneState(), no listener indicates nothing is listening
03-23 10:36:30.113   712  1181 W HeadsetPhoneState: startListenForPhoneState, no event to listen
03-23 10:36:30.144   553   574 E GnssLocationProvider: IGnssConfiguration setEsExtensionSec() failed.
03-23 10:36:30.144   553   574 E GnssConfiguration: Unable to set ES_EXTENSION_SEC: 0
03-23 10:36:30.146   961   961 D TelephonyProvider: subIdString = 1 subId = 1
03-23 10:36:30.151   553   659 W BestClock: java.time.DateTimeException: Missing NTP fix
03-23 10:36:30.166   745  1216 D HostConnection: HostComposition ext ANDROID_EMU_CHECKSUM_HELPER_v1 ANDROID_EMU_native_sync_v2 ANDROID_EMU_native_sync_v3 ANDROID_EMU_native_sync_v4 ANDROID_EMU_dma_v1 ANDROID_EMU_direct_mem ANDROID_EMU_host_composition_v1 ANDROID_EMU_host_composition_v2 ANDROID_EMU_vulkan ANDROID_EMU_deferred_vulkan_commands ANDROID_EMU_vulkan_null_optional_strings ANDROID_EMU_vulkan_create_resources_with_requirements ANDROID_EMU_YUV_Cache ANDROID_EMU_vulkan_ignored_handles ANDROID_EMU_has_shared_slots_host_memory_allocator ANDROID_EMU_vulkan_free_memory_sync ANDROID_EMU_vulkan_shader_float16_int8 ANDROID_EMU_vulkan_async_queue_submit ANDROID_EMU_sync_buffer_data ANDROID_EMU_read_color_buffer_dma GL_OES_vertex_array_object GL_KHR_texture_compression_astc_ldr ANDROID_EMU_host_side_tracing ANDROID_EMU_gles_max_version_2 
03-23 10:36:30.170   745  1216 W OpenGLRenderer: Failed to choose config with EGL_SWAP_BEHAVIOR_PRESERVED, retrying without...
03-23 10:36:30.172   303   303 D goldfish-address-space: claimShared: Ask to claim region [0x3faa30000 0x3faf0b000]
03-23 10:36:30.183   553   584 W BestClock: java.time.DateTimeException: Missing NTP fix
03-23 10:36:30.183   745  1216 D EGL_emulation: eglCreateContext: 0xec3a57e0: maj 2 min 0 rcv 2
03-23 10:36:30.196   553   655 D TelephonyRegistryManager: onSubscriptionsChangedListener callback received.
03-23 10:36:30.196   553   655 I chatty  : uid=1000(system) Binder:553_5 identical 3 lines
03-23 10:36:30.196   553   655 D TelephonyRegistryManager: onSubscriptionsChangedListener callback received.
03-23 10:36:30.196   745  1160 D TelephonyRegistryManager: onSubscriptionsChangedListener callback received.
03-23 10:36:30.197   961   997 D TelephonyRegistryManager: onSubscriptionsChangedListener callback received.
03-23 10:36:30.197   712   730 D TelephonyRegistryManager: onSubscriptionsChangedListener callback received.
03-23 10:36:30.197   961  1210 D TelephonyRegistryManager: onSubscriptionsChangedListener callback received.
03-23 10:36:30.197   961  1261 D TelephonyRegistryManager: onSubscriptionsChangedListener callback received.
03-23 10:36:30.197   961   991 D TelephonyRegistryManager: onSubscriptionsChangedListener callback received.
03-23 10:36:30.197   961  1258 D TelephonyRegistryManager: onSubscriptionsChangedListener callback received.
03-23 10:36:30.197   961  1233 D TelephonyRegistryManager: onSubscriptionsChangedListener callback received.
03-23 10:36:30.197   961  1211 D TelephonyRegistryManager: onSubscriptionsChangedListener callback received.
03-23 10:36:30.197   712  1181 I HeadsetPhoneState: stopListenForPhoneState(), no listener indicates nothing is listening
03-23 10:36:30.197   712  1181 W HeadsetPhoneState: startListenForPhoneState, no event to listen
03-23 10:36:30.198   745  1069 D TelephonyRegistryManager: onSubscriptionsChangedListener callback received.
03-23 10:36:30.208   961   961 D TelephonyProvider: subIdString = 1 subId = 1
03-23 10:36:30.247   553   655 D TelephonyRegistryManager: onSubscriptionsChangedListener callback received.
03-23 10:36:30.247   553   655 I chatty  : uid=1000(system) Binder:553_5 identical 3 lines
03-23 10:36:30.247   553   655 D TelephonyRegistryManager: onSubscriptionsChangedListener callback received.
03-23 10:36:30.248   745  1069 D TelephonyRegistryManager: onSubscriptionsChangedListener callback received.
03-23 10:36:30.248   712   730 D TelephonyRegistryManager: onSubscriptionsChangedListener callback received.
03-23 10:36:30.248   745  1160 D TelephonyRegistryManager: onSubscriptionsChangedListener callback received.
03-23 10:36:30.249   712  1181 I HeadsetPhoneState: stopListenForPhoneState(), no listener indicates nothing is listening
03-23 10:36:30.249   712  1181 W HeadsetPhoneState: startListenForPhoneState, no event to listen
03-23 10:36:30.251   553   584 W BestClock: java.time.DateTimeException: Missing NTP fix
03-23 10:36:30.251   745  1216 D EGL_emulation: eglMakeCurrent: 0xec3a57e0: ver 2 0 (tinfo 0xec6f1eb0) (first time)
03-23 10:36:30.254   961  1262 D TelephonyRegistryManager: onSubscriptionsChangedListener callback received.
03-23 10:36:30.255   961  1261 D TelephonyRegistryManager: onSubscriptionsChangedListener callback received.
03-23 10:36:30.255   961  1232 D TelephonyRegistryManager: onSubscriptionsChangedListener callback received.
03-23 10:36:30.255   961  1211 D TelephonyRegistryManager: onSubscriptionsChangedListener callback received.
03-23 10:36:30.255   961  1233 D TelephonyRegistryManager: onSubscriptionsChangedListener callback received.
03-23 10:36:30.255   961  1258 D TelephonyRegistryManager: onSubscriptionsChangedListener callback received.
03-23 10:36:30.255   961  1210 D TelephonyRegistryManager: onSubscriptionsChangedListener callback received.
03-23 10:36:30.256   961   961 D TelephonyProvider: subIdString = 1 subId = 1
03-23 10:36:30.258   553   659 W BestClock: java.time.DateTimeException: Missing NTP fix
03-23 10:36:30.258   303   303 D goldfish-address-space: claimShared: Ask to claim region [0x3fbd1b000 0x3fbe08000]
03-23 10:36:30.262   303   303 D goldfish-address-space: claimShared: Ask to claim region [0x3fbe08000 0x3fbef5000]
03-23 10:36:30.263   303   303 D goldfish-address-space: claimShared: Ask to claim region [0x3fbef5000 0x3fbfe2000]
03-23 10:36:30.270   745  1216 I OpenGLRenderer: Davey! duration=2186ms; Flags=1, IntendedVsync=80050862129, Vsync=81567528735, OldestInputEvent=9223372036854775807, NewestInputEvent=0, HandleInputStart=81573548700, AnimationStart=81573563300, PerformTraversalsStart=81582543000, DrawStart=82230562900, SyncQueued=82231149100, SyncStart=82232835400, IssueDrawCommandsStart=82232870600, SwapBuffers=82235636900, FrameCompleted=82238915900, DequeueBufferDuration=156000, QueueBufferDuration=165300, GpuCompleted=72904372627112541, 
03-23 10:36:30.272   745   745 D KeyguardClockSwitch: Updating clock: 1036
03-23 10:36:30.277   553   659 W BestClock: java.time.DateTimeException: Missing NTP fix
03-23 10:36:30.285   553   584 W BestClock: java.time.DateTimeException: Missing NTP fix
03-23 10:36:30.311   553   655 D TelephonyRegistryManager: onSubscriptionsChangedListener callback received.
03-23 10:36:30.311   553   655 I chatty  : uid=1000(system) Binder:553_5 identical 3 lines
03-23 10:36:30.311   553   655 D TelephonyRegistryManager: onSubscriptionsChangedListener callback received.
03-23 10:36:30.312   961   993 D TelephonyRegistryManager: onSubscriptionsChangedListener callback received.
03-23 10:36:30.312   961  1233 D TelephonyRegistryManager: onSubscriptionsChangedListener callback received.
03-23 10:36:30.312   961  1211 D TelephonyRegistryManager: onSubscriptionsChangedListener callback received.
03-23 10:36:30.312   712   730 D TelephonyRegistryManager: onSubscriptionsChangedListener callback received.
03-23 10:36:30.312   961  1232 D TelephonyRegistryManager: onSubscriptionsChangedListener callback received.
03-23 10:36:30.312   712  1181 I HeadsetPhoneState: stopListenForPhoneState(), no listener indicates nothing is listening
03-23 10:36:30.312   712  1181 W HeadsetPhoneState: startListenForPhoneState, no event to listen
03-23 10:36:30.313   745  1160 D TelephonyRegistryManager: onSubscriptionsChangedListener callback received.
03-23 10:36:30.313   745  1131 D TelephonyRegistryManager: onSubscriptionsChangedListener callback received.
03-23 10:36:30.314   961  1258 D TelephonyRegistryManager: onSubscriptionsChangedListener callback received.
03-23 10:36:30.314   961  1210 D TelephonyRegistryManager: onSubscriptionsChangedListener callback received.
03-23 10:36:30.314   961   997 D TelephonyRegistryManager: onSubscriptionsChangedListener callback received.
03-23 10:36:30.321   961   961 D IntentBroadcaster: Broadcasting and adding intent for rebroadcast: android.intent.action.SIM_STATE_CHANGED LOADED for phoneId 0
03-23 10:36:30.323   553   553 D WifiService: resetting networks because SIM was loaded
03-23 10:36:30.323   553   664 D WifiClientModeImpl: resetting EAP-SIM/AKA/AKA' networks since SIM was changed
03-23 10:36:30.323   553   664 W WifiNetworkSuggestionsManager: SIM state is changed!
03-23 10:36:30.329   553   659 W BestClock: java.time.DateTimeException: Missing NTP fix
03-23 10:36:30.332   961   961 D TelephonyProvider: subIdString = 1 subId = 1
03-23 10:36:30.332   553   584 W BestClock: java.time.DateTimeException: Missing NTP fix
03-23 10:36:30.333   553   664 D WifiConfigStore: Writing to stores completed in 8 ms.
03-23 10:36:30.336   553   659 W BestClock: java.time.DateTimeException: Missing NTP fix
03-23 10:36:30.349   553   659 I chatty  : uid=1000(system) NetworkPolicy identical 6 lines
03-23 10:36:30.349   553   659 W BestClock: java.time.DateTimeException: Missing NTP fix
03-23 10:36:30.355   553   584 W BestClock: java.time.DateTimeException: Missing NTP fix
03-23 10:36:30.376   745   745 D StatusBar: disable<e i a s b h r c s > disable2<q i n >
03-23 10:36:30.380   553   584 W BestClock: java.time.DateTimeException: Missing NTP fix
03-23 10:36:30.380   961   961 D CarrierIdProvider: updateCarrierIdForSubId: 1
03-23 10:36:30.381   553   659 W BestClock: java.time.DateTimeException: Missing NTP fix
03-23 10:36:30.383   961   961 D CarrierIdProvider: updateCarrierIdForSubId: 1
03-23 10:36:30.384   745   745 W Resources: Drawable com.android.systemui:anim/lock_unlock has unresolved theme attributes! Consider using Resources.getDrawable(int, Theme) or Context.getDrawable(int).
03-23 10:36:30.384   745   745 W Resources: java.lang.RuntimeException
03-23 10:36:30.384   745   745 W Resources: 	at android.content.res.Resources.getDrawable(Resources.java:899)
03-23 10:36:30.384   745   745 W Resources: 	at com.android.systemui.statusbar.phone.LockIcon.getIcon(LockIcon.java:174)
03-23 10:36:30.384   745   745 W Resources: 	at com.android.systemui.statusbar.phone.LockIcon.access$200(LockIcon.java:45)
03-23 10:36:30.384   745   745 W Resources: 	at com.android.systemui.statusbar.phone.LockIcon$1.onPreDraw(LockIcon.java:68)
03-23 10:36:30.384   745   745 W Resources: 	at android.view.ViewTreeObserver.dispatchOnPreDraw(ViewTreeObserver.java:1093)
03-23 10:36:30.384   745   745 W Resources: 	at android.view.ViewRootImpl.performTraversals(ViewRootImpl.java:3089)
03-23 10:36:30.384   745   745 W Resources: 	at android.view.ViewRootImpl.doTraversal(ViewRootImpl.java:1952)
03-23 10:36:30.384   745   745 W Resources: 	at android.view.ViewRootImpl$TraversalRunnable.run(ViewRootImpl.java:8171)
03-23 10:36:30.384   745   745 W Resources: 	at android.view.Choreographer$CallbackRecord.run(Choreographer.java:972)
03-23 10:36:30.384   745   745 W Resources: 	at android.view.Choreographer.doCallbacks(Choreographer.java:796)
03-23 10:36:30.384   745   745 W Resources: 	at android.view.Choreographer.doFrame(Choreographer.java:731)
03-23 10:36:30.384   745   745 W Resources: 	at android.view.Choreographer$FrameDisplayEventReceiver.run(Choreographer.java:957)
03-23 10:36:30.384   745   745 W Resources: 	at android.os.Handler.handleCallback(Handler.java:938)
03-23 10:36:30.384   745   745 W Resources: 	at android.os.Handler.dispatchMessage(Handler.java:99)
03-23 10:36:30.384   745   745 W Resources: 	at android.os.Looper.loop(Looper.java:223)
03-23 10:36:30.384   745   745 W Resources: 	at android.app.ActivityThread.main(ActivityThread.java:7656)
03-23 10:36:30.384   745   745 W Resources: 	at java.lang.reflect.Method.invoke(Native Method)
03-23 10:36:30.384   745   745 W Resources: 	at com.android.internal.os.RuntimeInit$MethodAndArgsCaller.run(RuntimeInit.java:592)
03-23 10:36:30.384   745   745 W Resources: 	at com.android.internal.os.ZygoteInit.main(ZygoteInit.java:947)
03-23 10:36:30.386   553   659 W BestClock: java.time.DateTimeException: Missing NTP fix
03-23 10:36:30.387   961   961 D TelephonyProvider: subIdString = 1 subId = 1
03-23 10:36:30.391   553   568 D TelephonyRegistryManager: onSubscriptionsChangedListener callback received.
03-23 10:36:30.391   553   568 I chatty  : uid=1000(system) Binder:553_2 identical 3 lines
03-23 10:36:30.391   553   568 D TelephonyRegistryManager: onSubscriptionsChangedListener callback received.
03-23 10:36:30.392   712   730 D TelephonyRegistryManager: onSubscriptionsChangedListener callback received.
03-23 10:36:30.392   745  1131 D TelephonyRegistryManager: onSubscriptionsChangedListener callback received.
03-23 10:36:30.392   961   997 D TelephonyRegistryManager: onSubscriptionsChangedListener callback received.
03-23 10:36:30.392   961   993 D TelephonyRegistryManager: onSubscriptionsChangedListener callback received.
03-23 10:36:30.392   961  1211 D TelephonyRegistryManager: onSubscriptionsChangedListener callback received.
03-23 10:36:30.392   961  1233 D TelephonyRegistryManager: onSubscriptionsChangedListener callback received.
03-23 10:36:30.392   712  1181 I HeadsetPhoneState: stopListenForPhoneState(), no listener indicates nothing is listening
03-23 10:36:30.392   712  1181 W HeadsetPhoneState: startListenForPhoneState, no event to listen
03-23 10:36:30.393   745  1069 D TelephonyRegistryManager: onSubscriptionsChangedListener callback received.
03-23 10:36:30.393   961  1261 D TelephonyRegistryManager: onSubscriptionsChangedListener callback received.
03-23 10:36:30.393   961  1258 D TelephonyRegistryManager: onSubscriptionsChangedListener callback received.
03-23 10:36:30.393   961   991 D TelephonyRegistryManager: onSubscriptionsChangedListener callback received.
03-23 10:36:30.393   961   961 D TelephonyProvider: subIdString = 1 subId = 1
03-23 10:36:30.397   553   584 W BestClock: java.time.DateTimeException: Missing NTP fix
03-23 10:36:30.401   961   961 D CarrierConfigLoader: Update config for phoneId: 0 simState: LOADED
03-23 10:36:30.401   961   961 D CarrierSvcBindHelper: update binding for phoneId: 0 simState: LOADED
03-23 10:36:30.401   961   961 D MultiSimSettingController: onDefaultDataSettingChanged
03-23 10:36:30.405   961   961 D MultiSimSettingController: onDefaultDataSettingChanged
03-23 10:36:30.405   961   961 I Telephony: isRttCurrentlySupported -- emergency acct and no device support
03-23 10:36:30.406   961   961 D MultiSimSettingController: onAllSubscriptionsLoaded
03-23 10:36:30.406   961   961 D MultiSimSettingController: Carrier config subId 1 is not loaded.
03-23 10:36:30.407   553   659 W BestClock: java.time.DateTimeException: Missing NTP fix
03-23 10:36:30.420   553   584 W BestClock: java.time.DateTimeException: Missing NTP fix
03-23 10:36:30.429   553   659 W BestClock: java.time.DateTimeException: Missing NTP fix
03-23 10:36:30.430   553   584 W BestClock: java.time.DateTimeException: Missing NTP fix
03-23 10:36:30.450   553   584 W BestClock: java.time.DateTimeException: Missing NTP fix
03-23 10:36:30.453   553   659 W BestClock: java.time.DateTimeException: Missing NTP fix
03-23 10:36:30.462   303   303 D goldfish-address-space: claimShared: Ask to claim region [0x3faf0b000 0x3faf82000]
03-23 10:36:30.464   553   659 W BestClock: java.time.DateTimeException: Missing NTP fix
03-23 10:36:30.467   303   303 D goldfish-address-space: claimShared: Ask to claim region [0x3faf82000 0x3faff9000]
03-23 10:36:30.468   303   303 D goldfish-address-space: claimShared: Ask to claim region [0x3faff9000 0x3fb070000]
03-23 10:36:30.473   961   961 I Telephony: TelecomAccountRegistry: onSubscriptionsChanged - update accounts
03-23 10:36:30.473   961   961 I Telephony: PstnIncomingCallNotifier: Unregistering: Handler (com.android.internal.telephony.GsmCdmaPhone) {64e4266}
03-23 10:36:30.473   961   961 D Telephony: Unregistering: Handler (com.android.internal.telephony.GsmCdmaPhone) {64e4266}
03-23 10:36:30.473   961   961 I Telephony: TelecomAccountRegistry: setupAccounts: Found 1 phones.  Attempting to register.
03-23 10:36:30.473   961   961 I Telephony: TelecomAccountRegistry: setupAccounts: Phone with subscription id 1
03-23 10:36:30.475   553   659 W BestClock: java.time.DateTimeException: Missing NTP fix
03-23 10:36:30.477   553   659 W BestClock: java.time.DateTimeException: Missing NTP fix
03-23 10:36:30.506   961   961 D Telephony: isEmergencyPreferredAccount: subId=1, activeData=-1
03-23 10:36:30.506   961   961 D Telephony: isEmergencyPreferredAccount: Device does not require preference.
03-23 10:36:30.514   961   961 I Telephony: isRttCurrentlySupported -- regular acct, hasVoiceAvailability: false
03-23 10:36:30.514   961   961 I Telephony:  isRttSupported: false
03-23 10:36:30.514   961   961 I Telephony:  isRoaming: false
