03-23 10:36:27.286   712  1173 I bt_stack: [INFO:gatt_api.cc(947)] GATT_Register 1ce6ac9f-487f-ea2d-b511-1e984124b864
03-23 10:36:27.286   712  1173 I bt_stack: [INFO:gatt_api.cc(967)] allocated gatt_if=3
03-23 10:36:27.304   712   958 E bt_btif_storage: btif_storage_get_adapter_property: Controller ready!
03-23 10:36:27.304   712   958 I bt_btif_storage: btif_storage_get_adapter_property service_mask:0x20000000
03-23 10:36:27.305   712   958 D AdapterProperties: Address is:3C:5A:B4:01:02:03
03-23 10:36:27.307   712   958 D AdapterProperties: Name is: Android SDK built for x86
03-23 10:36:27.307   712   958 D AdapterProperties: Scan Mode:20
03-23 10:36:27.307   712   958 D AdapterProperties: Discoverable Timeout:120
03-23 10:36:27.307   712   958 I bt_stack: [INFO:btif_bqr.cc(225)] EnableBtQualityReport: is_enable: true
03-23 10:36:27.307   712   958 W bt_stack: [WARNING:btif_bqr.cc(233)] EnableBtQualityReport: Bluetooth Quality Report is disabled. bqr_prop_evtmask: , bqr_prop_interval_ms: 
03-23 10:36:27.307   712   958 I bt_btif_core: btif_enable_bluetooth_evt entered: status 0
03-23 10:36:27.309   553   664 D WifiCountryCode: Reading country code from telephony
03-23 10:36:27.310   553   664 D WifiCountryCode: Set telephony country code to: 
03-23 10:36:27.310   553   664 D WifiCountryCode: updateCountryCode to null
03-23 10:36:27.311   553   664 I WifiVendorHal: Driver: 1.0 Firmware: 1.0
03-23 10:36:27.312   553   664 D WifiDiags: startLogging() iface list is {wlan0} after adding wlan0
03-23 10:36:27.314   553   664 D WakeupController: reset()
03-23 10:36:27.315   553   664 D WakeupController: Setting active to false
03-23 10:36:27.315   712  1177 I bt_osi_thread: run_thread: thread id 1177, thread name btif_sock started
03-23 10:36:27.317   712   958 D bt_bte_conf: Device ID record 1 : primary
03-23 10:36:27.317   712   958 D bt_bte_conf:   vendorId            = 00e0
03-23 10:36:27.318   712   958 D bt_bte_conf:   vendorIdSource      = 0001
03-23 10:36:27.318   712   958 D bt_bte_conf:   product             = 1200
03-23 10:36:27.318   712   958 D bt_bte_conf:   version             = 1436
03-23 10:36:27.318   712   958 D bt_bte_conf:   clientExecutableURL = 
03-23 10:36:27.318   712   958 D bt_bte_conf:   serviceDescription  = 
03-23 10:36:27.318   712   958 D bt_bte_conf:   documentationURL    = 
03-23 10:36:27.318   712   958 D bt_bte_conf: bte_load_did_conf no section named DID2.
03-23 10:36:27.318   712   958 I bt_btif_core: btif_enable_bluetooth_evt finished
03-23 10:36:27.318   712   935 I bt_stack_manager: event_start_up_stack finished
03-23 10:36:27.319   177   177 I hwservicemanager: getTransport: Cannot find entry android.hardware.radio.deprecated@1.0::IOemHook/slot1 in either framework or device manifest.
03-23 10:36:27.322   553   664 I WifiClientModeImpl: disconnectedstate enter
03-23 10:36:27.324   712   926 I AdapterState: BLE_ON : entered 
03-23 10:36:27.324   712   926 D AdapterProperties: Setting state to BLE_ON
03-23 10:36:27.325   712   926 D BluetoothAdapterService: updateAdapterState() - Broadcasting state BLE_ON to 1 receivers.
03-23 10:36:27.332   712   926 I AdapterState: TURNING_ON : entered 
03-23 10:36:27.332   712   926 D AdapterProperties: Setting state to TURNING_ON
03-23 10:36:27.333   712   926 D BluetoothAdapterService: updateAdapterState() - Broadcasting state TURNING_ON to 1 receivers.
03-23 10:36:27.333   712   926 D BluetoothAdapterService: startCoreServices()
03-23 10:36:27.335   712   712 I HeadsetService: create()
03-23 10:36:27.336   712   712 D BluetoothAdapterService: getAdapterService() - returning com.android.bluetooth.btservice.AdapterService@64d6646
03-23 10:36:27.344   961   961 I TetheringManager: registerTetheringEventCallback:com.android.phone
03-23 10:36:27.347   553   664 D WifiConfigStore: Writing to stores completed in 12 ms.
03-23 10:36:27.348   553   664 D ApConfigUtil: Update Softap capability, add client control feature support
03-23 10:36:27.348   553   664 D ApConfigUtil: Update Softap capability, max client = 16
03-23 10:36:27.348   553   664 D WifiActiveModeWarden: Switching all client mode managers
03-23 10:36:27.358   712   712 I HeadsetService: start()
03-23 10:36:27.358   712   712 D BluetoothAdapterService: getAdapterService() - returning com.android.bluetooth.btservice.AdapterService@64d6646
03-23 10:36:27.367   712   712 I BluetoothHeadsetServiceJni: classInitNative: succeeds
03-23 10:36:27.368   712   712 I bt_btif : get_profile_interface: id = handsfree
03-23 10:36:27.368   712   712 I bt_stack: [INFO:btif_hf.cc(1454)] GetInterface
03-23 10:36:27.368   712   958 I bt_btif_storage: btif_storage_get_adapter_property service_mask:0x20000040
03-23 10:36:27.368   712   958 I bt_stack: [INFO:btif_hf.cc(291)] btif_hf_upstreams_evt: AG enable/disable event 0
03-23 10:36:27.369   712  1173 I bt_stack: [INFO:port_api.cc(216)] RFCOMM_CreateConnection: bd_addr=ff:ff:ff:ff:ff:ff, scn=2, is_server=1, mtu=256, uuid=0x1112, dlci=4, signal_state=0x0b, p_port=0xbd2ce8e0
03-23 10:36:27.369   712  1173 I bt_stack: [INFO:port_api.cc(216)] RFCOMM_CreateConnection: bd_addr=ff:ff:ff:ff:ff:ff, scn=3, is_server=1, mtu=256, uuid=0x111f, dlci=6, signal_state=0x0b, p_port=0xbd2ce968
03-23 10:36:27.369   712  1173 I bt_stack: [INFO:port_api.cc(216)] RFCOMM_CreateConnection: bd_addr=ff:ff:ff:ff:ff:ff, scn=2, is_server=1, mtu=256, uuid=0x1112, dlci=4, signal_state=0x0b, p_port=0xbd2ce9f0
03-23 10:36:27.369   712  1173 I bt_stack: [INFO:port_api.cc(216)] RFCOMM_CreateConnection: bd_addr=ff:ff:ff:ff:ff:ff, scn=3, is_server=1, mtu=256, uuid=0x111f, dlci=6, signal_state=0x0b, p_port=0xbd2cea78
03-23 10:36:27.370   712  1173 I bt_stack: [INFO:port_api.cc(216)] RFCOMM_CreateConnection: bd_addr=ff:ff:ff:ff:ff:ff, scn=2, is_server=1, mtu=256, uuid=0x1112, dlci=4, signal_state=0x0b, p_port=0xbd2ceb00
03-23 10:36:27.370   712  1173 I bt_stack: [INFO:port_api.cc(216)] RFCOMM_CreateConnection: bd_addr=ff:ff:ff:ff:ff:ff, scn=3, is_server=1, mtu=256, uuid=0x111f, dlci=6, signal_state=0x0b, p_port=0xbd2ceb88
03-23 10:36:27.370   712  1173 I bt_stack: [INFO:port_api.cc(216)] RFCOMM_CreateConnection: bd_addr=ff:ff:ff:ff:ff:ff, scn=2, is_server=1, mtu=256, uuid=0x1112, dlci=4, signal_state=0x0b, p_port=0xbd2cec10
03-23 10:36:27.368   208   208 W Binder:208_2: type=1400 audit(0.0:22): avc: denied { read } for name="wakeup34" dev="sysfs" ino=19156 scontext=u:r:system_suspend:s0 tcontext=u:object_r:sysfs:s0 tclass=dir permissive=0
03-23 10:36:27.375   208   212 E android.system.suspend@1.0-service: Error opening kernel wakelock stats for: wakeup34: Permission denied
03-23 10:36:27.378   208   212 E android.system.suspend@1.0-service: Error opening kernel wakelock stats for: wakeup35: Permission denied
03-23 10:36:27.372   208   208 W Binder:208_2: type=1400 audit(0.0:23): avc: denied { read } for name="wakeup35" dev="sysfs" ino=19219 scontext=u:r:system_suspend:s0 tcontext=u:object_r:sysfs:s0 tclass=dir permissive=0
03-23 10:36:27.393   208   212 E android.system.suspend@1.0-service: Error opening kernel wakelock stats for: wakeup34: Permission denied
03-23 10:36:27.394   208   212 E android.system.suspend@1.0-service: Error opening kernel wakelock stats for: wakeup35: Permission denied
03-23 10:36:27.395   712  1173 I bt_stack: [INFO:port_api.cc(216)] RFCOMM_CreateConnection: bd_addr=ff:ff:ff:ff:ff:ff, scn=3, is_server=1, mtu=256, uuid=0x111f, dlci=6, signal_state=0x0b, p_port=0xbd2cec98
03-23 10:36:27.395   712  1173 I bt_stack: [INFO:port_api.cc(216)] RFCOMM_CreateConnection: bd_addr=ff:ff:ff:ff:ff:ff, scn=2, is_server=1, mtu=256, uuid=0x1112, dlci=4, signal_state=0x0b, p_port=0xbd2ced20
03-23 10:36:27.395   712  1173 I bt_stack: [INFO:port_api.cc(216)] RFCOMM_CreateConnection: bd_addr=ff:ff:ff:ff:ff:ff, scn=3, is_server=1, mtu=256, uuid=0x111f, dlci=6, signal_state=0x0b, p_port=0xbd2ceda8
03-23 10:36:27.396   712  1173 I bt_stack: [INFO:port_api.cc(216)] RFCOMM_CreateConnection: bd_addr=ff:ff:ff:ff:ff:ff, scn=2, is_server=1, mtu=256, uuid=0x1112, dlci=4, signal_state=0x0b, p_port=0xbd2cee30
03-23 10:36:27.396   712  1173 I bt_stack: [INFO:port_api.cc(216)] RFCOMM_CreateConnection: bd_addr=ff:ff:ff:ff:ff:ff, scn=3, is_server=1, mtu=256, uuid=0x111f, dlci=6, signal_state=0x0b, p_port=0xbd2ceeb8
03-23 10:36:27.396   961   961 D TelephonyProvider: dbh.onOpen: ok, queried table=siminfo
03-23 10:36:27.396   712   712 I A2dpService: create()
03-23 10:36:27.396   712   960 D BluetoothActiveDeviceManager: handleMessage(MESSAGE_ADAPTER_ACTION_STATE_CHANGED): newState=11
03-23 10:36:27.397   961   961 D TelephonyProvider: dbh.onOpen: ok, queried table=carriers
03-23 10:36:27.399   553   553 D BluetoothA2dp: Proxy object connected
03-23 10:36:27.400   712   712 D BluetoothAdapterService: getAdapterService() - returning com.android.bluetooth.btservice.AdapterService@64d6646
03-23 10:36:27.400   553   553 D BluetoothA2dp: Proxy object connected
03-23 10:36:27.400   712   712 I A2dpService: start()
03-23 10:36:27.400   712   712 D BluetoothAdapterService: getAdapterService() - returning com.android.bluetooth.btservice.AdapterService@64d6646
03-23 10:36:27.401   712   712 I BluetoothA2dpServiceJni: classInitNative: succeeds
03-23 10:36:27.401   712   712 I A2dpService: Max connected audio devices set to 5
03-23 10:36:27.402   712   712 I bt_btif : get_profile_interface: id = a2dp
03-23 10:36:27.403   712   712 I btif_av : bt_status_t BtifAvSource::Init(btav_source_callbacks_t *, int, const std::vector<btav_a2dp_codec_config_t> &, const std::vector<btav_a2dp_codec_config_t> &): max_connected_audio_devices=5
03-23 10:36:27.403   712   712 D a2dp_codec: init
03-23 10:36:27.403   712   712 D a2dp_codec: createCodec: codec SBC
03-23 10:36:27.403   712   712 I a2dp_codec: init: updated SBC codec priority to 1001
03-23 10:36:27.403   712   712 D a2dp_codec: createCodec: codec AAC
03-23 10:36:27.403   712   712 I a2dp_codec: init: updated AAC codec priority to 2001
03-23 10:36:27.403   712   712 D a2dp_codec: createCodec: codec aptX
03-23 10:36:27.404   712   712 E a2dp_vendor_aptx_encoder: A2DP_VendorLoadEncoderAptx: cannot open aptX encoder library libaptX_encoder.so: dlopen failed: library "libaptX_encoder.so" not found
03-23 10:36:27.404   712   712 E a2dp_vendor_aptx: init: cannot load the encoder
03-23 10:36:27.404   712   712 D a2dp_codec: createCodec: codec aptX-HD
03-23 10:36:27.404   712   712 E a2dp_vendor_aptx_hd_encoder: A2DP_VendorLoadEncoderAptxHd: cannot open aptX-HD encoder library libaptXHD_encoder.so: dlopen failed: library "libaptXHD_encoder.so" not found
03-23 10:36:27.404   712   712 E a2dp_vendor_aptx_hd: init: cannot load the encoder
03-23 10:36:27.404   712   712 D a2dp_codec: createCodec: codec LDAC
03-23 10:36:27.388   208   208 W Binder:208_2: type=1400 audit(0.0:24): avc: denied { read } for name="wakeup34" dev="sysfs" ino=19156 scontext=u:r:system_suspend:s0 tcontext=u:object_r:sysfs:s0 tclass=dir permissive=0
03-23 10:36:27.388   208   208 W Binder:208_2: type=1400 audit(0.0:25): avc: denied { read } for name="wakeup35" dev="sysfs" ino=19219 scontext=u:r:system_suspend:s0 tcontext=u:object_r:sysfs:s0 tclass=dir permissive=0
03-23 10:36:27.418   712   712 I a2dp_codec: init: updated LDAC codec priority to 5001
03-23 10:36:27.419   712   712 D a2dp_codec: createCodec: codec SBC SINK
03-23 10:36:27.419   712   712 D a2dp_codec: createCodec: codec AAC SINK
03-23 10:36:27.419   712   712 D a2dp_codec: createCodec: codec LDAC SINK
03-23 10:36:27.419   712   712 E a2dp_vendor_ldac_decoder: A2DP_VendorLoadDecoderLdac: cannot open LDAC decoder library libldacBT_bco.so: dlopen failed: library "libldacBT_bco.so" not found
03-23 10:36:27.419   712   712 E a2dp_vendor_ldac: init: cannot load the decoder
03-23 10:36:27.420   712   712 I a2dp_codec: init: initialized Source codec LDAC
03-23 10:36:27.420   712   712 I a2dp_codec: init: initialized Source codec AAC
03-23 10:36:27.420   712   712 I a2dp_codec: init: initialized Source codec SBC
03-23 10:36:27.420   712   712 I a2dp_codec: init: initialized Sink codec AAC SINK
03-23 10:36:27.420   712   712 I a2dp_codec: init: initialized Sink codec SBC SINK
03-23 10:36:27.420   712   712 D a2dp_codec: init
03-23 10:36:27.420   712   712 D a2dp_codec: createCodec: codec SBC
03-23 10:36:27.420   712   712 I a2dp_codec: init: updated SBC codec priority to 1001
03-23 10:36:27.420   712   712 D a2dp_codec: createCodec: codec AAC
03-23 10:36:27.420   712   712 I a2dp_codec: init: updated AAC codec priority to 2001
03-23 10:36:27.420   712   712 D a2dp_codec: createCodec: codec aptX
03-23 10:36:27.420   712   712 E a2dp_vendor_aptx_encoder: A2DP_VendorLoadEncoderAptx: cannot open aptX encoder library libaptX_encoder.so: dlopen failed: library "libaptX_encoder.so" not found
03-23 10:36:27.420   712   712 E a2dp_vendor_aptx: init: cannot load the encoder
03-23 10:36:27.420   712   712 D a2dp_codec: createCodec: codec aptX-HD
03-23 10:36:27.420   712   712 E a2dp_vendor_aptx_hd_encoder: A2DP_VendorLoadEncoderAptxHd: cannot open aptX-HD encoder library libaptXHD_encoder.so: dlopen failed: library "libaptXHD_encoder.so" not found
03-23 10:36:27.420   712   712 E a2dp_vendor_aptx_hd: init: cannot load the encoder
03-23 10:36:27.420   712   712 D a2dp_codec: createCodec: codec LDAC
03-23 10:36:27.420   712   712 I a2dp_codec: init: updated LDAC codec priority to 5001
03-23 10:36:27.420   712   712 D a2dp_codec: createCodec: codec SBC SINK
03-23 10:36:27.420   712   712 D a2dp_codec: createCodec: codec AAC SINK
03-23 10:36:27.420   712   712 D a2dp_codec: createCodec: codec LDAC SINK
03-23 10:36:27.420   712   712 E a2dp_vendor_ldac_decoder: A2DP_VendorLoadDecoderLdac: cannot open LDAC decoder library libldacBT_bco.so: dlopen failed: library "libldacBT_bco.so" not found
03-23 10:36:27.420   712   712 E a2dp_vendor_ldac: init: cannot load the decoder
03-23 10:36:27.420   712   712 I a2dp_codec: init: initialized Source codec LDAC
03-23 10:36:27.420   712   712 I a2dp_codec: init: initialized Source codec AAC
03-23 10:36:27.420   712   712 I a2dp_codec: init: initialized Source codec SBC
03-23 10:36:27.420   712   712 I a2dp_codec: init: initialized Sink codec AAC SINK
03-23 10:36:27.420   712   712 I a2dp_codec: init: initialized Sink codec SBC SINK
03-23 10:36:27.420   712   712 D a2dp_codec: init
03-23 10:36:27.420   712   712 D a2dp_codec: createCodec: codec SBC
03-23 10:36:27.420   712   712 I a2dp_codec: init: updated SBC codec priority to 1001
03-23 10:36:27.420   712   712 D a2dp_codec: createCodec: codec AAC
03-23 10:36:27.420   712   712 I a2dp_codec: init: updated AAC codec priority to 2001
03-23 10:36:27.420   712   712 D a2dp_codec: createCodec: codec aptX
03-23 10:36:27.421   712   712 E a2dp_vendor_aptx_encoder: A2DP_VendorLoadEncoderAptx: cannot open aptX encoder library libaptX_encoder.so: dlopen failed: library "libaptX_encoder.so" not found
03-23 10:36:27.421   712   712 E a2dp_vendor_aptx: init: cannot load the encoder
03-23 10:36:27.421   712   712 D a2dp_codec: createCodec: codec aptX-HD
03-23 10:36:27.421   712   712 E a2dp_vendor_aptx_hd_encoder: A2DP_VendorLoadEncoderAptxHd: cannot open aptX-HD encoder library libaptXHD_encoder.so: dlopen failed: library "libaptXHD_encoder.so" not found
03-23 10:36:27.421   712   712 E a2dp_vendor_aptx_hd: init: cannot load the encoder
03-23 10:36:27.421   712   712 D a2dp_codec: createCodec: codec LDAC
03-23 10:36:27.421   712   712 I a2dp_codec: init: updated LDAC codec priority to 5001
03-23 10:36:27.421   712   712 D a2dp_codec: createCodec: codec SBC SINK
03-23 10:36:27.421   712   712 D a2dp_codec: createCodec: codec AAC SINK
03-23 10:36:27.421   712   712 D a2dp_codec: createCodec: codec LDAC SINK
03-23 10:36:27.421   712   712 E a2dp_vendor_ldac_decoder: A2DP_VendorLoadDecoderLdac: cannot open LDAC decoder library libldacBT_bco.so: dlopen failed: library "libldacBT_bco.so" not found
03-23 10:36:27.421   712   712 E a2dp_vendor_ldac: init: cannot load the decoder
03-23 10:36:27.421   712   712 I a2dp_codec: init: initialized Source codec LDAC
03-23 10:36:27.421   712   712 I a2dp_codec: init: initialized Source codec AAC
03-23 10:36:27.421   712   712 I a2dp_codec: init: initialized Source codec SBC
03-23 10:36:27.421   712   712 I a2dp_codec: init: initialized Sink codec AAC SINK
03-23 10:36:27.421   712   712 I a2dp_codec: init: initialized Sink codec SBC SINK
03-23 10:36:27.422   712   712 D a2dp_codec: init
03-23 10:36:27.422   712   712 D a2dp_codec: createCodec: codec SBC
03-23 10:36:27.422   712   712 I a2dp_codec: init: updated SBC codec priority to 1001
03-23 10:36:27.422   712   712 D a2dp_codec: createCodec: codec AAC
03-23 10:36:27.422   712   712 I a2dp_codec: init: updated AAC codec priority to 2001
03-23 10:36:27.422   712   712 D a2dp_codec: createCodec: codec aptX
03-23 10:36:27.422   712   712 E a2dp_vendor_aptx_encoder: A2DP_VendorLoadEncoderAptx: cannot open aptX encoder library libaptX_encoder.so: dlopen failed: library "libaptX_encoder.so" not found
03-23 10:36:27.422   712   712 E a2dp_vendor_aptx: init: cannot load the encoder
03-23 10:36:27.422   712   712 D a2dp_codec: createCodec: codec aptX-HD
03-23 10:36:27.422   712   712 E a2dp_vendor_aptx_hd_encoder: A2DP_VendorLoadEncoderAptxHd: cannot open aptX-HD encoder library libaptXHD_encoder.so: dlopen failed: library "libaptXHD_encoder.so" not found
03-23 10:36:27.422   712   712 E a2dp_vendor_aptx_hd: init: cannot load the encoder
03-23 10:36:27.422   712   712 D a2dp_codec: createCodec: codec LDAC
03-23 10:36:27.422   712   712 I a2dp_codec: init: updated LDAC codec priority to 5001
03-23 10:36:27.422   712   712 D a2dp_codec: createCodec: codec SBC SINK
03-23 10:36:27.422   712   712 D a2dp_codec: createCodec: codec AAC SINK
03-23 10:36:27.422   712   712 D a2dp_codec: createCodec: codec LDAC SINK
03-23 10:36:27.423   712   712 E a2dp_vendor_ldac_decoder: A2DP_VendorLoadDecoderLdac: cannot open LDAC decoder library libldacBT_bco.so: dlopen failed: library "libldacBT_bco.so" not found
03-23 10:36:27.423   712   712 E a2dp_vendor_ldac: init: cannot load the decoder
03-23 10:36:27.423   712   712 I a2dp_codec: init: initialized Source codec LDAC
03-23 10:36:27.423   712   712 I a2dp_codec: init: initialized Source codec AAC
03-23 10:36:27.423   712   712 I a2dp_codec: init: initialized Source codec SBC
03-23 10:36:27.423   712   712 I a2dp_codec: init: initialized Sink codec AAC SINK
03-23 10:36:27.424   712   712 I a2dp_codec: init: initialized Sink codec SBC SINK
03-23 10:36:27.424   712   712 D a2dp_codec: init
03-23 10:36:27.424   712   712 D a2dp_codec: createCodec: codec SBC
03-23 10:36:27.424   712   712 I a2dp_codec: init: updated SBC codec priority to 1001
03-23 10:36:27.424   712   712 D a2dp_codec: createCodec: codec AAC
03-23 10:36:27.424   712   712 I a2dp_codec: init: updated AAC codec priority to 2001
03-23 10:36:27.425   712   712 D a2dp_codec: createCodec: codec aptX
03-23 10:36:27.425   712   712 E a2dp_vendor_aptx_encoder: A2DP_VendorLoadEncoderAptx: cannot open aptX encoder library libaptX_encoder.so: dlopen failed: library "libaptX_encoder.so" not found
03-23 10:36:27.425   712   712 E a2dp_vendor_aptx: init: cannot load the encoder
03-23 10:36:27.425   712   712 D a2dp_codec: createCodec: codec aptX-HD
03-23 10:36:27.425   712   712 E a2dp_vendor_aptx_hd_encoder: A2DP_VendorLoadEncoderAptxHd: cannot open aptX-HD encoder library libaptXHD_encoder.so: dlopen failed: library "libaptXHD_encoder.so" not found
03-23 10:36:27.425   712   712 E a2dp_vendor_aptx_hd: init: cannot load the encoder
03-23 10:36:27.425   712   712 D a2dp_codec: createCodec: codec LDAC
03-23 10:36:27.425   712   712 I a2dp_codec: init: updated LDAC codec priority to 5001
03-23 10:36:27.425   712   712 D a2dp_codec: createCodec: codec SBC SINK
03-23 10:36:27.425   712   712 D a2dp_codec: createCodec: codec AAC SINK
03-23 10:36:27.425   712   712 D a2dp_codec: createCodec: codec LDAC SINK
03-23 10:36:27.425   712   712 E a2dp_vendor_ldac_decoder: A2DP_VendorLoadDecoderLdac: cannot open LDAC decoder library libldacBT_bco.so: dlopen failed: library "libldacBT_bco.so" not found
03-23 10:36:27.425   712   712 E a2dp_vendor_ldac: init: cannot load the decoder
03-23 10:36:27.425   712   712 I a2dp_codec: init: initialized Source codec LDAC
03-23 10:36:27.425   712   712 I a2dp_codec: init: initialized Source codec AAC
03-23 10:36:27.425   712   712 I a2dp_codec: init: initialized Source codec SBC
03-23 10:36:27.425   712   712 I a2dp_codec: init: initialized Sink codec AAC SINK
03-23 10:36:27.425   712   712 I a2dp_codec: init: initialized Sink codec SBC SINK
03-23 10:36:27.425   712   712 D a2dp_codec: init
03-23 10:36:27.425   712   712 D a2dp_codec: createCodec: codec SBC
03-23 10:36:27.425   712   712 I a2dp_codec: init: updated SBC codec priority to 1001
03-23 10:36:27.425   712   712 D a2dp_codec: createCodec: codec AAC
03-23 10:36:27.425   712   712 I a2dp_codec: init: updated AAC codec priority to 2001
03-23 10:36:27.425   712   712 D a2dp_codec: createCodec: codec aptX
03-23 10:36:27.425   320   320 I android.hardware.power-service.example: Power isBoostSupported: 0
03-23 10:36:27.425   712   712 E a2dp_vendor_aptx_encoder: A2DP_VendorLoadEncoderAptx: cannot open aptX encoder library libaptX_encoder.so: dlopen failed: library "libaptX_encoder.so" not found
03-23 10:36:27.425   712   712 E a2dp_vendor_aptx: init: cannot load the encoder
03-23 10:36:27.431   712   712 D a2dp_codec: createCodec: codec aptX-HD
03-23 10:36:27.432   712   712 E a2dp_vendor_aptx_hd_encoder: A2DP_VendorLoadEncoderAptxHd: cannot open aptX-HD encoder library libaptXHD_encoder.so: dlopen failed: library "libaptXHD_encoder.so" not found
03-23 10:36:27.432   712   712 E a2dp_vendor_aptx_hd: init: cannot load the encoder
03-23 10:36:27.432   712   712 D a2dp_codec: createCodec: codec LDAC
03-23 10:36:27.432   712   712 I a2dp_codec: init: updated LDAC codec priority to 5001
03-23 10:36:27.432   712   712 D a2dp_codec: createCodec: codec SBC SINK
03-23 10:36:27.432   712   712 D a2dp_codec: createCodec: codec AAC SINK
03-23 10:36:27.432   712   712 D a2dp_codec: createCodec: codec LDAC SINK
03-23 10:36:27.432   712   712 E a2dp_vendor_ldac_decoder: A2DP_VendorLoadDecoderLdac: cannot open LDAC decoder library libldacBT_bco.so: dlopen failed: library "libldacBT_bco.so" not found
03-23 10:36:27.432   712   712 E a2dp_vendor_ldac: init: cannot load the decoder
03-23 10:36:27.432   712   712 I a2dp_codec: init: initialized Source codec LDAC
03-23 10:36:27.432   712   712 I a2dp_codec: init: initialized Source codec AAC
03-23 10:36:27.432   712   712 I a2dp_codec: init: initialized Source codec SBC
03-23 10:36:27.432   712   712 I a2dp_codec: init: initialized Sink codec AAC SINK
03-23 10:36:27.432   712   712 I a2dp_codec: init: initialized Sink codec SBC SINK
03-23 10:36:27.432   712   712 I bt_btif_a2dp_source: btif_a2dp_source_init
03-23 10:36:27.433   712  1183 I bt_stack: [INFO:message_loop_thread.cc(175)] Run: message loop starting for thread bt_a2dp_source_worker_thread
03-23 10:36:27.433   712   712 D A2dpService: A2DP offload flag set to false
03-23 10:36:27.433   712  1183 I bt_btif_a2dp_source: btif_a2dp_source_init_delayed
03-23 10:36:27.434   712   712 D A2dpService: setA2dpService(): set to: com.android.bluetooth.a2dp.A2dpService@25f0173
03-23 10:36:27.435   712   712 I BluetoothHidHostServiceJni: classInitNative: succeeds
03-23 10:36:27.435   712   712 D BluetoothAdapterService: getAdapterService() - returning com.android.bluetooth.btservice.AdapterService@64d6646
03-23 10:36:27.436   712   712 I bt_btif : get_profile_interface: id = hidhost
03-23 10:36:27.436   712   712 I BluetoothPanServiceJni: classInitNative(L110): succeeds
03-23 10:36:27.436   712   712 D BluetoothAdapterService: getAdapterService() - returning com.android.bluetooth.btservice.AdapterService@64d6646
03-23 10:36:27.437   712   712 D BluetoothPanServiceJni: initializeNative(L115): pan
03-23 10:36:27.437   712   712 I bt_btif : get_profile_interface: id = pan
03-23 10:36:27.438   712   712 D BluetoothAdapterService: getAdapterService() - returning com.android.bluetooth.btservice.AdapterService@64d6646
03-23 10:36:27.450   712   958 I bt_btif_storage: btif_storage_get_adapter_property service_mask:0x20100048
03-23 10:36:27.450   712  1173 I bt_bta_av: bta_av_api_register: AVRCP version used for sdp: "avrcp14"
03-23 10:36:27.450   712   958 I bt_bta_hh: BTA_HhEnable sec_mask:0x36 p_cback:0xbced7270
03-23 10:36:27.450   712   958 I bt_btif_storage: btif_storage_get_adapter_property service_mask:0x20100048
03-23 10:36:27.450   712  1173 W bt_btif : bta_av_rc_create: Skipping RC creation for the old AVRCP profile
03-23 10:36:27.450   712  1173 I bt_bta_av: bta_av_api_register: AVRCP version used for sdp: "avrcp14"
03-23 10:36:27.451   712  1173 I chatty  : uid=1002(bluetooth) bt_main_thread identical 3 lines
03-23 10:36:27.452   712  1173 I bt_bta_av: bta_av_api_register: AVRCP version used for sdp: "avrcp14"
03-23 10:36:27.452   712   958 D BluetoothPanServiceJni: control_state_callback(L62): state:0, local_role:3, ifname:bt-pan
03-23 10:36:27.452   712  1173 I bt_stack: [INFO:gatt_api.cc(947)] GATT_Register 9a1ab8fc-3413-39f9-2cc5-e372a48af4d4
03-23 10:36:27.452   712  1173 I bt_stack: [INFO:gatt_api.cc(967)] allocated gatt_if=4
03-23 10:36:27.457   961   961 D CellBroadcastServiceManager: CellBroadcastServiceManager created for phone 0
03-23 10:36:27.457   712   712 D BluetoothAdapterService: getAdapterService() - returning com.android.bluetooth.btservice.AdapterService@64d6646
03-23 10:36:27.458   712   712 I AvrcpTargetService: Starting the AVRCP Target Service
03-23 10:36:27.460   712   712 V AvrcpMediaPlayerList: Creating MediaPlayerList
03-23 10:36:27.461   961   961 D CellBroadcastServiceManager: getCellBroadcastServicePackageName: com.android.cellbroadcastservice
03-23 10:36:27.462   745   745 I CameraManagerGlobal: Connecting to camera service
03-23 10:36:27.463   961   961 D CellBroadcastServiceManager: serviceWasBound=true
03-23 10:36:27.464   859   859 D NetworkSecurityConfig: No Network Security Config specified, using platform default
03-23 10:36:27.464   859   859 W nsconfig: com.android.networkstack.process: New config does not match the previously set config.
03-23 10:36:27.468   553  1083 D MediaSessionService: The MediaKeyEventSessionChangedListener (android.os.BinderProxy@f3bc5ad) is added by com.android.bluetooth
03-23 10:36:27.468   712   712 I AvrcpTargetJni: classInitNative: AvrcpTargetJni initialized!
03-23 10:36:27.468   712   712 D AvrcpNativeInterface: Init AvrcpNativeInterface
03-23 10:36:27.468   712   712 D AvrcpTargetJni: initNative
03-23 10:36:27.469   712  1173 I bt_stack: [INFO:avrcp_service.cc(288)] AVRCP Target Service started
03-23 10:36:27.469   712  1173 I bt_stack: [INFO:connection_handler.cc(184)] Connect to device ff:ff:ff:ff:ff:ff
03-23 10:36:27.469   712  1173 I bt_stack: [INFO:connection_handler.cc(205)] virtual bool bluetooth::avrcp::ConnectionHandler::AvrcpConnect(bool, const RawAddress &): handle=0000 status= 000000
03-23 10:36:27.476   712  1186 D ObexServerSockets: create(rfcomm = -2, l2capPsm = -2)
03-23 10:36:27.478   961   961 D CellBroadcastServiceManager: CellBroadcastServiceManager created for phone 0
03-23 10:36:27.479   712   712 D BluetoothAdapterService: getAdapterService() - returning com.android.bluetooth.btservice.AdapterService@64d6646
03-23 10:36:27.479   712  1186 W BluetoothAdapter: getBluetoothService() called with no BluetoothManagerCallback
03-23 10:36:27.479   961   961 D CellBroadcastServiceManager: getCellBroadcastServicePackageName: com.android.cellbroadcastservice
03-23 10:36:27.480   712   712 V BluetoothHidDeviceServiceJni: classInitNative: done
03-23 10:36:27.480   712  1173 I bt_stack: [INFO:port_api.cc(216)] RFCOMM_CreateConnection: bd_addr=ff:ff:ff:ff:ff:ff, scn=4, is_server=1, mtu=990, uuid=0x0039, dlci=8, signal_state=0x0b, p_port=0xbd2cef40
03-23 10:36:27.480   712  1186 W BluetoothAdapter: getBluetoothService() called with no BluetoothManagerCallback
03-23 10:36:27.481   712  1186 D BluetoothAdapter: listenUsingL2capOn: set assigned channel to 4097
03-23 10:36:27.481   712  1186 D ObexServerSockets: Succeed to create listening sockets 
03-23 10:36:27.482   712  1186 D ObexServerSockets0: startAccept()
03-23 10:36:27.482   712   712 V BluetoothHidDeviceServiceJni: initNative enter
03-23 10:36:27.482   712   712 I bt_btif : get_profile_interface: id = hiddev
03-23 10:36:27.482   712   712 V BluetoothHidDeviceServiceJni: initNative done
03-23 10:36:27.482   712  1186 D BluetoothSdpJni: sdpCreateMapMasRecordNative
03-23 10:36:27.482   712  1186 D BluetoothSdpJni: SDP Create record success - handle: 0
03-23 10:36:27.484   712   712 D BluetoothAdapterService: getAdapterService() - returning com.android.bluetooth.btservice.AdapterService@64d6646
03-23 10:36:27.484   961   961 D CellBroadcastServiceManager: serviceWasBound=true
03-23 10:36:27.486   712  1193 D ObexServerSockets0: Accepting socket connection...
03-23 10:36:27.487   712   712 D BtOppService: setBluetoothOppService(): set to: com.android.bluetooth.opp.BluetoothOppService@a0c04b7
03-23 10:36:27.487   712   712 D BluetoothAdapterService: getAdapterService() - returning com.android.bluetooth.btservice.AdapterService@64d6646
03-23 10:36:27.488   712   958 I bt_btif_storage: btif_storage_get_adapter_property service_mask:0x60100048
03-23 10:36:27.496   712   712 I BluetoothPbapService: setCurrentUser(0)
03-23 10:36:27.499   712  1194 D ObexServerSockets0: Accepting socket connection...
03-23 10:36:27.506   712   712 D BluetoothPbapService: setBluetoothPbapService(): set to: com.android.bluetooth.pbap.BluetoothPbapService@8082f45
03-23 10:36:27.507   712   712 D HeadsetPhoneState: sendDeviceStateChanged. mService=0 mSignal=0 mRoam=0 mBatteryCharge=5
03-23 10:36:27.507   712   712 D AvrcpVolumeManager: onAudioDevicesAdded: Not expecting device changed
03-23 10:36:27.519   712   712 D CompatibilityChangeReporter: Compat change id reported: 150939131; UID 1002; state: ENABLED
03-23 10:36:27.520   712  1197 D ObexServerSockets: create(rfcomm = -2, l2capPsm = -2)
03-23 10:36:27.520   712   712 D AdapterProperties: onBluetoothReady, state=TURNING_ON, ScanMode=20
03-23 10:36:27.520   712  1197 W BluetoothAdapter: getBluetoothService() called with no BluetoothManagerCallback
03-23 10:36:27.521   712  1173 I bt_stack: [INFO:port_api.cc(216)] RFCOMM_CreateConnection: bd_addr=ff:ff:ff:ff:ff:ff, scn=5, is_server=1, mtu=990, uuid=0x003b, dlci=10, signal_state=0x0b, p_port=0xbd2cefc8
03-23 10:36:27.521   712  1197 W BluetoothAdapter: getBluetoothService() called with no BluetoothManagerCallback
03-23 10:36:27.521   712   712 D BluetoothAdapterService: updateUuids() - Updating UUIDs for bonded devices
03-23 10:36:27.521   712  1197 D BluetoothAdapter: listenUsingL2capOn: set assigned channel to 4099
03-23 10:36:27.521   712  1197 D ObexServerSockets: Succeed to create listening sockets 
03-23 10:36:27.521   712  1197 D ObexServerSockets1: startAccept()
03-23 10:36:27.521   712   712 I BluetoothAdapterService: initProfileServices: Initializing all bluetooth profile services
03-23 10:36:27.521   712   712 I BluetoothA2dpSinkServiceJni: classInitNative: succeeds
03-23 10:36:27.522   712   712 W HeadsetClientService: getHeadsetClientService(): service is null
03-23 10:36:27.522   712  1197 D BluetoothSdpJni: sdpCreatePbapPseRecordNative
03-23 10:36:27.522   712   712 W MapClientService: getMapClientService(): service is null
03-23 10:36:27.522   712  1197 D BluetoothSdpJni: SDP Create record success - handle: 1
03-23 10:36:27.523   712  1197 D BluetoothPbapService: created Sdp record, mSdpHandle=1
03-23 10:36:27.523   712   712 W PbapClientService: getPbapClientService(): service is null
03-23 10:36:27.523   712   712 W HearingAidService: getHearingAidService(): service is NULL
03-23 10:36:27.523   712   712 W SapService: getSapService(): service is null
03-23 10:36:27.523   712   926 I AdapterState: ON : entered 
03-23 10:36:27.523   712   926 D AdapterProperties: Setting state to ON
03-23 10:36:27.524   712   926 D BluetoothAdapterService: updateAdapterState() - Broadcasting state ON to 1 receivers.
03-23 10:36:27.524   712   958 D AdapterProperties: Scan Mode:21
03-23 10:36:27.524   712   958 D AdapterProperties: Discoverable Timeout:120
03-23 10:36:27.524   553   576 D BluetoothHeadset: onBluetoothStateChange: up=true
03-23 10:36:27.525   553   576 I chatty  : uid=1000(system) android.io identical 1 line
03-23 10:36:27.525   553   576 D BluetoothHeadset: onBluetoothStateChange: up=true
03-23 10:36:27.528   712  1199 D BluetoothPbapUtils: Failed to fetch contacts data from database..
03-23 10:36:27.528   712  1200 D ObexServerSockets1: Accepting socket connection...
03-23 10:36:27.528   712   712 D BluetoothAdapterService: isQuetModeEnabled() - Enabled = false
03-23 10:36:27.528   712   712 I BluetoothPhonePolicy: autoConnect: Initiate auto connection on BT on...
03-23 10:36:27.530   712   712 D BluetoothDatabase: getMostRecentlyConnectedA2dpDevice: Invalid address for device LocalStorage
03-23 10:36:27.531   712   712 E BluetoothPhonePolicy: autoConnect: most recently active a2dp device is null
03-23 10:36:27.531   712   958 D AdapterProperties: mLocalIOCapability set to 1
03-23 10:36:27.532   712   960 D BluetoothActiveDeviceManager: handleMessage(MESSAGE_ADAPTER_ACTION_STATE_CHANGED): newState=12
03-23 10:36:27.532   712  1201 D ObexServerSockets1: Accepting socket connection...
03-23 10:36:27.533   712   958 D AdapterProperties: mLocalIOCapabilityBLE set to 4
03-23 10:36:27.543   745   924 D LocalBluetoothProfileManager: Adding local A2DP profile
03-23 10:36:27.544   745   924 D BluetoothA2dp: Binding service...
03-23 10:36:27.549   745   924 D LocalBluetoothProfileManager: Adding local HEADSET profile
03-23 10:36:27.554   712   712 D BtOppService: start Socket Listeners
03-23 10:36:27.554   712   712 D BtOppService: stopListeners: mServerSocket is null
03-23 10:36:27.554   712   712 D ObexServerSockets: create(rfcomm = -2, l2capPsm = -2)
03-23 10:36:27.555   712   712 W BluetoothAdapter: getBluetoothService() called with no BluetoothManagerCallback
03-23 10:36:27.556   712  1173 I bt_stack: [INFO:port_api.cc(216)] RFCOMM_CreateConnection: bd_addr=ff:ff:ff:ff:ff:ff, scn=6, is_server=1, mtu=990, uuid=0x003d, dlci=12, signal_state=0x0b, p_port=0xbd2cf050
03-23 10:36:27.556   712   712 D BluetoothAdapter: listenUsingInsecureL2capOn: port=-2
03-23 10:36:27.557   712   712 W BluetoothAdapter: getBluetoothService() called with no BluetoothManagerCallback
03-23 10:36:27.563   712   712 D BluetoothAdapter: listenUsingInsecureL2capOn: set assigned channel to 4101
03-23 10:36:27.563   712   712 D ObexServerSockets: Succeed to create listening sockets 
03-23 10:36:27.563   712   712 D ObexServerSockets2: startAccept()
03-23 10:36:27.563   712   712 D BluetoothSdpJni: sdpCreateOppOpsRecordNative
03-23 10:36:27.563   712   712 D BluetoothSdpJni: SDP Create record success - handle: 2
03-23 10:36:27.563   712   712 D BtOppService: mOppSdpHandle :2
03-23 10:36:27.566   712  1206 D ObexServerSockets2: Accepting socket connection...
03-23 10:36:27.567   745   924 D LocalBluetoothProfileManager: Adding local MAP profile
03-23 10:36:27.568   745   924 D BluetoothMap: Create BluetoothMap proxy object
03-23 10:36:27.569   745   924 D BluetoothMap: Binding service...
03-23 10:36:27.574   712  1205 D ObexServerSockets2: Accepting socket connection...
03-23 10:36:27.584   745   924 D LocalBluetoothProfileManager: Adding local OPP profile
03-23 10:36:27.584   745   924 D LocalBluetoothProfileManager: Adding local HID_HOST profile
03-23 10:36:27.586   745   924 D BluetoothHidHost: Binding service...
03-23 10:36:27.588   745   924 D LocalBluetoothProfileManager: Adding local HID_DEVICE profile
03-23 10:36:27.595   745   924 D BluetoothHidDevice: Binding service...
03-23 10:36:27.596   745   924 D LocalBluetoothProfileManager: Adding local PAN profile
03-23 10:36:27.597   745   924 D BluetoothPan: Binding service...
03-23 10:36:27.598   745   924 D LocalBluetoothProfileManager: Adding local PBAP profile
03-23 10:36:27.601  1101  1101 W ContextImpl: Failed to ensure /data/user/0/com.android.launcher3/files: mkdir failed: errno 126 (Required key not available)
03-23 10:36:27.601  1101  1101 D TouchInteractionService: Touch service connected
03-23 10:36:27.608   961   961 D DataEnabledOverride: Default phones haven't been made yet!
03-23 10:36:27.625   553   576 D BluetoothHeadset: Proxy object connected
03-23 10:36:27.625   553   576 I chatty  : uid=1000(system) android.io identical 1 line
03-23 10:36:27.626   553   576 D BluetoothHeadset: Proxy object connected
03-23 10:36:27.626   553   681 I AS.BtHelper: setBtScoActiveDevice: null -> null
03-23 10:36:27.628   387   387 D PermissionCache: checking android.permission.MODIFY_AUDIO_SETTINGS for uid=1002 => granted (83 us)
03-23 10:36:27.629   553   655 I system_server: oneway function results will be dropped but finished with status OK and parcel size 4
03-23 10:36:27.629   553   655 I chatty  : uid=1000(system) Binder:553_5 identical 2 lines
03-23 10:36:27.630   553   655 I system_server: oneway function results will be dropped but finished with status OK and parcel size 4
03-23 10:36:27.632   961   961 D CompatibilityChangeReporter: Compat change id reported: 147600208; UID 1001; state: ENABLED
03-23 10:36:27.642   961   961 W SQLiteLog: (28) double-quoted string literal: "emergency"
03-23 10:36:27.643   961   961 W SQLiteLog: (28) double-quoted string literal: "emergency"
03-23 10:36:27.653   745  1160 D BluetoothHeadset: Proxy object connected
03-23 10:36:27.694   961   961 D PhoneSwitcherNetworkRequstListener: Registering NetworkFactory
03-23 10:36:27.712   961  1212 W CallerInfoCache: cursor is null
03-23 10:36:27.727   961   961 I ImsRcsController: ImsRcsController
03-23 10:36:27.729   961   961 D CarrierConfigLoader: CarrierConfigLoader has started
03-23 10:36:27.768   961   961 I Telephony: TelecomAccountRegistry: setupOnBoot - register subscription listener
03-23 10:36:27.776   177   177 I hwservicemanager: getTransport: Cannot find entry android.hardware.radio.config@1.1::IRadioConfig/default in either framework or device manifest.
03-23 10:36:27.776   177   177 I hwservicemanager: getTransport: Cannot find entry android.hardware.radio.config@1.0::IRadioConfig/default in either framework or device manifest.
03-23 10:36:27.842   961  1210 D BluetoothHeadset: Proxy object connected
03-23 10:36:27.920   745   745 W System  : ClassLoader referenced unknown path: 
03-23 10:36:28.021   745   745 D NavigationModeController: getCurrentInteractionMode: mode=0 contextUser=0
03-23 10:36:28.088   745   745 D NavigationModeController: getCurrentInteractionMode: mode=0 contextUser=0
03-23 10:36:28.133   745   745 D StatusBar: mUserSetupObserver - DeviceProvisionedListener called for user 0
03-23 10:36:28.134   745   745 D StatusBar: updateQsExpansionEnabled - QS Expand enabled: true
03-23 10:36:28.135   745   745 D StatusBar: mUserSetupObserver - DeviceProvisionedListener called for user 0
03-23 10:36:28.138   745  1216 D OpenGLRenderer: profile bars disabled
03-23 10:36:28.139   745  1216 D OpenGLRenderer: ambientRatio = 1.50
03-23 10:36:28.193   961   961 D CellBroadcastServiceManager: connected to CellBroadcastService
03-23 10:36:28.261   745   745 D NotifPipeline: Notif pipeline initialized
03-23 10:36:28.268   303   341 D goldfish-address-space: claimShared: Ask to claim region [0x3f8e10000 0x3f9c20000]
03-23 10:36:28.283   745   745 V WifiManager: registerSoftApCallback: callback=com.android.systemui.statusbar.policy.HotspotControllerImpl@2ce5808, executor=android.os.HandlerExecutor@ede1ba1
03-23 10:36:28.292   553   919 I DefaultPermGrantPolicy: Revoking permissions from disabled data services for user:0
03-23 10:36:28.294   553   919 I DefaultPermGrantPolicy: Granting permissions to enabled data services for user:0
03-23 10:36:28.350   745   745 D KeyguardViewMediator: adjustStatusBarLocked: mShowing=false mOccluded=false isSecure=false force=false --> flags=0x0
03-23 10:36:28.351   745   745 D NavigationModeController: getCurrentInteractionMode: mode=0 contextUser=0
03-23 10:36:28.376   745   745 W SystemUIService: Initialization of com.android.systemui.statusbar.phone.StatusBar took 2371 ms
03-23 10:36:28.380   745   745 D StorageNotification: Notifying about private volume: VolumeInfo{private}:
03-23 10:36:28.380   745   745 D StorageNotification:     type=PRIVATE diskId=null partGuid=null mountFlags=0 mountUserId=-10000 
03-23 10:36:28.380   745   745 D StorageNotification:     state=MOUNTED 
03-23 10:36:28.380   745   745 D StorageNotification:     fsType=null fsUuid=null fsLabel=null 
03-23 10:36:28.380   745   745 D StorageNotification:     path=/data internalPath=null 
03-23 10:36:28.421   177   177 I hwservicemanager: getTransport: Cannot find entry android.hardware.radio.config@1.1::IRadioConfig/default in either framework or device manifest.
03-23 10:36:28.422   177   177 I hwservicemanager: getTransport: Cannot find entry android.hardware.radio.config@1.0::IRadioConfig/default in either framework or device manifest.
03-23 10:36:28.433   177   177 I hwservicemanager: getTransport: Cannot find entry android.hardware.radio.config@1.1::IRadioConfig/default in either framework or device manifest.
03-23 10:36:28.433   177   177 I hwservicemanager: getTransport: Cannot find entry android.hardware.radio.config@1.0::IRadioConfig/default in either framework or device manifest.
03-23 10:36:28.433   961   961 D PhoneSwitcherNetworkRequstListener: got request NetworkRequest [ TRACK_DEFAULT id=10, [ Capabilities: INTERNET&NOT_RESTRICTED&TRUSTED Uid: 1073 AdministratorUids: [] RequestorUid: 1073 RequestorPackageName: com.android.networkstack] ] with score 0 and providerId -1
03-23 10:36:28.434   961   961 D PhoneSwitcherNetworkRequstListener: got request NetworkRequest [ REQUEST id=12, [ Capabilities: INTERNET&NOT_RESTRICTED&TRUSTED&NOT_VPN AdministratorUids: [] RequestorUid: 1073 RequestorPackageName: com.android.networkstack] ] with score 0 and providerId -1
03-23 10:36:28.434   961   961 D PhoneSwitcherNetworkRequstListener: got request NetworkRequest [ TRACK_DEFAULT id=9, [ Capabilities: INTERNET&NOT_RESTRICTED&TRUSTED Uid: 1000 AdministratorUids: [] RequestorUid: 1000 RequestorPackageName: android] ] with score 0 and providerId -1
03-23 10:36:28.434   961   961 D PhoneSwitcherNetworkRequstListener: got request NetworkRequest [ TRACK_DEFAULT id=15, [ Capabilities: INTERNET&NOT_RESTRICTED&TRUSTED Uid: 10112 AdministratorUids: [] RequestorUid: 10112 RequestorPackageName: com.android.systemui] ] with score 0 and providerId -1
03-23 10:36:28.435   961   961 D PhoneSwitcherNetworkRequstListener: got request NetworkRequest [ BACKGROUND_REQUEST id=2, [ Transports: CELLULAR Capabilities: INTERNET&NOT_RESTRICTED&TRUSTED&NOT_VPN AdministratorUids: [] RequestorUid: 1000 RequestorPackageName: android] ] with score 0 and providerId -1
03-23 10:36:28.435   961   961 D PhoneSwitcherNetworkRequstListener: got request NetworkRequest [ TRACK_DEFAULT id=14, [ Capabilities: INTERNET&NOT_RESTRICTED&TRUSTED Uid: 10112 AdministratorUids: [] RequestorUid: 10112 RequestorPackageName: com.android.systemui] ] with score 0 and providerId -1
03-23 10:36:28.435   961   961 D PhoneSwitcherNetworkRequstListener: got request NetworkRequest [ REQUEST id=1, [ Capabilities: INTERNET&NOT_RESTRICTED&TRUSTED&NOT_VPN AdministratorUids: [] RequestorUid: 1000 RequestorPackageName: android] ] with score 0 and providerId -1
03-23 10:36:28.443   961   961 D TelephonyDebugService: TelephonyDebugService()
03-23 10:36:28.444   961   961 D CarrierConfigLoader: mHandler: 12 phoneId: 0
03-23 10:36:28.491   745   745 D StatusBar: disable<e i a s b h r c s > disable2<q i n >
03-23 10:36:28.510   745  1131 D KeyguardViewMediator: onStartedWakingUp, seq = 1
03-23 10:36:28.510   745  1131 D KeyguardViewMediator: notifyStartedWakingUp
03-23 10:36:28.510   745  1131 D KeyguardViewMediator: notifyScreenOn
03-23 10:36:28.510   745  1131 D KeyguardViewMediator: notifyScreenTurnedOn
03-23 10:36:28.512   745  1131 D KeyguardViewMediator: adjustStatusBarLocked: mShowing=false mOccluded=false isSecure=false force=false --> flags=0x0
03-23 10:36:28.512   745   745 W KeyguardUpdateMonitor: invalid subId in handleServiceStateChange()
03-23 10:36:28.547   328   400 W ServiceManager: Permission failure: android.permission.ACCESS_SURFACE_FLINGER from uid=10112 pid=745
03-23 10:36:28.547   328   400 D PermissionCache: checking android.permission.ACCESS_SURFACE_FLINGER for uid=10112 => denied (2635 us)
03-23 10:36:28.562   745  1097 I vol.Events: writeEvent external_ringer_mode_changed normal
03-23 10:36:28.562   745  1097 I vol.Events: writeEvent internal_ringer_mode_changed normal
03-23 10:36:28.579   553   988 D BufferPoolAccessor2.0: bufferpool2 0xec09c198 : 0(0 size) total buffers - 0(0 size) used buffers - 1/9 (recycle/alloc) - 8/24 (fetch/transfer)
03-23 10:36:28.579   553   988 D BufferPoolAccessor2.0: evictor expired: 1, evicted: 1
03-23 10:36:28.582   961   961 D PhoneSwitcherNetworkRequstListener: got request NetworkRequest [ TRACK_DEFAULT id=18, [ Capabilities: INTERNET&NOT_RESTRICTED&TRUSTED Uid: 1001 AdministratorUids: [] RequestorUid: 1001 RequestorPackageName: com.android.phone] ] with score 0 and providerId 0
03-23 10:36:28.592   442   913 D BufferPoolAccessor2.0: bufferpool2 0xf15419a8 : 0(0 size) total buffers - 0(0 size) used buffers - 5/10 (recycle/alloc) - 5/9 (fetch/transfer)
03-23 10:36:28.592   442   913 D BufferPoolAccessor2.0: evictor expired: 1, evicted: 1
03-23 10:36:28.598   553   553 D BluetoothA2dp: Binding service...
03-23 10:36:28.599   553   553 D BluetoothA2dp: Proxy object connected
03-23 10:36:28.608   745   745 D Tonal   : Tonal Palette - index: 10. Main color: ffe590b7
03-23 10:36:28.608   745   745 D Tonal   : Colors: ff060104, ff1b0613, ff2f0b23, ff481135, ff671850, ff861f5d, ffa42773, ffbe4d91, ffd85a9e, ffde73aa, ffe590b7, ffefb9d1, fff5d6e5
03-23 10:36:28.608   745   745 D Tonal   : Gradients: 
03-23 10:36:28.608   745   745 D Tonal   : 	Normal GradientColors(ffe590b7, ffe590b7)
03-23 10:36:28.608   745   745 D Tonal   : 	Dark GradientColors(ff481135, ff481135)
03-23 10:36:28.608   745   745 D Tonal   : 	Extra dark: GradientColors(ff2f0b23, ff2f0b23)
03-23 10:36:28.609   745   745 D Tonal   : Tonal Palette - index: 10. Main color: ffe590b7
03-23 10:36:28.609   745   745 D Tonal   : Colors: ff060104, ff1b0613, ff2f0b23, ff481135, ff671850, ff861f5d, ffa42773, ffbe4d91, ffd85a9e, ffde73aa, ffe590b7, ffefb9d1, fff5d6e5
03-23 10:36:28.609   745   745 D Tonal   : Gradients: 
03-23 10:36:28.609   745   745 D Tonal   : 	Normal GradientColors(ffe590b7, ffe590b7)
03-23 10:36:28.609   745   745 D Tonal   : 	Dark GradientColors(ff481135, ff481135)
03-23 10:36:28.609   745   745 D Tonal   : 	Extra dark: GradientColors(ff2f0b23, ff2f0b23)
03-23 10:36:28.645   303   341 D goldfish-address-space: claimShared: Ask to claim region [0x3f8000000 0x3f8e10000]
03-23 10:36:28.647   745   745 D libEGL  : loaded /vendor/lib/egl/libEGL_emulation.so
03-23 10:36:28.649   745   745 D libEGL  : loaded /vendor/lib/egl/libGLESv1_CM_emulation.so
03-23 10:36:28.652   745   745 D libEGL  : loaded /vendor/lib/egl/libGLESv2_emulation.so
03-23 10:36:28.656   303   341 D goldfish-address-space: claimShared: Ask to claim region [0x3faa30000 0x3fb840000]
03-23 10:36:28.661   961   961 D IntentBroadcaster: Broadcasting and adding intent for rebroadcast: android.intent.action.SIM_STATE_CHANGED NOT_READY for phoneId 0
03-23 10:36:28.673   745   745 E libEGL  : validate_display:89 error 3001 (EGL_NOT_INITIALIZED)
03-23 10:36:28.688   553   568 D TelephonyRegistryManager: onSubscriptionsChangedListener callback received.
03-23 10:36:28.688   553   568 I chatty  : uid=1000(system) Binder:553_2 identical 3 lines
03-23 10:36:28.688   553   568 D TelephonyRegistryManager: onSubscriptionsChangedListener callback received.
03-23 10:36:28.689   745  1131 D TelephonyRegistryManager: onSubscriptionsChangedListener callback received.
03-23 10:36:28.689   712  1202 D TelephonyRegistryManager: onSubscriptionsChangedListener callback received.
03-23 10:36:28.689   745  1069 D TelephonyRegistryManager: onSubscriptionsChangedListener callback received.
03-23 10:36:28.689   961  1211 D TelephonyRegistryManager: onSubscriptionsChangedListener callback received.
03-23 10:36:28.689   961  1211 I chatty  : uid=1001(radio) Binder:961_5 identical 1 line
03-23 10:36:28.689   961  1211 D TelephonyRegistryManager: onSubscriptionsChangedListener callback received.
03-23 10:36:28.689   961  1210 D TelephonyRegistryManager: onSubscriptionsChangedListener callback received.
03-23 10:36:28.689   961   991 D TelephonyRegistryManager: onSubscriptionsChangedListener callback received.
03-23 10:36:28.689   961   993 D TelephonyRegistryManager: onSubscriptionsChangedListener callback received.
03-23 10:36:28.692   961   997 D TelephonyRegistryManager: onSubscriptionsChangedListener callback received.
03-23 10:36:28.692   553   659 W BestClock: java.time.DateTimeException: Missing NTP fix
03-23 10:36:28.693   712  1181 D HeadsetPhoneState: sendDeviceStateChanged. mService=0 mSignal=0 mRoam=0 mBatteryCharge=5
03-23 10:36:28.693   553   659 W BestClock: java.time.DateTimeException: Missing NTP fix
03-23 10:36:28.693   712  1181 I HeadsetPhoneState: stopListenForPhoneState(), no listener indicates nothing is listening
03-23 10:36:28.698   712  1181 W HeadsetPhoneState: startListenForPhoneState, no event to listen
03-23 10:36:28.746   553   568 D TelephonyRegistryManager: onSubscriptionsChangedListener callback received.
03-23 10:36:28.746   553   568 I chatty  : uid=1000(system) Binder:553_2 identical 3 lines
