03-23 10:36:22.715   553   658 W system_server: Long monitor contention with owner main (553) at int com.android.server.am.UserController$Injector.broadcastIntent(android.content.Intent, java.lang.String, android.content.IIntentReceiver, int, java.lang.String, android.os.Bundle, java.lang.String[], int, android.os.Bundle, boolean, boolean, int, int, int, int, int)(UserController.java:2748) waiters=1 in int com.android.server.am.ActivityManagerService.broadcastIntentWithFeature(android.app.IApplicationThread, java.lang.String, android.content.Intent, java.lang.String, android.content.IIntentReceiver, int, java.lang.String, android.os.Bundle, java.lang.String[], int, android.os.Bundle, boolean, boolean, int) for 2.901s
03-23 10:36:22.715   553   568 W system_server: Long monitor contention with owner main (553) at int com.android.server.am.UserController$Injector.broadcastIntent(android.content.Intent, java.lang.String, android.content.IIntentReceiver, int, java.lang.String, android.os.Bundle, java.lang.String[], int, android.os.Bundle, boolean, boolean, int, int, int, int, int)(UserController.java:2748) waiters=2 in void com.android.server.am.ActivityManagerService.attachApplication(android.app.IApplicationThread, long) for 2.678s
03-23 10:36:22.722   553   659 W BestClock: java.time.DateTimeException: Missing NTP fix
03-23 10:36:22.722   553   659 W BestClock: java.time.DateTimeException: Missing NTP fix
03-23 10:36:22.723   553   577 D EventSequenceValidator: Transition from INTENT_STARTED to ACTIVITY_LAUNCHED
03-23 10:36:22.725   553   577 I InputManager: Enabling motion classifier because user switched: feature enabled, long press timeout = 400
03-23 10:36:22.725   553   577 I InputClassifier: Enabling motion classifier
03-23 10:36:22.729   553   659 W BestClock: java.time.DateTimeException: Missing NTP fix
03-23 10:36:22.730   553   659 I chatty  : uid=1000(system) NetworkPolicy identical 6 lines
03-23 10:36:22.731   553   659 W BestClock: java.time.DateTimeException: Missing NTP fix
03-23 10:36:22.731   553   587 I libprocessgroup: Successfully killed process cgroup uid 1037 pid 774 in 0ms
03-23 10:36:22.739   453   453 D FingerprintHal: ----------------> fingerprint_enumerate ----------------->
03-23 10:36:22.739   453   453 D android.hardware.biometrics.fingerprint@2.1-service: onEnumerate(fid=0, gid=0, rem=0)
03-23 10:36:22.745   553   553 D WifiP2pService: Wifi enabled=false, P2P Interface availability=true
03-23 10:36:22.745   553   574 D CompatibilityChangeReporter: Compat change id reported: 150939131; UID 1000; state: ENABLED
03-23 10:36:22.772   442   515 V C2Store : in ~ComponentModule
03-23 10:36:22.772   442   515 V C2Store : unloading dll
03-23 10:36:22.773   442   515 V C2Store : in init
03-23 10:36:22.773   442   515 V C2Store : loading dll
03-23 10:36:22.796   442   515 V C2Store : in ~ComponentModule
03-23 10:36:22.796   442   515 V C2Store : unloading dll
03-23 10:36:22.796   442   515 V C2Store : in init
03-23 10:36:22.796   442   515 V C2Store : loading dll
03-23 10:36:22.836   712   712 D AdapterState: make() - Creating AdapterState
03-23 10:36:22.838   442   515 V C2Store : in ~ComponentModule
03-23 10:36:22.838   442   515 V C2Store : unloading dll
03-23 10:36:22.838   442   515 V C2Store : in init
03-23 10:36:22.838   442   515 V C2Store : loading dll
03-23 10:36:22.870   745   745 D CompatibilityChangeReporter: Compat change id reported: 147600208; UID 10112; state: ENABLED
03-23 10:36:22.883   712   926 I AdapterState: OFF : entered 
03-23 10:36:22.883   712   926 D AdapterProperties: Setting state to OFF
03-23 10:36:22.898   859   859 I rkstack.proces: The ClassLoaderContext is a special shared library.
03-23 10:36:22.900   442   515 V C2Store : in ~ComponentModule
03-23 10:36:22.900   442   515 V C2Store : unloading dll
03-23 10:36:22.900   442   515 V C2Store : in init
03-23 10:36:22.900   442   515 V C2Store : loading dll
03-23 10:36:22.915   712   712 D BluetoothKeystoreService: new BluetoothKeystoreService isNiapMode: false
03-23 10:36:22.928   712   712 D BluetoothKeystoreService: start
03-23 10:36:22.929   712   712 I droid.bluetoot: [0323/103622.929254:INFO:com_android_bluetooth_btservice_BluetoothKeystore.cpp(97)] classInitNative: succeeds
03-23 10:36:22.929   712   712 D BluetoothKeystoreService: setBluetoothKeystoreService(): set to: com.android.bluetooth.btservice.bluetoothkeystore.BluetoothKeystoreService@3db9d15
03-23 10:36:22.940   712   712 D BluetoothKeystoreService: loadConfigData
03-23 10:36:22.947   287   287 D Zygote  : Forked child process 932
03-23 10:36:22.947   712   712 D BluetoothKeystoreService: getCompareResult: 0
03-23 10:36:22.950   859   859 D NetworkSecurityConfig: No Network Security Config specified, using platform default
03-23 10:36:22.952   745   745 D MediaResumeListener: loaded resume components []
03-23 10:36:22.953   859   859 D NetworkSecurityConfig: No Network Security Config specified, using platform default
03-23 10:36:22.965   553   553 I system_server: The ClassLoaderContext is a special shared library.
03-23 10:36:23.002   712   712 I bt_btif : init: start restricted = 0 ; niap = 0, config compare result = 0
03-23 10:36:23.002   712   712 I bt_btif : init Preserving legacy bluetooth functionality
03-23 10:36:23.002   712   712 D bt_osi_allocation_tracker: canary initialized
03-23 10:36:23.017   712   935 I droid.bluetoot: [0323/103623.015810:INFO:message_loop_thread.cc(175)] Run: message loop starting for thread bt_stack_manager_thread
03-23 10:36:23.026   932   932 W com.android.se: Unexpected CPU variant for X86 using defaults: x86
03-23 10:36:23.028   442   515 V C2Store : in ~ComponentModule
03-23 10:36:23.028   442   515 V C2Store : unloading dll
03-23 10:36:23.028   442   515 V C2Store : in init
03-23 10:36:23.028   442   515 V C2Store : loading dll
03-23 10:36:23.057   442   515 I C2SoftVp8Enc: setting temporal layering 0 + 0
03-23 10:36:23.058   442   515 V C2Store : in ~ComponentModule
03-23 10:36:23.058   442   515 V C2Store : unloading dll
03-23 10:36:23.058   442   515 V C2Store : in init
03-23 10:36:23.058   442   515 V C2Store : loading dll
03-23 10:36:23.083   442   515 V C2Store : in ~ComponentModule
03-23 10:36:23.084   442   515 V C2Store : unloading dll
03-23 10:36:23.084   442   515 V C2Store : in init
03-23 10:36:23.084   382   435 I adbd    : jdwp connection from 932
03-23 10:36:23.085   712   935 I bt_stack_manager: event_init_stack is initializing the stack
03-23 10:36:23.087   442   515 V C2Store : loading dll
03-23 10:36:23.148   442   515 I C2SoftVp9Enc: setting temporal layering 0 + 0
03-23 10:36:23.149   442   515 V C2Store : in ~ComponentModule
03-23 10:36:23.149   442   515 V C2Store : unloading dll
03-23 10:36:23.150   418   489 D MediaCodecsXmlParser: parsing /apex/com.android.media.swcodec/etc/media_codecs.xml...
03-23 10:36:23.150   712   954 I bt_osi_thread: run_thread: thread id 954, thread name alarm_default_ca started
03-23 10:36:23.157   712   956 I bt_osi_thread: run_thread: thread id 956, thread name alarm_dispatcher started
03-23 10:36:23.163   418   489 D MediaCodecsXmlParser: disabling c2.android.gsm.decoder
03-23 10:36:23.164   418   489 D MediaCodecsXmlParser: disabling c2.android.mpeg2.decoder
03-23 10:36:23.166   418   489 D MediaCodecsXmlParser: Cannot find 
03-23 10:36:23.166   418   489 I chatty  : uid=1013(media) Binder:418_1 identical 1 line
03-23 10:36:23.166   418   489 D MediaCodecsXmlParser: Cannot find 
03-23 10:36:23.166   418   489 D MediaCodecsXmlParser: parsing /vendor/etc/media_codecs.xml...
03-23 10:36:23.168   418   489 D MediaCodecsXmlParser: Ignoring unrecognized tag <MediaCodec> at line 85 of /vendor/etc/media_codecs.xml
03-23 10:36:23.168   418   489 D MediaCodecsXmlParser: Ignoring unrecognized tag <MediaCodec> at line 88 of /vendor/etc/media_codecs.xml
03-23 10:36:23.168   418   489 D MediaCodecsXmlParser: Ignoring unrecognized tag <MediaCodec> at line 91 of /vendor/etc/media_codecs.xml
03-23 10:36:23.168   418   489 D MediaCodecsXmlParser: parsing /vendor/etc/media_codecs_google_audio.xml...
03-23 10:36:23.172   418   489 D MediaCodecsXmlParser: parsing /vendor/etc/media_codecs_google_telephony.xml...
03-23 10:36:23.172   418   489 D MediaCodecsXmlParser: parsing /vendor/etc/media_codecs_google_video.xml...
03-23 10:36:23.175   712   935 I bt_btif_core: btif_init_bluetooth entered
03-23 10:36:23.175   418   489 D MediaCodecsXmlParser: parsing /vendor/etc/media_codecs_performance.xml...
03-23 10:36:23.175   712   935 I bt_stack_config: init attempt to load stack conf from /etc/bluetooth/bt_stack.conf
03-23 10:36:23.177   442   515 V C2Store : in init
03-23 10:36:23.178   442   515 V C2Store : loading dll
03-23 10:36:23.180   418   489 I Codec2InfoBuilder: adding type 'audio/mp4a-latm'
03-23 10:36:23.184   712   958 I droid.bluetoot: [0323/103623.184447:INFO:message_loop_thread.cc(175)] Run: message loop starting for thread bt_jni_thread
03-23 10:36:23.195   712   935 I bt_btif_core: btif_init_bluetooth finished
03-23 10:36:23.195   712   935 I bt_stack_manager: event_init_stack finished
03-23 10:36:23.200   712   712 I bt_osi_wakelock: wakelock_set_os_callouts set to non-native
03-23 10:36:23.200   712   712 I bt_btif : get_profile_interface: id = socket
03-23 10:36:23.202   712   712 D BluetoothKeystoreService: initJni()
03-23 10:36:23.202   712   712 I bt_btif : get_profile_interface: id = bluetooth_keystore
03-23 10:36:23.202   712   712 I bt_btif : get_profile_interface: id = sdp
03-23 10:36:23.203   712   712 I BluetoothAdapterService: Phone policy enabled
03-23 10:36:23.207   712   712 D BluetoothActiveDeviceManager: start()
03-23 10:36:23.217   712   958 E bt_btif_storage: btif_storage_get_adapter_property: Controller not ready! Unable to return Bluetooth Address
03-23 10:36:23.217   712   958 E BluetoothServiceJni: adapter_properties_callback: Status 1 is incorrect
03-23 10:36:23.218   712   958 D AdapterProperties: Name is: Android SDK built for x86
03-23 10:36:23.218   712   958 D AdapterProperties: BT Class:5a020c
03-23 10:36:23.221   745   745 W AlarmManager: Unrecognized alarm listener com.android.systemui.keyguard.-$$Lambda$KeyguardSliceProvider$IhzByd8TsqFuOrSyuGurVskyPLo@57870f3
03-23 10:36:23.241   442   515 V C2Store : in ~ComponentModule
03-23 10:36:23.241   442   515 V C2Store : unloading dll
03-23 10:36:23.241   442   515 V C2Store : in init
03-23 10:36:23.241   442   515 V C2Store : loading dll
03-23 10:36:23.242   418   489 I Codec2InfoBuilder: adding type 'audio/mp4a-latm'
03-23 10:36:23.243   287   287 D Zygote  : Forked child process 961
03-23 10:36:23.243   442   515 V C2Store : in ~ComponentModule
03-23 10:36:23.243   442   515 V C2Store : unloading dll
03-23 10:36:23.243   442   515 V C2Store : in init
03-23 10:36:23.243   442   515 V C2Store : loading dll
03-23 10:36:23.245   418   489 I Codec2InfoBuilder: adding type 'audio/3gpp'
03-23 10:36:23.246   442   514 V C2Store : in init
03-23 10:36:23.246   442   514 V C2Store : loading dll
03-23 10:36:23.247   442   515 V C2Store : in ~ComponentModule
03-23 10:36:23.247   442   515 V C2Store : unloading dll
03-23 10:36:23.252   418   489 I Codec2InfoBuilder: adding type 'audio/3gpp'
03-23 10:36:23.252   442   442 V C2Store : in init
03-23 10:36:23.252   442   442 V C2Store : loading dll
03-23 10:36:23.256   442   515 V C2Store : in ~ComponentModule
03-23 10:36:23.257   442   515 V C2Store : unloading dll
03-23 10:36:23.258   418   489 I Codec2InfoBuilder: adding type 'audio/amr-wb'
03-23 10:36:23.258   442   514 V C2Store : in init
03-23 10:36:23.258   442   514 V C2Store : loading dll
03-23 10:36:23.258   442   514 V C2Store : in ~ComponentModule
03-23 10:36:23.258   442   514 V C2Store : unloading dll
03-23 10:36:23.258   418   489 I Codec2InfoBuilder: adding type 'audio/amr-wb'
03-23 10:36:23.259   442   515 V C2Store : in init
03-23 10:36:23.259   442   515 V C2Store : loading dll
03-23 10:36:23.261   442   515 V C2Store : in ~ComponentModule
03-23 10:36:23.261   442   515 V C2Store : unloading dll
03-23 10:36:23.261   442   442 V C2Store : in init
03-23 10:36:23.261   442   442 V C2Store : loading dll
03-23 10:36:23.263   442   514 V C2Store : in init
03-23 10:36:23.263   442   514 V C2Store : loading dll
03-23 10:36:23.263   442   515 V C2Store : in ~ComponentModule
03-23 10:36:23.263   442   515 V C2Store : unloading dll
03-23 10:36:23.267   442   514 I mediaswcodec: missing struct descriptor #Param::CoreIndex(--004) for field values of struct #Param::CoreIndex(F-12004)
03-23 10:36:23.268   442   514 I mediaswcodec: missing struct descriptor #Param::CoreIndex(--004) for field values of struct #Param::CoreIndex(F-12004)
03-23 10:36:23.268   442   514 V C2Store : in ~ComponentModule
03-23 10:36:23.268   442   514 V C2Store : unloading dll
03-23 10:36:23.270   442   514 V C2Store : in ~ComponentModule
03-23 10:36:23.270   442   514 V C2Store : unloading dll
03-23 10:36:23.270   442   515 V C2Store : in init
03-23 10:36:23.270   442   515 V C2Store : loading dll
03-23 10:36:23.276   418   489 I Codec2InfoBuilder: adding type 'audio/flac'
03-23 10:36:23.277   442   514 V C2Store : in ~ComponentModule
03-23 10:36:23.277   442   514 V C2Store : unloading dll
03-23 10:36:23.279   442   962 V C2Store : in init
03-23 10:36:23.279   442   962 V C2Store : loading dll
03-23 10:36:23.285   418   489 I Codec2InfoBuilder: adding type 'audio/flac'
03-23 10:36:23.285   442   514 V C2Store : in init
03-23 10:36:23.285   442   514 V C2Store : loading dll
03-23 10:36:23.287   418   489 I Codec2InfoBuilder: adding type 'audio/g711-alaw'
03-23 10:36:23.288   442   442 V C2Store : in init
03-23 10:36:23.288   442   442 V C2Store : loading dll
03-23 10:36:23.288   442   442 V C2Store : in ~ComponentModule
03-23 10:36:23.288   442   442 V C2Store : unloading dll
03-23 10:36:23.288   418   489 I Codec2InfoBuilder: adding type 'audio/g711-mlaw'
03-23 10:36:23.289   442   514 V C2Store : in init
03-23 10:36:23.289   442   514 V C2Store : loading dll
03-23 10:36:23.293   442   515 V C2Store : in ~ComponentModule
03-23 10:36:23.293   442   515 V C2Store : unloading dll
03-23 10:36:23.297   442   514 V C2Store : in ~ComponentModule
03-23 10:36:23.297   442   514 V C2Store : unloading dll
03-23 10:36:23.297   418   489 D Codec2InfoBuilder: codec entry for 'c2.android.gsm.decoder' is disabled
03-23 10:36:23.297   442   962 V C2Store : in ~ComponentModule
03-23 10:36:23.297   442   962 V C2Store : unloading dll
03-23 10:36:23.297   442   442 V C2Store : in init
03-23 10:36:23.297   442   442 V C2Store : loading dll
03-23 10:36:23.299   442   515 V C2Store : in ~ComponentModule
03-23 10:36:23.299   442   515 V C2Store : unloading dll
03-23 10:36:23.299   442   962 V C2Store : in init
03-23 10:36:23.300   442   962 V C2Store : loading dll
03-23 10:36:23.303   442   442 V C2Store : in init
03-23 10:36:23.303   442   442 V C2Store : loading dll
03-23 10:36:23.304   442   442 V C2Store : in ~ComponentModule
03-23 10:36:23.304   442   442 V C2Store : unloading dll
03-23 10:36:23.304   442   514 V C2Store : in init
03-23 10:36:23.304   442   514 V C2Store : loading dll
03-23 10:36:23.304   442   515 V C2Store : in ~ComponentModule
03-23 10:36:23.304   442   515 V C2Store : unloading dll
03-23 10:36:23.305   442   514 I mediaswcodec: missing struct descriptor #Param::CoreIndex(--004) for field values of struct #Param::CoreIndex(F-12004)
03-23 10:36:23.305   442   514 D C2SoftHevcEnc: Given level 6000 does not cover current configuration: adjusting to 6001
03-23 10:36:23.305   442   514 I mediaswcodec: missing struct descriptor #Param::CoreIndex(--004) for field values of struct #Param::CoreIndex(F-12004)
03-23 10:36:23.305   442   514 D C2SoftHevcEnc: Given level 6000 does not cover current configuration: adjusting to 6001
03-23 10:36:23.305   442   962 V C2Store : in init
03-23 10:36:23.305   442   962 V C2Store : loading dll
03-23 10:36:23.307   442   962 V C2Store : in ~ComponentModule
03-23 10:36:23.307   442   962 V C2Store : unloading dll
03-23 10:36:23.308   418   489 I Codec2InfoBuilder: adding type 'audio/mpeg'
03-23 10:36:23.308   442   962 V C2Store : in init
03-23 10:36:23.308   442   962 V C2Store : loading dll
03-23 10:36:23.310   442   442 V C2Store : in init
03-23 10:36:23.310   442   442 V C2Store : loading dll
03-23 10:36:23.312   442   514 V C2Store : in ~ComponentModule
03-23 10:36:23.312   442   514 V C2Store : unloading dll
03-23 10:36:23.316   442   442 V C2Store : in init
03-23 10:36:23.316   442   442 V C2Store : loading dll
03-23 10:36:23.317   712   960 D BluetoothActiveDeviceManager: onAudioDevicesAdded
03-23 10:36:23.317   712   960 D BluetoothActiveDeviceManager: Audio device added: Android SDK built for x86 type: 18
03-23 10:36:23.317   712   960 D BluetoothActiveDeviceManager: Audio device added: Android SDK built for x86 type: 2
03-23 10:36:23.317   712   960 D BluetoothActiveDeviceManager: Audio device added: Android SDK built for x86 type: 18
03-23 10:36:23.317   712   960 D BluetoothActiveDeviceManager: Audio device added: Android SDK built for x86 type: 16
03-23 10:36:23.317   712   960 D BluetoothActiveDeviceManager: Audio device added: Android SDK built for x86 type: 25
03-23 10:36:23.318   712   960 D BluetoothActiveDeviceManager: Audio device added: Android SDK built for x86 type: 15
03-23 10:36:23.320   442   962 V C2Store : in ~ComponentModule
03-23 10:36:23.320   442   962 V C2Store : unloading dll
03-23 10:36:23.320   442   962 V C2Store : in ~ComponentModule
03-23 10:36:23.320   442   962 V C2Store : unloading dll
03-23 10:36:23.324   442   962 V C2Store : in ~ComponentModule
03-23 10:36:23.324   442   962 V C2Store : unloading dll
03-23 10:36:23.327   442   515 V C2Store : in init
03-23 10:36:23.327   442   515 V C2Store : loading dll
03-23 10:36:23.343   418   489 I Codec2InfoBuilder: adding type 'audio/opus'
03-23 10:36:23.343   442   962 V C2Store : in init
03-23 10:36:23.343   442   962 V C2Store : loading dll
03-23 10:36:23.343   961   961 W m.android.phon: Unexpected CPU variant for X86 using defaults: x86
03-23 10:36:23.345   418   489 I Codec2InfoBuilder: adding type 'audio/opus'
03-23 10:36:23.345   442   514 V C2Store : in init
03-23 10:36:23.345   442   514 V C2Store : loading dll
03-23 10:36:23.347   442   964 V C2Store : in ~ComponentModule
03-23 10:36:23.347   442   964 V C2Store : unloading dll
03-23 10:36:23.347   442   962 V C2Store : in ~ComponentModule
03-23 10:36:23.347   442   962 V C2Store : unloading dll
03-23 10:36:23.349   418   489 I Codec2InfoBuilder: adding type 'audio/raw'
03-23 10:36:23.349   442   962 V C2Store : in ~ComponentModule
03-23 10:36:23.349   442   962 V C2Store : unloading dll
03-23 10:36:23.349   442   514 V C2Store : in init
03-23 10:36:23.349   442   514 V C2Store : loading dll
03-23 10:36:23.352   418   489 I Codec2InfoBuilder: adding type 'audio/vorbis'
03-23 10:36:23.352   442   962 V C2Store : in init
03-23 10:36:23.352   442   962 V C2Store : loading dll
03-23 10:36:23.352   442   442 V C2Store : in ~ComponentModule
03-23 10:36:23.353   442   442 V C2Store : unloading dll
03-23 10:36:23.353   442   515 V C2Store : in init
03-23 10:36:23.353   442   515 V C2Store : loading dll
03-23 10:36:23.353   442   515 I C2SoftVp8Enc: setting temporal layering 0 + 0
03-23 10:36:23.353   442   515 I C2SoftVp8Enc: setting temporal layering 0 + 0
03-23 10:36:23.353   442   442 V C2Store : in init
03-23 10:36:23.353   442   442 V C2Store : loading dll
03-23 10:36:23.354   442   442 V C2Store : in ~ComponentModule
03-23 10:36:23.354   442   442 V C2Store : unloading dll
03-23 10:36:23.357   442   514 V C2Store : in ~ComponentModule
03-23 10:36:23.357   442   514 V C2Store : unloading dll
03-23 10:36:23.357   442   964 V C2Store : in init
03-23 10:36:23.357   442   964 V C2Store : loading dll
03-23 10:36:23.358   442   964 I C2SoftVp9Enc: setting temporal layering 0 + 0
03-23 10:36:23.359   442   964 I C2SoftVp9Enc: setting temporal layering 0 + 0
03-23 10:36:23.359   442   964 V C2Store : in ~ComponentModule
03-23 10:36:23.359   442   964 V C2Store : unloading dll
03-23 10:36:23.377   442   964 V C2Store : in ~ComponentModule
03-23 10:36:23.377   442   964 V C2Store : unloading dll
03-23 10:36:23.427   553   746 D CCodec  : allocate(c2.android.vorbis.decoder)
03-23 10:36:23.427   553   746 I Codec2Client: Available Codec2 services: "software"
03-23 10:36:23.455   553   751 D CCodec  : allocate(c2.android.vorbis.decoder)
03-23 10:36:23.467   442   514 V C2Store : in init
03-23 10:36:23.467   442   514 V C2Store : loading dll
03-23 10:36:23.483   382   435 I adbd    : jdwp connection from 961
03-23 10:36:23.491   553   746 I CCodec  : Created component [c2.android.vorbis.decoder]
03-23 10:36:23.491   553   751 I CCodec  : Created component [c2.android.vorbis.decoder]
03-23 10:36:23.530   553   751 D CCodecConfig: read media type: audio/vorbis
03-23 10:36:23.531   553   746 D CCodecConfig: read media type: audio/vorbis
03-23 10:36:23.536   553   751 D ReflectedParamUpdater: extent() != 1 for single value type: algo.buffers.max-count.values
03-23 10:36:23.537   553   751 D ReflectedParamUpdater: extent() != 1 for single value type: output.subscribed-indices.values
03-23 10:36:23.537   553   751 D ReflectedParamUpdater: extent() != 1 for single value type: input.buffers.allocator-ids.values
03-23 10:36:23.537   553   751 D ReflectedParamUpdater: extent() != 1 for single value type: output.buffers.allocator-ids.values
03-23 10:36:23.537   553   751 D ReflectedParamUpdater: extent() != 1 for single value type: algo.buffers.allocator-ids.values
03-23 10:36:23.537   553   751 D ReflectedParamUpdater: extent() != 1 for single value type: output.buffers.pool-ids.values
03-23 10:36:23.537   553   751 D ReflectedParamUpdater: extent() != 1 for single value type: algo.buffers.pool-ids.values
03-23 10:36:23.540   553   751 I CCodecConfig: query failed after returning 7 values (BAD_INDEX)
03-23 10:36:23.541   553   751 D CCodecConfig: c2 config diff is Dict {
03-23 10:36:23.541   553   751 D CCodecConfig:   c2::u32 coded.bitrate.value = 64000
03-23 10:36:23.541   553   751 D CCodecConfig:   c2::u32 input.buffers.max-size.value = 32768
03-23 10:36:23.541   553   751 D CCodecConfig:   c2::u32 input.delay.value = 0
03-23 10:36:23.541   553   751 D CCodecConfig:   string input.media-type.value = "audio/vorbis"
03-23 10:36:23.541   553   751 D CCodecConfig:   string output.media-type.value = "audio/raw"
03-23 10:36:23.541   553   751 D CCodecConfig:   c2::u32 raw.channel-count.value = 1
03-23 10:36:23.541   553   751 D CCodecConfig:   c2::u32 raw.sample-rate.value = 48000
03-23 10:36:23.541   553   751 D CCodecConfig: }
03-23 10:36:23.541   553   746 D ReflectedParamUpdater: extent() != 1 for single value type: algo.buffers.max-count.values
03-23 10:36:23.543   553   751 D CCodec  : [c2.android.vorbis.decoder] buffers are bound to CCodec for this session
03-23 10:36:23.543   553   751 D CCodecConfig: no c2 equivalents for durationUs
03-23 10:36:23.543   553   751 D CCodecConfig: no c2 equivalents for track-id
03-23 10:36:23.543   553   751 D CCodecConfig: no c2 equivalents for csd-1
03-23 10:36:23.543   553   751 D CCodecConfig: no c2 equivalents for channel-mask
03-23 10:36:23.543   553   751 D CCodecConfig: no c2 equivalents for flags
03-23 10:36:23.543   553   746 D ReflectedParamUpdater: extent() != 1 for single value type: output.subscribed-indices.values
03-23 10:36:23.543   553   751 W Codec2Client: query -- param skipped: index = 1107298332.
03-23 10:36:23.543   553   751 D CCodec  : setup formats input: AMessage(what = 0x00000000) = {
03-23 10:36:23.543   553   751 D CCodec  :   int32_t channel-count = 1
03-23 10:36:23.543   553   751 D CCodec  :   int32_t max-input-size = 32768
03-23 10:36:23.543   553   751 D CCodec  :   string mime = "audio/vorbis"
03-23 10:36:23.543   553   751 D CCodec  :   int32_t sample-rate = 48000
03-23 10:36:23.543   553   751 D CCodec  : } and output: AMessage(what = 0x00000000) = {
03-23 10:36:23.543   553   751 D CCodec  :   int32_t channel-count = 1
03-23 10:36:23.543   553   751 D CCodec  :   string mime = "audio/raw"
03-23 10:36:23.543   553   751 D CCodec  :   int32_t sample-rate = 48000
03-23 10:36:23.543   553   751 D CCodec  :   int32_t channel-mask = 1
03-23 10:36:23.543   553   751 D CCodec  : }
03-23 10:36:23.544   553   746 D ReflectedParamUpdater: extent() != 1 for single value type: input.buffers.allocator-ids.values
03-23 10:36:23.544   553   746 D ReflectedParamUpdater: extent() != 1 for single value type: output.buffers.allocator-ids.values
03-23 10:36:23.545   553   746 D ReflectedParamUpdater: extent() != 1 for single value type: algo.buffers.allocator-ids.values
03-23 10:36:23.545   553   746 D ReflectedParamUpdater: extent() != 1 for single value type: output.buffers.pool-ids.values
03-23 10:36:23.546   553   751 W Codec2Client: query -- param skipped: index = 1342179345.
03-23 10:36:23.546   553   751 W Codec2Client: query -- param skipped: index = 2415921170.
03-23 10:36:23.546   553   746 D ReflectedParamUpdater: extent() != 1 for single value type: algo.buffers.pool-ids.values
03-23 10:36:23.552   553   746 I CCodecConfig: query failed after returning 7 values (BAD_INDEX)
03-23 10:36:23.553   553   746 D CCodecConfig: c2 config diff is Dict {
03-23 10:36:23.553   553   746 D CCodecConfig:   c2::u32 coded.bitrate.value = 64000
03-23 10:36:23.553   553   746 D CCodecConfig:   c2::u32 input.buffers.max-size.value = 32768
03-23 10:36:23.553   553   746 D CCodecConfig:   c2::u32 input.delay.value = 0
03-23 10:36:23.553   553   746 D CCodecConfig:   string input.media-type.value = "audio/vorbis"
03-23 10:36:23.553   553   746 D CCodecConfig:   string output.media-type.value = "audio/raw"
03-23 10:36:23.553   553   746 D CCodecConfig:   c2::u32 raw.channel-count.value = 1
03-23 10:36:23.553   553   746 D CCodecConfig:   c2::u32 raw.sample-rate.value = 48000
03-23 10:36:23.553   553   746 D CCodecConfig: }
03-23 10:36:23.555   553   746 D CCodec  : [c2.android.vorbis.decoder] buffers are bound to CCodec for this session
03-23 10:36:23.555   553   746 D CCodecConfig: no c2 equivalents for durationUs
03-23 10:36:23.555   553   746 D CCodecConfig: no c2 equivalents for track-id
03-23 10:36:23.555   553   746 D CCodecConfig: no c2 equivalents for csd-1
03-23 10:36:23.555   553   746 D CCodecConfig: no c2 equivalents for channel-mask
03-23 10:36:23.555   553   746 D CCodecConfig: no c2 equivalents for flags
03-23 10:36:23.559   553   746 D CCodecConfig: c2 config diff is   c2::u32 raw.channel-count.value = 2
03-23 10:36:23.560   553   746 W Codec2Client: query -- param skipped: index = 1107298332.
03-23 10:36:23.560   553   746 D CCodec  : setup formats input: AMessage(what = 0x00000000) = {
03-23 10:36:23.560   553   746 D CCodec  :   int32_t channel-count = 2
03-23 10:36:23.560   553   746 D CCodec  :   int32_t max-input-size = 32768
03-23 10:36:23.560   553   746 D CCodec  :   string mime = "audio/vorbis"
03-23 10:36:23.560   553   746 D CCodec  :   int32_t sample-rate = 48000
03-23 10:36:23.560   553   746 D CCodec  : } and output: AMessage(what = 0x00000000) = {
03-23 10:36:23.560   553   746 D CCodec  :   int32_t channel-count = 2
03-23 10:36:23.560   553   746 D CCodec  :   string mime = "audio/raw"
03-23 10:36:23.560   553   746 D CCodec  :   int32_t sample-rate = 48000
03-23 10:36:23.560   553   746 D CCodec  :   int32_t channel-mask = 3
03-23 10:36:23.560   553   746 D CCodec  : }
03-23 10:36:23.563   553   746 W Codec2Client: query -- param skipped: index = 1342179345.
03-23 10:36:23.563   553   746 W Codec2Client: query -- param skipped: index = 2415921170.
03-23 10:36:23.576   553   751 E FMQ     : grantorIdx must be less than 3
03-23 10:36:23.576   553   751 E FMQ     : grantorIdx must be less than 3
03-23 10:36:23.579   712   712 D BluetoothDatabase: start()
03-23 10:36:23.583   553   751 D CCodecBufferChannel: [c2.android.vorbis.decoder#267] Created input block pool with allocatorID 16 => poolID 17 - OK (0)
03-23 10:36:23.587   442   442 E FMQ     : grantorIdx must be less than 3
03-23 10:36:23.587   442   442 E FMQ     : grantorIdx must be less than 3
03-23 10:36:23.587   553   751 I CCodecBufferChannel: [c2.android.vorbis.decoder#267] Created output block pool with allocatorID 16 => poolID 17 - OK
03-23 10:36:23.588   553   751 D CCodecBufferChannel: [c2.android.vorbis.decoder#267] Configured output block pool ids 17 => OK
03-23 10:36:23.611   553   746 E FMQ     : grantorIdx must be less than 3
03-23 10:36:23.611   553   746 E FMQ     : grantorIdx must be less than 3
03-23 10:36:23.611   553   751 E ion     : ioctl c0044901 failed with code -1: Inappropriate ioctl for device
03-23 10:36:23.611   553   746 D CCodecBufferChannel: [c2.android.vorbis.decoder#664] Created input block pool with allocatorID 16 => poolID 18 - OK (0)
03-23 10:36:23.612   442   442 E FMQ     : grantorIdx must be less than 3
03-23 10:36:23.612   442   442 E FMQ     : grantorIdx must be less than 3
03-23 10:36:23.613   553   746 I CCodecBufferChannel: [c2.android.vorbis.decoder#664] Created output block pool with allocatorID 16 => poolID 18 - OK
03-23 10:36:23.614   553   746 D CCodecBufferChannel: [c2.android.vorbis.decoder#664] Configured output block pool ids 18 => OK
03-23 10:36:23.620   712   712 D BluetoothDatabase: Load Database
03-23 10:36:23.626   712   712 D BluetoothAdapterService: setAdapterService() - trying to set service to com.android.bluetooth.btservice.AdapterService@64d6646
03-23 10:36:23.636   442   990 D SimpleC2Component: Using output block pool with poolID 17 => got 17 - 0
03-23 10:36:23.647   442   989 D SimpleC2Component: Using output block pool with poolID 18 => got 18 - 0
03-23 10:36:23.648   712   712 D BluetoothAdapterService: onBind()
03-23 10:36:23.666   553   751 E FMQ     : grantorIdx must be less than 3
03-23 10:36:23.669   442   442 E FMQ     : grantorIdx must be less than 3
03-23 10:36:23.670   442   442 E ion     : ioctl c0044901 failed with code -1: Inappropriate ioctl for device
03-23 10:36:23.692   177   177 I hwservicemanager: Notifying android.hardware.gnss@2.0::IGnss/default they have clients: 1
03-23 10:36:23.693   756   756 I android.hardware.gnss@2.0-service.ranchu: Process has 1 (of 1 available) client(s) in use after notification android.hardware.gnss@2.0::IGnss has clients: 1
03-23 10:36:23.696   932   932 I com.android.se: The ClassLoaderContext is a special shared library.
03-23 10:36:23.705   745   745 V SystemUIService: SystemUIApplication created.
03-23 10:36:23.710   553   746 E FMQ     : grantorIdx must be less than 3
03-23 10:36:23.711   442   965 E FMQ     : grantorIdx must be less than 3
03-23 10:36:23.742   442   990 E FMQ     : grantorIdx must be less than 3
03-23 10:36:23.751   553   649 E FMQ     : grantorIdx must be less than 3
03-23 10:36:23.762   859   859 I TetheringManager: registerTetheringEventCallback:com.android.networkstack
03-23 10:36:23.768   442   989 E FMQ     : grantorIdx must be less than 3
03-23 10:36:23.775   553   592 E FMQ     : grantorIdx must be less than 3
03-23 10:36:23.784   287   287 D Zygote  : Forked child process 999
03-23 10:36:23.855   553   746 D CCodecBufferChannel: [c2.android.vorbis.decoder#664] MediaCodec discarded an unknown buffer
03-23 10:36:23.855   553   746 D CCodecBufferChannel: [c2.android.vorbis.decoder#664] MediaCodec discarded an unknown buffer
03-23 10:36:23.877   712   994 D BluetoothDatabase: compactLastConnectionTime: Compacting metadata after load
03-23 10:36:23.877   712   994 I BluetoothDatabase: cacheMetadata
03-23 10:36:23.877   712   994 V BluetoothDatabase: cacheMetadata: found device LocalStorage
03-23 10:36:23.877   712   994 I BluetoothDatabase: cacheMetadata: Database is ready
03-23 10:36:23.880   999   999 W ndroid.setting: Unexpected CPU variant for X86 using defaults: x86
03-23 10:36:23.880   745   745 V SystemUIService: Starting SystemUI services for user 0.
03-23 10:36:23.890   553  1010 I hw-BpHwBinder: onLastStrongRef automatically unlinking death recipients
03-23 10:36:23.899   932   932 W ContextImpl: Failed to ensure /data/user/0/com.android.se/cache: mkdir failed: ENOENT (No such file or directory)
03-23 10:36:23.905   932   932 W ContextImpl: Failed to update user.inode_cache: stat failed: ENOENT (No such file or directory)
03-23 10:36:23.918   859   859 D ApplicationLoaders: Returning zygote-cached class loader: /system/framework/android.test.base.jar
03-23 10:36:23.934   961   961 I m.android.phon: The ClassLoaderContext is a special shared library.
03-23 10:36:23.938   553   751 D CCodecBufferChannel: [c2.android.vorbis.decoder#267] MediaCodec discarded an unknown buffer
03-23 10:36:23.938   553   751 I chatty  : uid=1000(system) Binder:553_3 identical 1 line
03-23 10:36:23.938   553   751 D CCodecBufferChannel: [c2.android.vorbis.decoder#267] MediaCodec discarded an unknown buffer
03-23 10:36:23.980   382   435 I adbd    : jdwp connection from 999
03-23 10:36:23.985   932   932 D NetworkSecurityConfig: No Network Security Config specified, using platform default
03-23 10:36:23.987   932   932 D NetworkSecurityConfig: No Network Security Config specified, using platform default
03-23 10:36:23.989   553   751 I hw-BpHwBinder: onLastStrongRef automatically unlinking death recipients
03-23 10:36:23.990   442   965 I hw-BpHwBinder: onLastStrongRef automatically unlinking death recipients
03-23 10:36:23.990   442   965 V C2Store : in ~ComponentModule
03-23 10:36:23.990   442   965 V C2Store : unloading dll
03-23 10:36:24.038   553  1025 D CCodec  : allocate(c2.android.vorbis.decoder)
03-23 10:36:24.038   442   965 V C2Store : in init
03-23 10:36:24.038   442   965 V C2Store : loading dll
03-23 10:36:24.040   553  1025 I CCodec  : Created component [c2.android.vorbis.decoder]
03-23 10:36:24.042   553  1025 D CCodecConfig: read media type: audio/vorbis
03-23 10:36:24.045   553  1025 D ReflectedParamUpdater: extent() != 1 for single value type: algo.buffers.max-count.values
03-23 10:36:24.045   553  1025 D ReflectedParamUpdater: extent() != 1 for single value type: output.subscribed-indices.values
03-23 10:36:24.045   553  1025 D ReflectedParamUpdater: extent() != 1 for single value type: input.buffers.allocator-ids.values
03-23 10:36:24.045   553  1025 D ReflectedParamUpdater: extent() != 1 for single value type: output.buffers.allocator-ids.values
03-23 10:36:24.045   553  1025 D ReflectedParamUpdater: extent() != 1 for single value type: algo.buffers.allocator-ids.values
03-23 10:36:24.045   553  1025 D ReflectedParamUpdater: extent() != 1 for single value type: output.buffers.pool-ids.values
03-23 10:36:24.045   553  1025 D ReflectedParamUpdater: extent() != 1 for single value type: algo.buffers.pool-ids.values
03-23 10:36:24.046   553  1025 I CCodecConfig: query failed after returning 7 values (BAD_INDEX)
03-23 10:36:24.052   553  1025 D CCodecConfig: c2 config diff is Dict {
03-23 10:36:24.052   553  1025 D CCodecConfig:   c2::u32 coded.bitrate.value = 64000
03-23 10:36:24.052   553  1025 D CCodecConfig:   c2::u32 input.buffers.max-size.value = 32768
03-23 10:36:24.052   553  1025 D CCodecConfig:   c2::u32 input.delay.value = 0
03-23 10:36:24.052   553  1025 D CCodecConfig:   string input.media-type.value = "audio/vorbis"
03-23 10:36:24.052   553  1025 D CCodecConfig:   string output.media-type.value = "audio/raw"
03-23 10:36:24.052   553  1025 D CCodecConfig:   c2::u32 raw.channel-count.value = 1
03-23 10:36:24.052   553  1025 D CCodecConfig:   c2::u32 raw.sample-rate.value = 48000
03-23 10:36:24.052   553  1025 D CCodecConfig: }
03-23 10:36:24.053   553  1025 D CCodec  : [c2.android.vorbis.decoder] buffers are bound to CCodec for this session
03-23 10:36:24.053   553  1025 D CCodecConfig: no c2 equivalents for durationUs
03-23 10:36:24.053   553  1025 D CCodecConfig: no c2 equivalents for track-id
03-23 10:36:24.053   553  1025 D CCodecConfig: no c2 equivalents for csd-1
03-23 10:36:24.053   553  1025 D CCodecConfig: no c2 equivalents for channel-mask
03-23 10:36:24.053   553  1025 D CCodecConfig: no c2 equivalents for flags
03-23 10:36:24.053   553  1025 W Codec2Client: query -- param skipped: index = 1107298332.
03-23 10:36:24.053   553  1025 D CCodec  : setup formats input: AMessage(what = 0x00000000) = {
03-23 10:36:24.053   553  1025 D CCodec  :   int32_t channel-count = 1
03-23 10:36:24.053   553  1025 D CCodec  :   int32_t max-input-size = 32768
03-23 10:36:24.053   553  1025 D CCodec  :   string mime = "audio/vorbis"
03-23 10:36:24.053   553  1025 D CCodec  :   int32_t sample-rate = 48000
03-23 10:36:24.053   553  1025 D CCodec  : } and output: AMessage(what = 0x00000000) = {
03-23 10:36:24.053   553  1025 D CCodec  :   int32_t channel-count = 1
03-23 10:36:24.053   553  1025 D CCodec  :   string mime = "audio/raw"
03-23 10:36:24.053   553  1025 D CCodec  :   int32_t sample-rate = 48000
03-23 10:36:24.053   553  1025 D CCodec  :   int32_t channel-mask = 1
03-23 10:36:24.053   553  1025 D CCodec  : }
03-23 10:36:24.056   745   745 I FalsingManager: xdpi, ydpi: 560.0, 560.0
03-23 10:36:24.056   745   745 I FalsingManager: width, height: 1440, 2392
03-23 10:36:24.056   553  1025 W Codec2Client: query -- param skipped: index = 1342179345.
03-23 10:36:24.056   553  1025 W Codec2Client: query -- param skipped: index = 2415921170.
03-23 10:36:24.061   553  1025 E FMQ     : grantorIdx must be less than 3
03-23 10:36:24.061   553  1025 E FMQ     : grantorIdx must be less than 3
03-23 10:36:24.061   553  1025 D CCodecBufferChannel: [c2.android.vorbis.decoder#39] Created input block pool with allocatorID 16 => poolID 19 - OK (0)
03-23 10:36:24.064   442  1029 E FMQ     : grantorIdx must be less than 3
03-23 10:36:24.064   442  1029 E FMQ     : grantorIdx must be less than 3
03-23 10:36:24.064   553  1025 I CCodecBufferChannel: [c2.android.vorbis.decoder#39] Created output block pool with allocatorID 16 => poolID 19 - OK
03-23 10:36:24.065   553  1025 D CCodecBufferChannel: [c2.android.vorbis.decoder#39] Configured output block pool ids 19 => OK
03-23 10:36:24.074   442  1028 D SimpleC2Component: Using output block pool with poolID 19 => got 19 - 0
03-23 10:36:24.088   859   859 D NetworkSecurityConfig: No Network Security Config specified, using platform default
03-23 10:36:24.088   859   859 W nsconfig: com.android.networkstack.process: New config does not match the previously set config.
03-23 10:36:24.096   745   745 D NavigationModeController: getCurrentUserContext: contextUser=0 currentUser=0
03-23 10:36:24.096   745   745 D NavigationModeController: getCurrentInteractionMode: mode=0 contextUser=0
03-23 10:36:24.099   553  1025 E FMQ     : grantorIdx must be less than 3
03-23 10:36:24.103   442  1029 E FMQ     : grantorIdx must be less than 3
03-23 10:36:24.109   745   745 E NavigationModeController: updateCurrentInteractionMode: mode=0
03-23 10:36:24.109   745   745 D NavigationModeController:   contextUser=0
03-23 10:36:24.110   745   745 D NavigationModeController:   assetPaths=
03-23 10:36:24.110   745   745 D NavigationModeController:     /system/framework/framework-res.apk
03-23 10:36:24.110   745   745 D NavigationModeController:     /product/overlay/GoogleWebViewOverlay.apk
03-23 10:36:24.111   745   745 D NavigationModeController:     /product/overlay/framework-res__auto_generated_rro_product.apk
03-23 10:36:24.111   745   745 D NavigationModeController:     /product/overlay/EmulatorGmsConfigOverlay.apk
03-23 10:36:24.111   745   745 D NavigationModeController:     /system_ext/priv-app/SystemUI/SystemUI.apk
03-23 10:36:24.116   553  1032 D CCodec  : allocate(c2.android.vorbis.decoder)
03-23 10:36:24.119   553  1032 I CCodec  : Created component [c2.android.vorbis.decoder]
03-23 10:36:24.119   553  1032 D CCodecConfig: read media type: audio/vorbis
03-23 10:36:24.120   553  1032 D ReflectedParamUpdater: extent() != 1 for single value type: algo.buffers.max-count.values
03-23 10:36:24.120   553  1032 D ReflectedParamUpdater: extent() != 1 for single value type: output.subscribed-indices.values
03-23 10:36:24.120   553  1032 D ReflectedParamUpdater: extent() != 1 for single value type: input.buffers.allocator-ids.values
03-23 10:36:24.120   553  1032 D ReflectedParamUpdater: extent() != 1 for single value type: output.buffers.allocator-ids.values
03-23 10:36:24.120   553  1032 D ReflectedParamUpdater: extent() != 1 for single value type: algo.buffers.allocator-ids.values
03-23 10:36:24.120   745   745 D NavigationModeController: getCurrentInteractionMode: mode=0 contextUser=0
03-23 10:36:24.120   553  1032 D ReflectedParamUpdater: extent() != 1 for single value type: output.buffers.pool-ids.values
03-23 10:36:24.120   553  1032 D ReflectedParamUpdater: extent() != 1 for single value type: algo.buffers.pool-ids.values
03-23 10:36:24.121   553  1032 I CCodecConfig: query failed after returning 7 values (BAD_INDEX)
03-23 10:36:24.128   932   932 I SecureElementService: main onCreate
03-23 10:36:24.128   553  1032 D CCodecConfig: c2 config diff is Dict {
03-23 10:36:24.128   553  1032 D CCodecConfig:   c2::u32 coded.bitrate.value = 64000
03-23 10:36:24.128   553  1032 D CCodecConfig:   c2::u32 input.buffers.max-size.value = 32768
03-23 10:36:24.128   553  1032 D CCodecConfig:   c2::u32 input.delay.value = 0
03-23 10:36:24.128   553  1032 D CCodecConfig:   string input.media-type.value = "audio/vorbis"
03-23 10:36:24.128   553  1032 D CCodecConfig:   string output.media-type.value = "audio/raw"
03-23 10:36:24.128   553  1032 D CCodecConfig:   c2::u32 raw.channel-count.value = 1
03-23 10:36:24.128   553  1032 D CCodecConfig:   c2::u32 raw.sample-rate.value = 48000
03-23 10:36:24.128   553  1032 D CCodecConfig: }
03-23 10:36:24.129   553  1032 D CCodec  : [c2.android.vorbis.decoder] buffers are bound to CCodec for this session
03-23 10:36:24.129   553  1032 D CCodecConfig: no c2 equivalents for durationUs
03-23 10:36:24.129   553  1032 D CCodecConfig: no c2 equivalents for track-id
03-23 10:36:24.129   553  1032 D CCodecConfig: no c2 equivalents for csd-1
03-23 10:36:24.129   553  1032 D CCodecConfig: no c2 equivalents for channel-mask
03-23 10:36:24.129   553  1032 D CCodecConfig: no c2 equivalents for flags
03-23 10:36:24.132   553  1032 W Codec2Client: query -- param skipped: index = 1107298332.
03-23 10:36:24.132   553  1032 D CCodec  : setup formats input: AMessage(what = 0x00000000) = {
03-23 10:36:24.132   553  1032 D CCodec  :   int32_t channel-count = 1
03-23 10:36:24.132   553  1032 D CCodec  :   int32_t max-input-size = 32768
03-23 10:36:24.132   553  1032 D CCodec  :   string mime = "audio/vorbis"
03-23 10:36:24.132   553  1032 D CCodec  :   int32_t sample-rate = 48000
03-23 10:36:24.132   553  1032 D CCodec  : } and output: AMessage(what = 0x00000000) = {
03-23 10:36:24.132   553  1032 D CCodec  :   int32_t channel-count = 1
03-23 10:36:24.132   553  1032 D CCodec  :   string mime = "audio/raw"
03-23 10:36:24.132   553  1032 D CCodec  :   int32_t sample-rate = 48000
03-23 10:36:24.132   553  1032 D CCodec  :   int32_t channel-mask = 1
03-23 10:36:24.132   553  1032 D CCodec  : }
03-23 10:36:24.133   932   932 I SecureElementService: Check if terminal eSE1 is available.
03-23 10:36:24.134   442  1028 E FMQ     : grantorIdx must be less than 3
03-23 10:36:24.136   553  1032 W Codec2Client: query -- param skipped: index = 1342179345.
03-23 10:36:24.136   553  1032 W Codec2Client: query -- param skipped: index = 2415921170.
03-23 10:36:24.136   177   177 I hwservicemanager: getTransport: Cannot find entry android.hardware.secure_element@1.2::ISecureElement/eSE1 in either framework or device manifest.
03-23 10:36:24.140   553  1023 E FMQ     : grantorIdx must be less than 3
03-23 10:36:24.142   553  1032 E FMQ     : grantorIdx must be less than 3
03-23 10:36:24.143   932   932 D SecureElement-Terminal-eSE1: SE Hal V1.2 is not supported
03-23 10:36:24.143   177   177 I hwservicemanager: getTransport: Cannot find entry android.hardware.secure_element@1.1::ISecureElement/eSE1 in either framework or device manifest.
03-23 10:36:24.144   932   932 D SecureElement-Terminal-eSE1: SE Hal V1.1 is not supported
03-23 10:36:24.144   177   177 I hwservicemanager: getTransport: Cannot find entry android.hardware.secure_element@1.0::ISecureElement/eSE1 in either framework or device manifest.
03-23 10:36:24.145   932   932 I SecureElementService: No HAL implementation for eSE1
03-23 10:36:24.146   932   932 I SecureElementService: Check if terminal SIM1 is available.
03-23 10:36:24.146   177   177 I hwservicemanager: getTransport: Cannot find entry android.hardware.secure_element@1.2::ISecureElement/SIM1 in either framework or device manifest.
03-23 10:36:24.147   932   932 D SecureElement-Terminal-SIM1: SE Hal V1.2 is not supported
03-23 10:36:24.149   177   177 I hwservicemanager: getTransport: Cannot find entry android.hardware.secure_element@1.1::ISecureElement/SIM1 in either framework or device manifest.
03-23 10:36:24.149   553  1032 E FMQ     : grantorIdx must be less than 3
03-23 10:36:24.149   932   932 D SecureElement-Terminal-SIM1: SE Hal V1.1 is not supported
03-23 10:36:24.151   553  1032 D CCodecBufferChannel: [c2.android.vorbis.decoder#685] Created input block pool with allocatorID 16 => poolID 20 - OK (0)
03-23 10:36:24.152   177   177 I hwservicemanager: getTransport: Cannot find entry android.hardware.secure_element@1.0::ISecureElement/SIM1 in either framework or device manifest.
03-23 10:36:24.153   932   932 I SecureElementService: No HAL implementation for SIM1
03-23 10:36:24.162   442  1029 E FMQ     : grantorIdx must be less than 3
03-23 10:36:24.162   442  1029 E FMQ     : grantorIdx must be less than 3
03-23 10:36:24.163   553  1032 I CCodecBufferChannel: [c2.android.vorbis.decoder#685] Created output block pool with allocatorID 16 => poolID 20 - OK
03-23 10:36:24.163   553  1032 D CCodecBufferChannel: [c2.android.vorbis.decoder#685] Configured output block pool ids 20 => OK
03-23 10:36:24.180   553   914 W InputReader: Device virtio_input_multi_touch_9 is associated with display ADISPLAY_ID_NONE.
03-23 10:36:24.180   553   914 W InputReader: Device virtio_input_multi_touch_7 is associated with display ADISPLAY_ID_NONE.
03-23 10:36:24.180   553   914 W InputReader: Device virtio_input_multi_touch_10 is associated with display ADISPLAY_ID_NONE.
03-23 10:36:24.180   553   914 W InputReader: Device virtio_input_multi_touch_4 is associated with display ADISPLAY_ID_NONE.
03-23 10:36:24.180   553   914 W InputReader: Device virtio_input_multi_touch_11 is associated with display ADISPLAY_ID_NONE.
03-23 10:36:24.180   553   914 W InputReader: Device virtio_input_multi_touch_5 is associated with display ADISPLAY_ID_NONE.
03-23 10:36:24.180   553   914 W InputReader: Device virtio_input_multi_touch_2 is associated with display ADISPLAY_ID_NONE.
03-23 10:36:24.180   553   914 W InputReader: Device virtio_input_multi_touch_6 is associated with display ADISPLAY_ID_NONE.
03-23 10:36:24.180   553   914 W InputReader: Device virtio_input_multi_touch_3 is associated with display ADISPLAY_ID_NONE.
03-23 10:36:24.180   553   914 W InputReader: Device virtio_input_multi_touch_8 is associated with display ADISPLAY_ID_NONE.
03-23 10:36:24.180   553   914 W InputReader: Device virtio_input_multi_touch_9 is associated with display ADISPLAY_ID_NONE.
03-23 10:36:24.180   553   914 W InputReader: Device virtio_input_multi_touch_7 is associated with display ADISPLAY_ID_NONE.
03-23 10:36:24.180   553   914 W InputReader: Device virtio_input_multi_touch_10 is associated with display ADISPLAY_ID_NONE.
03-23 10:36:24.180   553   914 W InputReader: Device virtio_input_multi_touch_4 is associated with display ADISPLAY_ID_NONE.
03-23 10:36:24.180   553   914 W InputReader: Device virtio_input_multi_touch_11 is associated with display ADISPLAY_ID_NONE.
03-23 10:36:24.180   553   914 W InputReader: Device virtio_input_multi_touch_5 is associated with display ADISPLAY_ID_NONE.
03-23 10:36:24.180   553   914 W InputReader: Device virtio_input_multi_touch_2 is associated with display ADISPLAY_ID_NONE.
03-23 10:36:24.180   553   914 W InputReader: Device virtio_input_multi_touch_6 is associated with display ADISPLAY_ID_NONE.
03-23 10:36:24.180   553   914 W InputReader: Device virtio_input_multi_touch_3 is associated with display ADISPLAY_ID_NONE.
03-23 10:36:24.180   553   914 W InputReader: Device virtio_input_multi_touch_8 is associated with display ADISPLAY_ID_NONE.
03-23 10:36:24.202   442  1035 D SimpleC2Component: Using output block pool with poolID 20 => got 20 - 0
03-23 10:36:24.239   553  1032 E FMQ     : grantorIdx must be less than 3
03-23 10:36:24.239   442  1029 E FMQ     : grantorIdx must be less than 3
03-23 10:36:24.274   287   287 D Zygote  : Forked child process 1039
03-23 10:36:24.277   553   553 D NetworkSecurityConfig: No Network Security Config specified, using platform default
03-23 10:36:24.278   553   553 D NetworkSecurityConfig: No Network Security Config specified, using platform default
03-23 10:36:24.290   442  1035 E FMQ     : grantorIdx must be less than 3
03-23 10:36:24.292   553  1023 E FMQ     : grantorIdx must be less than 3
03-23 10:36:24.315   745   745 V MediaRouter: Selecting route: RouteInfo{ name=Phone, description=null, status=null, category=RouteCategory{ name=System types=ROUTE_TYPE_LIVE_AUDIO ROUTE_TYPE_LIVE_VIDEO  groupable=false }, supportedTypes=ROUTE_TYPE_LIVE_AUDIO ROUTE_TYPE_LIVE_VIDEO , presentationDisplay=null }
03-23 10:36:24.391  1039  1039 W id.ext.service: Unexpected CPU variant for X86 using defaults: x86
03-23 10:36:24.393   553  1025 D CCodecBufferChannel: [c2.android.vorbis.decoder#39] MediaCodec discarded an unknown buffer
03-23 10:36:24.393   553  1025 I chatty  : uid=1000(system) Binder:553_3 identical 1 line
03-23 10:36:24.393   553  1025 D CCodecBufferChannel: [c2.android.vorbis.decoder#39] MediaCodec discarded an unknown buffer
