03-23 10:35:34.198   303   303 D HostConnection: HostConnection::get() New Host Connection established 0xf40c0390, tid 303
03-23 10:35:34.217   285   285 I ServiceManager: Waiting for service 'statscompanion' on '/dev/binder'...
03-23 10:35:34.291   303   303 I HidlServiceManagement: Registered android.hardware.graphics.allocator@3.0::IAllocator/default (start delay of 3359ms)
03-23 10:35:34.291   303   303 I HidlServiceManagement: Removing namespace from process name android.hardware.graphics.allocator@3.0-service to allocator@3.0-service.
03-23 10:35:34.296   303   303 I android.hardware.graphics.allocator@3.0-service: graphics IAllocator@3.0 service is initialized
03-23 10:35:34.319   285   285 I ServiceManager: Waiting for service 'statscompanion' on '/dev/binder'...
03-23 10:35:34.420   285   285 I ServiceManager: Waiting for service 'statscompanion' on '/dev/binder'...
03-23 10:35:34.509   301   301 I HidlServiceManagement: Registered android.hardware.drm@1.3::IDrmFactory/widevine (start delay of 3838ms)
03-23 10:35:34.510   301   301 I HidlServiceManagement: Removing namespace from process name android.hardware.drm@1.3-service.widevine to drm@1.3-service.widevine.
03-23 10:35:34.522   285   285 I ServiceManager: Waiting for service 'statscompanion' on '/dev/binder'...
03-23 10:35:34.528   301   301 I HidlServiceManagement: Registered android.hardware.drm@1.3::ICryptoFactory/widevine (start delay of 3897ms)
03-23 10:35:34.529   301   301 I HidlServiceManagement: Removing namespace from process name android.hardware.drm@1.3-service.widevine to drm@1.3-service.widevine.
03-23 10:35:34.568   304   304 D HostConnection: createUnique: call
03-23 10:35:34.570   304   304 D HostConnection: HostConnection::get() New Host Connection established 0xee9c1120, tid 304
03-23 10:35:34.622   285   285 I ServiceManager: Waiting for service 'statscompanion' on '/dev/binder'...
03-23 10:35:34.723   285   285 I chatty  : uid=1066(statsd) Binder:285_2 identical 1 line
03-23 10:35:34.825   285   285 I ServiceManager: Waiting for service 'statscompanion' on '/dev/binder'...
03-23 10:35:34.859   304   304 D HostConnection: HostComposition ext ANDROID_EMU_CHECKSUM_HELPER_v1 ANDROID_EMU_native_sync_v2 ANDROID_EMU_native_sync_v3 ANDROID_EMU_native_sync_v4 ANDROID_EMU_dma_v1 ANDROID_EMU_direct_mem ANDROID_EMU_host_composition_v1 ANDROID_EMU_host_composition_v2 ANDROID_EMU_vulkan ANDROID_EMU_deferred_vulkan_commands ANDROID_EMU_vulkan_null_optional_strings ANDROID_EMU_vulkan_create_resources_with_requirements ANDROID_EMU_YUV_Cache ANDROID_EMU_vulkan_ignored_handles ANDROID_EMU_has_shared_slots_host_memory_allocator ANDROID_EMU_vulkan_free_memory_sync ANDROID_EMU_vulkan_shader_float16_int8 ANDROID_EMU_vulkan_async_queue_submit ANDROID_EMU_sync_buffer_data ANDROID_EMU_read_color_buffer_dma GL_OES_vertex_array_object GL_KHR_texture_compression_astc_ldr ANDROID_EMU_host_side_tracing ANDROID_EMU_gles_max_version_2 
03-23 10:35:34.868   177   177 I hwservicemanager: getTransport: Cannot find entry android.hardware.graphics.mapper@4.0::IMapper/default in either framework or device manifest.
03-23 10:35:34.869   304   304 I Gralloc4: mapper 4.x is not supported
03-23 10:35:34.891   304   304 D HostConnection: createUnique: call
03-23 10:35:34.891   304   304 D HostConnection: HostConnection::get() New Host Connection established 0xee9c06a0, tid 304
03-23 10:35:34.891   304   304 D goldfish-address-space: allocate: Ask for block of size 0x100
03-23 10:35:34.892   304   304 D goldfish-address-space: allocate: ioctl allocate returned offset 0x3ffffe000 size 0x2000
03-23 10:35:34.905   177   177 I hwservicemanager: getTransport: Cannot find entry android.hardware.graphics.allocator@4.0::IAllocator/default in either framework or device manifest.
03-23 10:35:34.906   304   304 W Gralloc4: allocator 3.x is not supported
03-23 10:35:34.991   289   289 I HidlServiceManagement: Registered android.hardware.audio@6.0::IDevicesFactory/default (start delay of 5029ms)
03-23 10:35:34.992   289   289 I HidlServiceManagement: Removing namespace from process name android.hardware.audio.service.ranchu to audio.service.ranchu.
03-23 10:35:35.033   303   341 D HostConnection: HostComposition ext ANDROID_EMU_CHECKSUM_HELPER_v1 ANDROID_EMU_native_sync_v2 ANDROID_EMU_native_sync_v3 ANDROID_EMU_native_sync_v4 ANDROID_EMU_dma_v1 ANDROID_EMU_direct_mem ANDROID_EMU_host_composition_v1 ANDROID_EMU_host_composition_v2 ANDROID_EMU_vulkan ANDROID_EMU_deferred_vulkan_commands ANDROID_EMU_vulkan_null_optional_strings ANDROID_EMU_vulkan_create_resources_with_requirements ANDROID_EMU_YUV_Cache ANDROID_EMU_vulkan_ignored_handles ANDROID_EMU_has_shared_slots_host_memory_allocator ANDROID_EMU_vulkan_free_memory_sync ANDROID_EMU_vulkan_shader_float16_int8 ANDROID_EMU_vulkan_async_queue_submit ANDROID_EMU_sync_buffer_data ANDROID_EMU_read_color_buffer_dma GL_OES_vertex_array_object GL_KHR_texture_compression_astc_ldr ANDROID_EMU_host_side_tracing ANDROID_EMU_gles_max_version_2 
03-23 10:35:35.034   303   341 D goldfish-address-space: claimShared: Ask to claim region [0x3fc000000 0x3fce10000]
03-23 10:35:35.124   304   304 D HostConnection: HostComposition ext ANDROID_EMU_CHECKSUM_HELPER_v1 ANDROID_EMU_native_sync_v2 ANDROID_EMU_native_sync_v3 ANDROID_EMU_native_sync_v4 ANDROID_EMU_dma_v1 ANDROID_EMU_direct_mem ANDROID_EMU_host_composition_v1 ANDROID_EMU_host_composition_v2 ANDROID_EMU_vulkan ANDROID_EMU_deferred_vulkan_commands ANDROID_EMU_vulkan_null_optional_strings ANDROID_EMU_vulkan_create_resources_with_requirements ANDROID_EMU_YUV_Cache ANDROID_EMU_vulkan_ignored_handles ANDROID_EMU_has_shared_slots_host_memory_allocator ANDROID_EMU_vulkan_free_memory_sync ANDROID_EMU_vulkan_shader_float16_int8 ANDROID_EMU_vulkan_async_queue_submit ANDROID_EMU_sync_buffer_data ANDROID_EMU_read_color_buffer_dma GL_OES_vertex_array_object GL_KHR_texture_compression_astc_ldr ANDROID_EMU_host_side_tracing ANDROID_EMU_gles_max_version_2 
03-23 10:35:35.124   304   304 E EmuHWC2 : doGetFunction: Unknown function descriptor: 44 (SetLayerFloatColor)
03-23 10:35:35.124   304   304 E EmuHWC2 : doGetFunction: Unknown function descriptor: 45 (SetLayerPerFrameMetadata)
03-23 10:35:35.124   304   304 E EmuHWC2 : doGetFunction: Unknown function descriptor: 46 (GetPerFrameMetadataKeys)
03-23 10:35:35.126   304   304 E EmuHWC2 : doGetFunction: Unknown function descriptor: 47 (SetReadbackBuffer)
03-23 10:35:35.126   304   304 E EmuHWC2 : doGetFunction: Unknown function descriptor: 48 (GetReadbackBufferAttributes)
03-23 10:35:35.127   304   304 E EmuHWC2 : doGetFunction: Unknown function descriptor: 49 (GetReadbackBufferFence)
03-23 10:35:35.127   304   304 E EmuHWC2 : doGetFunction: Unknown function descriptor: 50 (GetRenderIntents)
03-23 10:35:35.127   304   304 E EmuHWC2 : doGetFunction: Unknown function descriptor: 51 (SetColorModeWithRenderIntent)
03-23 10:35:35.127   304   304 E EmuHWC2 : doGetFunction: Unknown function descriptor: 52 (GetDataspaceSaturationMatrix)
03-23 10:35:35.127   304   304 E EmuHWC2 : doGetFunction: Unknown function descriptor: 55 (SetLayerColorTransform)
03-23 10:35:35.127   304   304 E EmuHWC2 : doGetFunction: Unknown function descriptor: 56 (GetDisplayedContentSamplingAttributes)
03-23 10:35:35.127   304   304 E EmuHWC2 : doGetFunction: Unknown function descriptor: 57 (SetDisplayedContentSamplingEnabled)
03-23 10:35:35.127   304   304 E EmuHWC2 : doGetFunction: Unknown function descriptor: 58 (GetDisplayedContentSample)
03-23 10:35:35.127   304   304 E EmuHWC2 : doGetFunction: Unknown function descriptor: 59 (SetLayerPerFrameMetadataBlobs)
03-23 10:35:35.128   285   285 W ServiceManager: Service statscompanion didn't start. Returning NULL
03-23 10:35:35.139   304   304 I HidlServiceManagement: Registered android.hardware.graphics.composer@2.3::IComposer/default (start delay of 4138ms)
03-23 10:35:35.140   304   304 I HidlServiceManagement: Removing namespace from process name android.hardware.graphics.composer@2.3-service to composer@2.3-service.
03-23 10:35:35.147   285   285 I statsd  : Statsd starts to listen to socket.
03-23 10:35:35.268   286   286 I netd    : Creating child chains: 321793us
03-23 10:35:35.268   286   286 I netd    : Setting up OEM hooks: 215us
03-23 10:35:35.268   286   286 I netd    : Setting up FirewallController hooks: 46us
03-23 10:35:35.334   286   286 I netd    : Setting up TetherController hooks: 65978us
03-23 10:35:35.409   286   286 I netd    : Setting up BandwidthController hooks: 74859us
03-23 10:35:35.409   286   286 I netd    : Setting up IdletimerController hooks: 63us
03-23 10:35:37.389   310   310 I HidlServiceManagement: Registered android.hardware.neuralnetworks@1.3::IDevice/nnapi-sample_quant (start delay of 4051ms)
03-23 10:35:37.389   310   310 I HidlServiceManagement: Removing namespace from process name android.hardware.neuralnetworks@1.3-service-sample-quant to neuralnetworks@1.3-service-sample-quant.
03-23 10:35:37.418   309   309 I HidlServiceManagement: Registered android.hardware.neuralnetworks@1.3::IDevice/nnapi-sample_minimal (start delay of 6077ms)
03-23 10:35:37.420   309   309 I HidlServiceManagement: Removing namespace from process name android.hardware.neuralnetworks@1.3-service-sample-minimal to neuralnetworks@1.3-service-sample-minimal.
03-23 10:35:37.520   286   286 I netd    : Setting up StrictController hooks: 2110932us
03-23 10:35:37.520   286   286 I ClatdController: 4.9+ kernel and device shipped with Q+ - clat ebpf should work.
03-23 10:35:37.520   286   286 I netd    : Initializing ClatdController: 202us
03-23 10:35:37.535   286   286 I netd    : Initializing traffic control: 14702us
03-23 10:35:37.582   307   307 I HidlServiceManagement: Registered android.hardware.neuralnetworks@1.3::IDevice/nnapi-sample_float_fast (start delay of 6381ms)
03-23 10:35:37.582   307   307 I HidlServiceManagement: Removing namespace from process name android.hardware.neuralnetworks@1.3-service-sample-float-fast to neuralnetworks@1.3-service-sample-float-fast.
03-23 10:35:37.614   306   306 I HidlServiceManagement: Registered android.hardware.neuralnetworks@1.3::IDevice/nnapi-sample_all (start delay of 6502ms)
03-23 10:35:37.614   306   306 I HidlServiceManagement: Removing namespace from process name android.hardware.neuralnetworks@1.3-service-sample-all to neuralnetworks@1.3-service-sample-all.
03-23 10:35:37.641   286   286 I netd    : Enabling bandwidth control: 105883us
03-23 10:35:37.696   286   286 I netd    : Initializing RouteController: 55627us
03-23 10:35:37.697   286   286 D XfrmController: XfrmController::ipSecAddXfrmInterface, line=1377
03-23 10:35:37.707   286   286 D XfrmController: XfrmController::ipSecRemoveTunnelInterface, line=1590
03-23 10:35:37.707   286   286 D XfrmController: deviceName=ipsec_test
03-23 10:35:37.743   286   286 D XfrmController: Sending Netlink XFRM Message: XFRM_MSG_FLUSHSA
03-23 10:35:37.743   286   286 D XfrmController: Sending Netlink XFRM Message: XFRM_MSG_FLUSHPOLICY
03-23 10:35:37.743   286   286 I netd    : Initializing XfrmController: 46503us
03-23 10:35:37.779   289   289 I HidlServiceManagement: Registered android.hardware.audio.effect@6.0::IEffectsFactory/default (start delay of 7818ms)
03-23 10:35:37.779   289   289 I LegacySupport: Registration complete for android.hardware.audio.effect@6.0::IEffectsFactory/default.
03-23 10:35:37.866   308   308 I HidlServiceManagement: Registered android.hardware.neuralnetworks@1.3::IDevice/nnapi-sample_float_slow (start delay of 6583ms)
03-23 10:35:37.870   308   308 I HidlServiceManagement: Removing namespace from process name android.hardware.neuralnetworks@1.3-service-sample-float-slow to neuralnetworks@1.3-service-sample-float-slow.
03-23 10:35:38.006   296   296 I EmulatedCameraProviderHwlImpl: Create: Created EmulatedCameraProviderHwlImpl
03-23 10:35:38.006   296   296 E GCH_CameraProvider: Initialize: HWL doesn't support vendor buffer allocation Function not implemented(-38)
03-23 10:35:38.016   286   286 I libnetd_resolv: resolv_init: Initializing resolver
03-23 10:35:38.017   296   296 I HidlServiceManagement: Registered android.hardware.camera.provider@2.6::ICameraProvider/internal/0 (start delay of 7886ms)
03-23 10:35:38.017   296   296 I HidlServiceManagement: Removing namespace from process name android.hardware.camera.provider@2.6-service-google to provider@2.6-service-google.
03-23 10:35:38.018   296   296 I LegacySupport: Registration complete for android.hardware.camera.provider@2.6::ICameraProvider/internal/0.
03-23 10:35:38.125   289   289 I HidlServiceManagement: Registered android.hardware.soundtrigger@2.2::ISoundTriggerHw/default (start delay of 8164ms)
03-23 10:35:38.126   289   289 I LegacySupport: Registration complete for android.hardware.soundtrigger@2.2::ISoundTriggerHw/default.
03-23 10:35:38.297   177   177 I hwservicemanager: getTransport: Cannot find entry android.hardware.graphics.mapper@4.0::IMapper/default in either framework or device manifest.
03-23 10:35:38.297   292   292 I Gralloc4: mapper 4.x is not supported
03-23 10:35:38.345   292   292 D HostConnection: createUnique: call
03-23 10:35:38.345   292   292 D HostConnection: HostConnection::get() New Host Connection established 0xf3181430, tid 292
03-23 10:35:38.345   292   292 D goldfish-address-space: allocate: Ask for block of size 0x100
03-23 10:35:38.345   292   292 D goldfish-address-space: allocate: ioctl allocate returned offset 0x3fbffe000 size 0x2000
03-23 10:35:38.392   292   292 D EmulatedCamera_QemuClient: Emulated camera list: name=virtualscene channel=0 pix=876758866 dir=back framedims=640x480,352x288,320x240,176x144,1280x720,1280x960
03-23 10:35:38.451   292   292 I EmulatedCamera_QemuCamera3: Constructing emulated qemu camera 3: ID 0
03-23 10:35:38.455   292   292 I EmulatedCamera_QemuCamera3: parseResolutions: 640x480
03-23 10:35:38.455   292   292 I EmulatedCamera_QemuCamera3: parseResolutions: 352x288
03-23 10:35:38.455   292   292 I EmulatedCamera_QemuCamera3: parseResolutions: 320x240
03-23 10:35:38.455   292   292 I EmulatedCamera_QemuCamera3: parseResolutions: 176x144
03-23 10:35:38.455   292   292 I EmulatedCamera_QemuCamera3: parseResolutions: 1280x720
03-23 10:35:38.455   292   292 I EmulatedCamera_QemuCamera3: parseResolutions: 1280x960
03-23 10:35:38.455   292   292 I EmulatedCamera_QemuCamera3: Camera 0 capabilities:
03-23 10:35:38.455   292   292 I EmulatedCamera_QemuCamera3:   BACKWARD_COMPATIBLE
03-23 10:35:38.471   324   324 I FastMixerState: sMaxFastTracks = 8
03-23 10:35:38.480   292   292 E EmulatedCamera_Factory: 1 cameras are being emulated. 0 of them are fake cameras.
03-23 10:35:38.516   292   383 E EmulatedCamera_HotplugThread: addWatch: Could not add watch for '/data/misc/media/emulator.camera.hotplug.0', error: 'Permission denied' (13)
03-23 10:35:38.527   287   287 D AndroidRuntime: >>>>>> START com.android.internal.os.ZygoteInit uid 0 <<<<<<
03-23 10:35:38.533   292   292 I CamPrvdr@2.4-legacy: Loaded "Emulated Camera Module" camera module
03-23 10:35:38.533   292   292 E CamPrvdr@2.4-legacy: setUpVendorTags: Vendor tag operations not fully defined. Ignoring definitions.
03-23 10:35:38.533   292   292 E CamPrvdr@2.4-legacy: initialize: Vendor tag setup failed, will not be available.
03-23 10:35:38.533   292   292 V EmulatedCamera_BaseCamera: getCameraInfo
03-23 10:35:38.558   292   292 I HidlServiceManagement: Registered android.hardware.camera.provider@2.4::ICameraProvider/legacy/0 (start delay of 8476ms)
03-23 10:35:38.559   292   292 I HidlServiceManagement: Removing namespace from process name android.hardware.camera.provider@2.4-service to provider@2.4-service.
03-23 10:35:38.561   292   292 I LegacySupport: Registration complete for android.hardware.camera.provider@2.4::ICameraProvider/legacy/0.
03-23 10:35:38.570   324   324 V MediaUtils: physMem: 2076872704
03-23 10:35:38.570   324   324 V MediaUtils: requested limit: 415374540
03-23 10:35:38.570   324   324 I libc    : malloc_limit: Allocation limit enabled, max size 415374540 bytes
03-23 10:35:38.693   387   387 I audioserver: ServiceManager: 0xe8a80690
03-23 10:35:38.729   317   317 I HidlServiceManagement: Removing namespace from process name android.hardware.wifi@1.0-service to wifi@1.0-service.
03-23 10:35:38.735   387   387 W BatteryNotifier: batterystats service unavailable!
03-23 10:35:38.813   388   388 I bootstat: Service started: /system/bin/bootstat --set_system_boot_reason 
03-23 10:35:38.821   388   388 I bootstat: Canonical boot reason: reboot
03-23 10:35:38.821   388   388 I bootstat: Canonical boot reason: reboot
03-23 10:35:38.885   388   388 E bootstat: Failed to read /metadata/bootstat/persist.sys.boot.reason: No such file or directory
03-23 10:35:38.885   388   388 I bootstat: Value of persist.sys.boot.reason : 
03-23 10:35:38.885   388   388 I bootstat: Normalized last reboot reason : reboot
03-23 10:35:38.931   388   388 E bootstat: Failed to unlink /metadata/bootstat/persist.sys.boot.reason: No such file or directory
03-23 10:35:39.120   177   177 I hwservicemanager: getTransport: Cannot find entry android.hardware.configstore@1.0::ISurfaceFlingerConfigs/default in either framework or device manifest.
03-23 10:35:39.331   287   287 I AndroidRuntime: Using default boot image
03-23 10:35:39.331   287   287 I AndroidRuntime: Leaving lock profiling enabled
03-23 10:35:39.395   393   393 I perfetto: probes.cc:77            Starting /system/bin/traced_probes service
03-23 10:35:39.468   328   328 I SurfaceFlinger: Using HWComposer service: 'default'
03-23 10:35:39.468   328   328 E SurfaceFlinger: ro.sf.lcd_density must be defined as a build property
03-23 10:35:39.487   287   287 I zygote  : option[0]=-Xzygote
03-23 10:35:39.487   287   287 I zygote  : option[1]=exit
03-23 10:35:39.487   287   287 I zygote  : option[2]=vfprintf
03-23 10:35:39.487   287   287 I zygote  : option[3]=sensitiveThread
03-23 10:35:39.488   287   287 I zygote  : option[4]=-verbose:gc
03-23 10:35:39.488   287   287 I zygote  : option[5]=-XX:PerfettoHprof=true
03-23 10:35:39.488   287   287 I zygote  : option[6]=-Xprimaryzygote
03-23 10:35:39.488   287   287 I zygote  : option[7]=-Xms8m
03-23 10:35:39.488   287   287 I zygote  : option[8]=-Xmx512m
03-23 10:35:39.488   287   287 I zygote  : option[9]=-XX:HeapGrowthLimit=192m
03-23 10:35:39.488   287   287 I zygote  : option[10]=-XX:HeapMinFree=512k
03-23 10:35:39.488   287   287 I zygote  : option[11]=-XX:HeapMaxFree=8m
03-23 10:35:39.488   287   287 I zygote  : option[12]=-XX:HeapTargetUtilization=0.75
03-23 10:35:39.488   287   287 I zygote  : option[13]=-Xusejit:true
03-23 10:35:39.488   287   287 I zygote  : option[14]=-Xjitsaveprofilinginfo
03-23 10:35:39.488   287   287 I zygote  : option[15]=-XjdwpOptions:suspend=n,server=y
03-23 10:35:39.488   287   287 I zygote  : option[16]=-XjdwpProvider:default
03-23 10:35:39.489   287   287 I zygote  : option[17]=-Xopaque-jni-ids:swapable
03-23 10:35:39.489   287   287 I zygote  : option[18]=-Xlockprofthreshold:500
03-23 10:35:39.489   287   287 I zygote  : option[19]=-Xcompiler-option
03-23 10:35:39.489   287   287 I zygote  : option[20]=--instruction-set-variant=x86
03-23 10:35:39.489   287   287 I zygote  : option[21]=-Xcompiler-option
03-23 10:35:39.489   287   287 I zygote  : option[22]=--instruction-set-features=default
03-23 10:35:39.490   287   287 I zygote  : option[23]=-Xcompiler-option
03-23 10:35:39.490   287   287 I zygote  : option[24]=--generate-mini-debug-info
03-23 10:35:39.490   287   287 I zygote  : option[25]=-Ximage-compiler-option
03-23 10:35:39.490   287   287 I zygote  : option[26]=--runtime-arg
03-23 10:35:39.490   287   287 I zygote  : option[27]=-Ximage-compiler-option
03-23 10:35:39.490   287   287 I zygote  : option[28]=-Xms64m
03-23 10:35:39.490   287   287 I zygote  : option[29]=-Ximage-compiler-option
03-23 10:35:39.490   287   287 I zygote  : option[30]=--runtime-arg
03-23 10:35:39.490   287   287 I zygote  : option[31]=-Ximage-compiler-option
03-23 10:35:39.490   287   287 I zygote  : option[32]=-Xmx64m
03-23 10:35:39.492   287   287 I zygote  : option[33]=-Ximage-compiler-option
03-23 10:35:39.492   287   287 I zygote  : option[34]=--dirty-image-objects=/system/etc/dirty-image-objects
03-23 10:35:39.492   287   287 I zygote  : option[35]=-Ximage-compiler-option
03-23 10:35:39.492   287   287 I zygote  : option[36]=--instruction-set-variant=x86
03-23 10:35:39.492   287   287 I zygote  : option[37]=-Ximage-compiler-option
03-23 10:35:39.492   287   287 I zygote  : option[38]=--instruction-set-features=default
03-23 10:35:39.492   287   287 I zygote  : option[39]=-Ximage-compiler-option
03-23 10:35:39.492   287   287 I zygote  : option[40]=--generate-mini-debug-info
03-23 10:35:39.493   287   287 I zygote  : option[41]=-Duser.locale=en-US
03-23 10:35:39.494   287   287 I zygote  : option[42]=-XX:NativeBridge=libndk_translation.so
03-23 10:35:39.494   287   287 I zygote  : option[43]=--cpu-abilist=x86,armeabi-v7a,armeabi
03-23 10:35:39.494   287   287 I zygote  : option[44]=-Xcore-platform-api-policy:just-warn
03-23 10:35:39.494   287   287 I zygote  : option[45]=-Xfingerprint:Android/sdk_phone_x86/generic_x86:11/RSR1.210210.001.A1/7193139:userdebug/dev-keys
03-23 10:35:39.502   394   394 W perfetto: service.cc:97           Started traced, listening on /dev/socket/traced_producer /dev/socket/traced_consumer
03-23 10:35:39.540   328   328 I SurfaceFlinger: SurfaceFlinger is starting
03-23 10:35:39.541   177   177 I hwservicemanager: getTransport: Cannot find entry android.hardware.configstore@1.1::ISurfaceFlingerConfigs/default in either framework or device manifest.
03-23 10:35:39.543   328   328 I SurfaceFlinger: Disabling blur effects, they are not supported.
03-23 10:35:39.543   328   328 I SurfaceFlinger: Treble testing override: 'false'
03-23 10:35:39.675   393   393 I perfetto: probes_producer.cc:100  Connected to the service
03-23 10:35:39.678   328   328 I SurfaceFlinger: SurfaceFlinger's main thread ready to run. Initializing graphics H/W...
03-23 10:35:39.678   328   328 D RenderEngine: RenderEngine GLES Backend
03-23 10:35:39.767   287   287 W zygote  : Could not reserve sentinel fault page
03-23 10:35:39.777   328   328 D libEGL  : loaded /vendor/lib/egl/libEGL_emulation.so
03-23 10:35:39.799   328   328 D libEGL  : loaded /vendor/lib/egl/libGLESv1_CM_emulation.so
03-23 10:35:39.838   328   328 D libEGL  : loaded /vendor/lib/egl/libGLESv2_emulation.so
03-23 10:35:39.838   287   287 I zygote  : Core platform API reporting enabled, enforcing=false
03-23 10:35:39.846   328   328 D HostConnection: HostConnection::get() New Host Connection established 0xf7500da0, tid 328
03-23 10:35:40.130   328   328 D HostConnection: HostComposition ext ANDROID_EMU_CHECKSUM_HELPER_v1 ANDROID_EMU_native_sync_v2 ANDROID_EMU_native_sync_v3 ANDROID_EMU_native_sync_v4 ANDROID_EMU_dma_v1 ANDROID_EMU_direct_mem ANDROID_EMU_host_composition_v1 ANDROID_EMU_host_composition_v2 ANDROID_EMU_vulkan ANDROID_EMU_deferred_vulkan_commands ANDROID_EMU_vulkan_null_optional_strings ANDROID_EMU_vulkan_create_resources_with_requirements ANDROID_EMU_YUV_Cache ANDROID_EMU_vulkan_ignored_handles ANDROID_EMU_has_shared_slots_host_memory_allocator ANDROID_EMU_vulkan_free_memory_sync ANDROID_EMU_vulkan_shader_float16_int8 ANDROID_EMU_vulkan_async_queue_submit ANDROID_EMU_sync_buffer_data ANDROID_EMU_read_color_buffer_dma GL_OES_vertex_array_object GL_KHR_texture_compression_astc_ldr ANDROID_EMU_host_side_tracing ANDROID_EMU_gles_max_version_2 
03-23 10:35:40.169   328   328 I RenderEngine: EGL information:
03-23 10:35:40.169   328   328 I RenderEngine: vendor    : Android
03-23 10:35:40.169   328   328 I RenderEngine: version   : 1.4 Android META-EGL
03-23 10:35:40.169   328   328 I RenderEngine: extensions: EGL_KHR_get_all_proc_addresses EGL_ANDROID_presentation_time EGL_KHR_swap_buffers_with_damage EGL_ANDROID_get_native_client_buffer EGL_ANDROID_front_buffer_auto_refresh EGL_ANDROID_get_frame_timestamps EGL_EXT_surface_SMPTE2086_metadata EGL_EXT_surface_CTA861_3_metadata EGL_KHR_image EGL_KHR_image_base EGL_KHR_gl_texture_2D_image EGL_KHR_fence_sync EGL_ANDROID_image_native_buffer EGL_KHR_wait_sync EGL_ANDROID_recordable 
03-23 10:35:40.169   328   328 I RenderEngine: Client API: OpenGL_ES
03-23 10:35:40.169   328   328 I RenderEngine: EGLSurface: 8-8-8-8, config=0x3
03-23 10:35:40.181   328   328 D EGL_emulation: eglCreateContext: 0xf7500be0: maj 2 min 0 rcv 2
03-23 10:35:40.237   328   328 D EGL_emulation: eglMakeCurrent: 0xf7500be0: ver 2 0 (tinfo 0xf76c0cf0) (first time)
03-23 10:35:40.299   328   328 I RenderEngine: OpenGL ES informations:
03-23 10:35:40.299   328   328 I RenderEngine: vendor    : Google (NVIDIA Corporation)
03-23 10:35:40.299   328   328 I RenderEngine: renderer  : Android Emulator OpenGL ES Translator (NVIDIA GeForce RTX 2060/PCIe/SSE2)
03-23 10:35:40.299   328   328 I RenderEngine: version   : OpenGL ES 2.0 (4.5.0 NVIDIA 471.96)
03-23 10:35:40.299   328   328 I RenderEngine: extensions: GL_EXT_debug_marker GL_EXT_robustness GL_OES_EGL_sync GL_OES_EGL_image GL_OES_EGL_image_external GL_OES_depth24 GL_OES_depth32 GL_OES_element_index_uint GL_OES_texture_float GL_OES_texture_float_linear GL_OES_compressed_ETC1_RGB8_texture GL_OES_depth_texture GL_OES_texture_half_float GL_OES_texture_half_float_linear GL_OES_packed_depth_stencil GL_OES_texture_npot GL_OES_rgb8_rgba8 GL_EXT_color_buffer_half_float GL_EXT_texture_format_BGRA8888 ANDROID_EMU_CHECKSUM_HELPER_v1 ANDROID_EMU_native_sync_v2 ANDROID_EMU_native_sync_v3 ANDROID_EMU_native_sync_v4 ANDROID_EMU_dma_v1 ANDROID_EMU_direct_mem ANDROID_EMU_host_composition_v1 ANDROID_EMU_host_composition_v2 ANDROID_EMU_vulkan ANDROID_EMU_deferred_vulkan_commands ANDROID_EMU_vulkan_null_optional_strings ANDROID_EMU_vulkan_create_resources_with_requirements ANDROID_EMU_YUV_Cache ANDROID_EMU_vulkan_ignored_handles ANDROID_EMU_has_shared_slots_host_memory_allocator ANDROID_EMU_vulkan_free_memory_sync ANDROID_EMU_vulkan_shader_float16_int8 ANDROID_EMU_v
03-23 10:35:40.299   328   328 I RenderEngine: GL_MAX_TEXTURE_SIZE = 32768
03-23 10:35:40.299   328   328 I RenderEngine: GL_MAX_VIEWPORT_DIMS = 32768
03-23 10:35:40.324   177   177 I hwservicemanager: getTransport: Cannot find entry android.hardware.graphics.mapper@4.0::IMapper/default in either framework or device manifest.
03-23 10:35:40.325   304   356 I ComposerResources: failed to get mapper 4.0 service, falling back to mapper 3.0
03-23 10:35:40.330   304   356 D HostConnection: createUnique: call
03-23 10:35:40.330   304   356 D HostConnection: HostConnection::get() New Host Connection established 0xee9c1740, tid 356
03-23 10:35:40.330   304   356 D goldfish-address-space: allocate: Ask for block of size 0x100
03-23 10:35:40.330   304   356 D goldfish-address-space: allocate: ioctl allocate returned offset 0x3fbffe000 size 0x2000
03-23 10:35:40.350   328   328 E HWComposer: loadLayerMetadataSupport: getLayerGenericMetadataKeys failed: UNSUPPORTED (8)
03-23 10:35:40.358   328   328 I HWComposer: Switching to generalized multi-display mode
03-23 10:35:40.358   328   328 E HWComposer: isConnected failed for display 8141603649153536: Invalid display
03-23 10:35:40.404   328   423 W SurfaceFlinger: Ignoring VSYNC request while display is disconnected
03-23 10:35:40.408   328   424 W SurfaceFlinger: Ignoring VSYNC request while display is disconnected
03-23 10:35:40.414   328   328 E HWComposer: getDisplayConnectionType: getDisplayConnectionType failed for display 8141603649153536: Unsupported (8)
03-23 10:35:40.414   328   423 W SurfaceFlinger: Ignoring VSYNC request while display is disconnected
03-23 10:35:40.414   328   423 W SurfaceFlinger: Ignoring VSYNC request while display is disconnected
03-23 10:35:40.480   328   328 I FramebufferSurface: framebuffer size has been limited to [1440x2560] from [1440x2560]
03-23 10:35:40.482   328   328 W HwcComposer: getPerFrameMetadataKeys failed with 8
03-23 10:35:40.608   382   382 I adbd    : Setup mdns on port= 5555
03-23 10:35:40.627   382   429 I adbd    : Waiting for persist.adb.tls_server.enable=1
03-23 10:35:40.648   382   382 I adbd    : adbd listening on tcp:5555
03-23 10:35:40.671   382   382 I adbd    : adbd listening on vsock:5555
03-23 10:35:40.690   328   328 D RenderEngine: shader cache generated - 48 shaders in 164.254089 ms
03-23 10:35:40.703   328   328 I HidlServiceManagement: Registered android.frameworks.displayservice@1.0::IDisplayService/default (start delay of 7692ms)
03-23 10:35:40.707   328   328 D SurfaceFlinger: Setting power mode 2 on display 8141603649153536
03-23 10:35:40.710   328   328 D SurfaceFlinger: Finished setting power mode 2 on display 8141603649153536
03-23 10:35:40.964   387   387 I ServiceManager: Waiting for service 'media.metrics' on '/dev/binder'...
03-23 10:35:41.064   387   387 I ServiceManager: Waiting for service 'media.metrics' on '/dev/binder'...
03-23 10:35:41.089   414   414 V MediaUtils: physMem: 2076872704
03-23 10:35:41.105   414   414 V MediaUtils: requested limit: 134217728
03-23 10:35:41.105   414   414 I libc    : malloc_limit: Allocation limit enabled, max size 134217728 bytes
03-23 10:35:41.165   387   387 I ServiceManager: Waiting for service 'media.metrics' on '/dev/binder'...
03-23 10:35:41.188   414   414 D AudioPowerUsage: AudioPowerUsage
03-23 10:35:41.190   414   414 D AudioAnalytics: AudioAnalytics
03-23 10:35:41.190   414   414 D MediaMetricsService: MediaMetricsService
03-23 10:35:41.226   410   410 I keystore: found android.hardware.keymaster@4.0::IKeymasterDevice with interface name default and seclevel SOFTWARE
03-23 10:35:41.227   177   177 I hwservicemanager: getTransport: Cannot find entry android.hardware.keymaster@3.0::IKeymasterDevice/default in either framework or device manifest.
03-23 10:35:41.227   410   410 W keystore: No secure Keymaster implementation found, but device offers insecure Keymaster HAL. Using as default.
03-23 10:35:41.270   387   387 I AudioFlinger: Using default 3000 mSec as standby time.
03-23 10:35:41.344   414   448 I ServiceManager: Waiting for service 'package_native' on '/dev/binder'...
03-23 10:35:41.545   414   448 I chatty  : uid=1013(media) Binder:414_1 identical 2 lines
03-23 10:35:41.647   414   448 I ServiceManager: Waiting for service 'package_native' on '/dev/binder'...
03-23 10:35:41.721   411   411 V MediaUtils: physMem: 2076872704
03-23 10:35:41.721   411   411 V MediaUtils: requested limit: 415374540
03-23 10:35:41.722   411   411 I libc    : malloc_limit: Allocation limit enabled, max size 415374540 bytes
03-23 10:35:41.751   414   448 I ServiceManager: Waiting for service 'package_native' on '/dev/binder'...
03-23 10:35:43.105   414   448 I chatty  : uid=1013(media) Binder:414_1 identical 4 lines
03-23 10:35:43.323   414   448 I ServiceManager: Waiting for service 'package_native' on '/dev/binder'...
03-23 10:35:43.326   411   411 W mediaextractor: Could not read additional policy file '/vendor/etc/seccomp_policy/mediaextractor.policy'
03-23 10:35:43.328   411   411 W mediaextractor: libminijail[411]: failed to get path of fd 4: No such file or directory
03-23 10:35:43.328   411   411 W mediaextractor: libminijail[411]: allowing syscall: socketcall
03-23 10:35:43.328   411   411 W mediaextractor: libminijail[411]: allowing syscall: writev
03-23 10:35:43.328   411   411 W mediaextractor: libminijail[411]: allowing syscall: fcntl64
03-23 10:35:43.328   411   411 W mediaextractor: libminijail[411]: allowing syscall: clock_gettime
03-23 10:35:43.343   411   411 W mediaextractor: libminijail[411]: logging seccomp filter failures
03-23 10:35:43.452   414   448 I ServiceManager: Waiting for service 'package_native' on '/dev/binder'...
03-23 10:35:43.667   414   448 I ServiceManager: Waiting for service 'package_native' on '/dev/binder'...
03-23 10:35:43.744   382   432 I adbd    : adbd mDNS service _adb._tcp registered: 1
03-23 10:35:43.768   414   448 I ServiceManager: Waiting for service 'package_native' on '/dev/binder'...
03-23 10:35:43.772   177   177 I hwservicemanager: getTransport: Cannot find entry android.hardware.usb.gadget@1.0::IUsbGadget/default in either framework or device manifest.
03-23 10:35:43.775   449   449 I usbd    : Usb HAL not found
03-23 10:35:43.869   414   448 I ServiceManager: Waiting for service 'package_native' on '/dev/binder'...
03-23 10:35:43.887   387   387 E APM::Serializer: deserialize: Could not parse /odm/etc/audio_policy_configuration.xml document.
03-23 10:35:43.970   414   448 I ServiceManager: Waiting for service 'package_native' on '/dev/binder'...
03-23 10:35:44.071   414   448 I ServiceManager: Waiting for service 'package_native' on '/dev/binder'...
03-23 10:35:44.115   387   387 D APM_EngineLoader: Loaded engine from libaudiopolicyenginedefault.so
03-23 10:35:44.115   387   387 E APM::AudioPolicyEngine/Config: parse: Could not parse document /vendor/etc/audio_policy_engine_configuration.xml
03-23 10:35:44.115   387   387 E libxml2 : I/O warning : failed to load external entity "/vendor/etc/audio_policy_engine_configuration.xml"
03-23 10:35:44.115   387   387 W APM::AudioPolicyEngine/Base: loadAudioPolicyEngineConfig: No configuration found, using default matching phone experience.
03-23 10:35:44.118   387   387 E APM::AudioPolicyEngine/Config: parseLegacyVolumeFile: Could not parse document /odm/etc/audio_policy_configuration.xml
03-23 10:35:44.118   387   387 E libxml2 : I/O warning : failed to load external entity "/odm/etc/audio_policy_configuration.xml"
03-23 10:35:44.172   414   448 I ServiceManager: Waiting for service 'package_native' on '/dev/binder'...
03-23 10:35:44.173   452   452 I android.hardware.biometrics.face@1.0-service: BiometricsFace HAL is being started.
03-23 10:35:44.192   445   445 I gatekeeperd: Starting gatekeeperd...
03-23 10:35:44.202   387   387 W APM::AudioPolicyEngine/Base: loadAudioPolicyEngineConfig: No configuration of AUDIO_STREAM_CALL_ASSISTANT found, using default volume configuration
03-23 10:35:44.240   387   387 I AudioFlinger: loadHwModule() Loaded primary audio interface, handle 10
03-23 10:35:44.242   387   387 I AudioFlinger: openOutput() this 0xe5e01330, module 10 Device type:0x2,@:, SamplingRate 44100, Format 0x000001, Channels 0x3, flags 0x2
03-23 10:35:44.247   407   407 I ServiceManager: Waiting for service 'package_native' on '/dev/binder'...
03-23 10:35:44.251   452   452 I HidlServiceManagement: Registered android.hardware.biometrics.face@1.0::IBiometricsFace/default (start delay of 2859ms)
03-23 10:35:44.252   452   452 I HidlServiceManagement: Removing namespace from process name android.hardware.biometrics.face@1.0-service.example to face@1.0-service.example.
03-23 10:35:44.252   452   452 I android.hardware.biometrics.face@1.0-service: BiometricsFace HAL has started successfully.
03-23 10:35:44.273   414   448 I ServiceManager: Waiting for service 'package_native' on '/dev/binder'...
03-23 10:35:44.348   407   407 I ServiceManager: Waiting for service 'package_native' on '/dev/binder'...
03-23 10:35:44.374   414   448 I ServiceManager: Waiting for service 'package_native' on '/dev/binder'...
03-23 10:35:44.429   387   387 I AudioFlinger: HAL output buffer size 976 frames, normal sink buffer size 976 frames
03-23 10:35:44.452   407   407 I ServiceManager: Waiting for service 'package_native' on '/dev/binder'...
03-23 10:35:44.475   414   448 I ServiceManager: Waiting for service 'package_native' on '/dev/binder'...
03-23 10:35:44.553   407   407 I ServiceManager: Waiting for service 'package_native' on '/dev/binder'...
03-23 10:35:44.575   414   448 I ServiceManager: Waiting for service 'package_native' on '/dev/binder'...
03-23 10:35:44.599   453   453 D android.hardware.biometrics.fingerprint@2.1-service: Opening fingerprint hal library...
03-23 10:35:44.618   453   453 D FingerprintHal: ----------------> fingerprint_open ----------------->
03-23 10:35:44.618   453   453 D FingerprintHal: ----------------> set_notify_callback ----------------->
03-23 10:35:44.618   453   453 D FingerprintHal: fingerprint callback notification set
03-23 10:35:44.632   453   460 D FingerprintHal: ----------------> listenerFunction ----------------->
03-23 10:35:44.654   407   407 I ServiceManager: Waiting for service 'package_native' on '/dev/binder'...
03-23 10:35:44.675   414   448 I ServiceManager: Waiting for service 'package_native' on '/dev/binder'...
03-23 10:35:44.677   453   453 I HidlServiceManagement: Registered android.hardware.biometrics.fingerprint@2.1::IBiometricsFingerprint/default (start delay of 935ms)
03-23 10:35:44.689   453   453 I HidlServiceManagement: Removing namespace from process name android.hardware.biometrics.fingerprint@2.1-service to fingerprint@2.1-service.
03-23 10:35:44.738   382   461 I adbd    : host-12: read thread spawning
03-23 10:35:44.741   387   387 I BufferProvider: found effect "Multichannel Downmix To Stereo" from The Android Open Source Project
03-23 10:35:44.741   289   354 E android.hardware.audio.service.ranchu: device/generic/goldfish/audio/stream_out.cpp:setEventCallback:457 failure: Result::NOT_SUPPORTED
03-23 10:35:44.742   387   387 E AudioFlinger: Failed to add event callback
03-23 10:35:44.755   407   407 I ServiceManager: Waiting for service 'package_native' on '/dev/binder'...
03-23 10:35:44.757   289   289 E android.hardware.audio.service.ranchu: device/generic/goldfish/audio/primary_device.cpp:getParameters:234 failure: Result::NOT_SUPPORTED
03-23 10:35:44.764   382   382 I adbd    : host-12: already offline
03-23 10:35:44.766   382   382 I adbd    : authentication not required
03-23 10:35:44.767   387   462 I AudioFlinger: AudioFlinger's thread 0xe84aa030 tid=462 ready to run
03-23 10:35:44.768   387   462 W AudioFlinger: no wake lock to update, system not ready yet
03-23 10:35:44.768   387   462 D AudioFlinger: ro.audio.silent is ignored since no output device is set
03-23 10:35:44.772   289   289 E android.hardware.audio.service.ranchu: device/generic/goldfish/audio/stream_out.cpp:getPresentationPosition:487 failure: Result::NOT_SUPPORTED
03-23 10:35:44.776   414   448 I ServiceManager: Waiting for service 'package_native' on '/dev/binder'...
03-23 10:35:44.780   387   462 W AudioFlinger: no wake lock to update, system not ready yet
03-23 10:35:44.780   387   462 D AudioFlinger: ro.audio.silent is ignored since no output device is set
03-23 10:35:44.781   459   459 I livelock: started
03-23 10:35:44.782   387   387 V APM_AudioPolicyManager: checkAndSetVolume cannot set volume group 4 volume with force use = 0 for comm
03-23 10:35:44.783   382   463 I adbd    : host-12: write thread spawning
03-23 10:35:44.794   459   459 W livelock: [khungtaskd] not configurable
03-23 10:35:44.815   459   459 I livelock: ro.config.low_ram=false
03-23 10:35:44.815   459   459 I livelock: ro.llk.sysrq_t=true
03-23 10:35:44.815   459   459 I livelock: ro.llk.enable=true
03-23 10:35:44.815   459   459 I livelock: ro.khungtask.enable=true
03-23 10:35:44.815   459   459 I livelock: ro.llk.mlockall=true
03-23 10:35:44.815   459   459 I livelock: ro.llk.killtest=true
03-23 10:35:44.815   459   459 I livelock: ro.khungtask.timeout=720s
03-23 10:35:44.815   459   459 I livelock: ro.llk.timeout_ms=600.000s
03-23 10:35:44.815   459   459 I livelock: ro.llk.D.timeout_ms=600.000s
03-23 10:35:44.815   459   459 I livelock: ro.llk.Z.timeout_ms=600.000s
03-23 10:35:44.815   459   459 I livelock: ro.llk.stack.timeout_ms=600.000s
03-23 10:35:44.815   459   459 I livelock: ro.llk.check_ms=120.000s
03-23 10:35:44.815   459   459 I livelock: ro.llk.stack=wait_on_page_bit_killable,bit_wait_io,__get_user_pages,cma_alloc
03-23 10:35:44.815   459   459 I livelock: ro.llk.ignorelist.process.stack=apexd,ueventd,init,keystore,lmkd.llkd,llkd
03-23 10:35:44.815   459   459 I livelock: ro.llk.ignorelist.process=[watchdog/3],[watchdogd/0],[watchdog/1],watchdogd,[watchdogd],[kthreadd],[khungtaskd],lmkd,init,459,[watchdog/2],2,0,1,llkd
03-23 10:35:44.815   459   459 I livelock: ro.llk.ignorelist.parent=[kthreadd],2,0,adbd&[setsid]
03-23 10:35:44.815   459   459 I livelock: ro.llk.ignorelist.uid=
03-23 10:35:44.831   387   387 W AudioFlinger: moveEffects() bad srcOutput 0
03-23 10:35:44.831   387   387 V APM_AudioPolicyManager: selectOutputForMusicEffects selected output 13
03-23 10:35:44.831   387   387 V APM_AudioPolicyManager: setOutputDevices device {type:0x2,@:} delayMs 0
03-23 10:35:44.831   387   387 V APM_AudioPolicyManager: setOutputDevices() prevDevice {type:0x2,@:}
03-23 10:35:44.841   387   387 V APM_AudioPolicyManager: setOutputDevices changing device to {type:0x2,@:}
03-23 10:35:44.856   407   407 I ServiceManager: Waiting for service 'package_native' on '/dev/binder'...
03-23 10:35:44.875   387   387 V APM_AudioPolicyManager: setOutputDevices() AF::createAudioPatch returned 0 patchHandle 12 num_sources 1 num_sinks 1
03-23 10:35:44.877   387   387 V APM_AudioPolicyManager: checkAndSetVolume cannot set volume group 4 volume with force use = 0 for comm
03-23 10:35:44.880   414   448 I ServiceManager: Waiting for service 'package_native' on '/dev/binder'...
03-23 10:35:44.908   387   387 I AudioFlinger: openOutput() this 0xe5e01330, module 10 Device type:0x10000,@:, SamplingRate 44100, Format 0x000001, Channels 0x3, flags 0
03-23 10:35:44.956   387   387 I AudioFlinger: HAL output buffer size 976 frames, normal sink buffer size 976 frames
03-23 10:35:44.957   407   407 I ServiceManager: Waiting for service 'package_native' on '/dev/binder'...
03-23 10:35:44.963   289   289 E android.hardware.audio.service.ranchu: device/generic/goldfish/audio/stream_out.cpp:setEventCallback:457 failure: Result::NOT_SUPPORTED
03-23 10:35:44.963   387   387 E AudioFlinger: Failed to add event callback
03-23 10:35:44.981   414   448 I ServiceManager: Waiting for service 'package_native' on '/dev/binder'...
03-23 10:35:44.985   289   289 E android.hardware.audio.service.ranchu: device/generic/goldfish/audio/primary_device.cpp:getParameters:234 failure: Result::NOT_SUPPORTED
03-23 10:35:45.000   387   465 I AudioFlinger: AudioFlinger's thread 0xe8372030 tid=465 ready to run
03-23 10:35:45.000   387   465 W AudioFlinger: no wake lock to update, system not ready yet
03-23 10:35:45.000   387   465 D AudioFlinger: ro.audio.silent is ignored since no output device is set
03-23 10:35:45.001   289   289 E android.hardware.audio.service.ranchu: device/generic/goldfish/audio/stream_out.cpp:getPresentationPosition:487 failure: Result::NOT_SUPPORTED
03-23 10:35:45.002   387   387 V APM_AudioPolicyManager: checkAndSetVolume cannot set volume group 4 volume with force use = 0 for comm
03-23 10:35:45.002   387   465 W AudioFlinger: no wake lock to update, system not ready yet
03-23 10:35:45.002   387   465 D AudioFlinger: ro.audio.silent is ignored since no output device is set
03-23 10:35:45.003   387   387 V APM_AudioPolicyManager: selectOutputForMusicEffects selected output 13
03-23 10:35:45.003   387   387 V APM_AudioPolicyManager: setOutputDevices device {type:0x10000,@:} delayMs 0
03-23 10:35:45.003   387   387 V APM_AudioPolicyManager: setOutputDevices() prevDevice {type:0x10000,@:}
03-23 10:35:45.003   387   387 V APM_AudioPolicyManager: setOutputDevices changing device to {type:0x10000,@:}
03-23 10:35:45.021   387   387 V APM_AudioPolicyManager: setOutputDevices() AF::createAudioPatch returned 0 patchHandle 20 num_sources 1 num_sinks 1
03-23 10:35:45.021   387   387 V APM_AudioPolicyManager: checkAndSetVolume cannot set volume group 4 volume with force use = 0 for comm
03-23 10:35:45.057   407   407 I ServiceManager: Waiting for service 'package_native' on '/dev/binder'...
03-23 10:35:45.081   414   448 I ServiceManager: Waiting for service 'package_native' on '/dev/binder'...
03-23 10:35:45.096   387   468 I AudioFlinger: AudioFlinger's thread 0xe81b6030 tid=468 ready to run
03-23 10:35:45.096   387   468 W AudioFlinger: no wake lock to update, system not ready yet
03-23 10:35:45.160   407   407 I ServiceManager: Waiting for service 'package_native' on '/dev/binder'...
03-23 10:35:45.183   414   448 I ServiceManager: Waiting for service 'package_native' on '/dev/binder'...
03-23 10:35:45.263   407   407 I ServiceManager: Waiting for service 'package_native' on '/dev/binder'...
03-23 10:35:45.284   414   448 I ServiceManager: Waiting for service 'package_native' on '/dev/binder'...
03-23 10:35:45.287   418   418 I mediaserver: ServiceManager: 0xf5940cf0
03-23 10:35:45.287   387   468 W AudioFlinger: no wake lock to update, system not ready yet
03-23 10:35:45.316   387   471 I AudioFlinger: AudioFlinger's thread 0xe81b6030 tid=471 ready to run
03-23 10:35:45.317   387   471 W AudioFlinger: no wake lock to update, system not ready yet
03-23 10:35:45.318   387   471 W AudioFlinger: no wake lock to update, system not ready yet
03-23 10:35:45.339   387   474 I AudioFlinger: AudioFlinger's thread 0xe81b6030 tid=474 ready to run
03-23 10:35:45.339   387   474 W AudioFlinger: no wake lock to update, system not ready yet
03-23 10:35:45.364   407   407 I ServiceManager: Waiting for service 'package_native' on '/dev/binder'...
03-23 10:35:45.384   414   448 I ServiceManager: Waiting for service 'package_native' on '/dev/binder'...
03-23 10:35:45.388   418   418 D mediaserver: Time zone APEX ICU file found: /apex/com.android.tzdata/etc/icu/icu_tzdata.dat
03-23 10:35:45.434   437   437 I android.hardware.media.omx@1.0-service: mediacodecservice starting
03-23 10:35:45.442   437   437 W android.hardware.media.omx@1.0-service: Could not read additional policy file '/vendor/etc/seccomp_policy/mediacodec.policy'
03-23 10:35:45.449   437   437 W android.hardware.media.omx@1.0-service: libminijail[437]: failed to get path of fd 4: No such file or directory
03-23 10:35:45.449   437   437 W android.hardware.media.omx@1.0-service: libminijail[437]: allowing syscall: socketcall
03-23 10:35:45.449   437   437 W android.hardware.media.omx@1.0-service: libminijail[437]: allowing syscall: writev
03-23 10:35:45.449   437   437 W android.hardware.media.omx@1.0-service: libminijail[437]: allowing syscall: fcntl64
03-23 10:35:45.449   437   437 W android.hardware.media.omx@1.0-service: libminijail[437]: allowing syscall: clock_gettime
03-23 10:35:45.449   437   437 W android.hardware.media.omx@1.0-service: libminijail[437]: compile_file: <fd>(34): nonexistent syscall 'newfstatat'
03-23 10:35:45.464   407   407 I ServiceManager: Waiting for service 'package_native' on '/dev/binder'...
03-23 10:35:45.471   437   437 W android.hardware.media.omx@1.0-service: libminijail[437]: logging seccomp filter failures
03-23 10:35:45.485   414   448 I ServiceManager: Waiting for service 'package_native' on '/dev/binder'...
03-23 10:35:45.531   437   437 D GoldfishOMXPlugin: called createOMXPlugin for Goldfish
03-23 10:35:45.531   437   437 D GoldfishOMXPlugin: useAndroidGoldfishComponentInstance 73 found prop ro.kernel.qemu.hwcodec.vpxdec val 2
03-23 10:35:45.531   437   437 D GoldfishOMXPlugin: found and use kComponents[i].name OMX.android.goldfish.vp8.decoder
03-23 10:35:45.531   437   437 D GoldfishOMXPlugin: useAndroidGoldfishComponentInstance 73 found prop ro.kernel.qemu.hwcodec.vpxdec val 2
03-23 10:35:45.531   437   437 D GoldfishOMXPlugin: found and use kComponents[i].name OMX.android.goldfish.vp9.decoder
03-23 10:35:45.531   437   437 D GoldfishOMXPlugin: useAndroidGoldfishComponentInstance 73 found prop ro.kernel.qemu.hwcodec.avcdec val 2
03-23 10:35:45.531   437   437 D GoldfishOMXPlugin: found and use kComponents[i].name OMX.android.goldfish.h264.decoder
03-23 10:35:45.531   437   437 D GoldfishOMXPlugin: enumerate OMX.android.goldfish.vp8.decoder component
03-23 10:35:45.531   437   437 D GoldfishOMXPlugin: enumerate OMX.android.goldfish.vp9.decoder component
03-23 10:35:45.531   437   437 D GoldfishOMXPlugin: enumerate OMX.android.goldfish.h264.decoder component
03-23 10:35:45.533   387   474 W AudioFlinger: no wake lock to update, system not ready yet
03-23 10:35:45.565   407   407 I ServiceManager: Waiting for service 'package_native' on '/dev/binder'...
03-23 10:35:45.586   414   448 I ServiceManager: Waiting for service 'package_native' on '/dev/binder'...
03-23 10:35:45.606   289   289 I r_submix: adev_open(name=audio_hw_if)
03-23 10:35:45.616   418   418 D mediaserver: I18n APEX ICU file found: /apex/com.android.i18n/etc/icu/icudt66l.dat
03-23 10:35:45.629   437   437 I SoftOMXPlugin: createOMXPlugin
03-23 10:35:45.630   437   437 D MediaCodecsXmlParser: parsing /vendor/etc/media_codecs.xml...
03-23 10:35:45.639   437   437 D MediaCodecsXmlParser: Ignoring unrecognized tag <MediaCodec> at line 85 of /vendor/etc/media_codecs.xml
03-23 10:35:45.639   437   437 D MediaCodecsXmlParser: Ignoring unrecognized tag <MediaCodec> at line 88 of /vendor/etc/media_codecs.xml
03-23 10:35:45.639   437   437 D MediaCodecsXmlParser: Ignoring unrecognized tag <MediaCodec> at line 91 of /vendor/etc/media_codecs.xml
03-23 10:35:45.639   437   437 D MediaCodecsXmlParser: parsing /vendor/etc/media_codecs_google_audio.xml...
03-23 10:35:45.662   437   437 D MediaCodecsXmlParser: parsing /vendor/etc/media_codecs_google_telephony.xml...
03-23 10:35:45.668   407   407 I ServiceManager: Waiting for service 'package_native' on '/dev/binder'...
03-23 10:35:45.668   437   437 D MediaCodecsXmlParser: parsing /vendor/etc/media_codecs_google_video.xml...
03-23 10:35:45.674   289   289 I r_submix: adev_init_check()
03-23 10:35:45.674   437   437 D MediaCodecsXmlParser: parsing /vendor/etc/media_codecs_performance.xml...
03-23 10:35:45.676   387   387 I AudioFlinger: loadHwModule() Loaded r_submix audio interface, handle 18
03-23 10:35:45.677   289   289 D r_submix: adev_open_input_stream(addr=0)
03-23 10:35:45.677   289   289 D r_submix: submix_audio_device_create_pipe_l(addr=0, idx=9)
03-23 10:35:45.677   289   289 D r_submix:   now using address 0 for route 9
